2020-02-21 18:12:16.905 677-1103/? W/hwcomposer: setGpuFreqBoost:155: boostGpuFreq succ !
2020-02-21 18:12:16.905 634-26257/? W/res_mkquery: res_nmkquery: (QUERY, IN, A)
2020-02-21 18:12:16.905 634-26257/? W/res_send: res_nsend
2020-02-21 18:12:16.905 634-26257/? W/res_cache: _resolv_cache_lookup: lookup
2020-02-21 18:12:16.905 634-26257/? E/ResolverController: No valid NAT64 prefix (820, <unspecified>/0)
2020-02-21 18:12:17.283 677-1103/? W/hwcomposer: setGpuFreqBoost:160: boostGpuFreq release !
2020-02-21 18:12:17.404 677-1103/? W/hwcomposer: setGpuFreqBoost:155: boostGpuFreq succ !
2020-02-21 18:12:17.782 677-1103/? W/hwcomposer: setGpuFreqBoost:160: boostGpuFreq release !
2020-02-21 18:12:17.905 677-1103/? W/hwcomposer: setGpuFreqBoost:155: boostGpuFreq succ !
2020-02-21 18:12:17.998 677-1103/? W/hwcomposer: setGpuFreqBoost:160: boostGpuFreq release !
2020-02-21 18:12:18.000 9354-9354/? W/adbd: timeout expired while flushing socket, closing
2020-02-21 18:12:18.057 1417-1844/system_process I/TrafficMonitor: update:rxPkts:14,txPkts:18,rxBytes:4137,txBytes:4275
2020-02-21 18:12:18.057 1417-1844/system_process I/TrafficMonitor: start expired. level:-1
2020-02-21 18:12:18.058 1417-1844/system_process I/TrafficMonitor: gettimer:interval=2000
2020-02-21 18:12:18.119 677-1103/? W/hwcomposer: setGpuFreqBoost:155: boostGpuFreq succ !
2020-02-21 18:12:18.282 677-1103/? W/hwcomposer: setGpuFreqBoost:160: boostGpuFreq release !
2020-02-21 18:12:18.403 677-1103/? W/hwcomposer: setGpuFreqBoost:155: boostGpuFreq succ !
2020-02-21 18:12:18.531 796-796/? I/aptouch_daemon: check_afe_status, idle out.
2020-02-21 18:12:18.549 796-796/? I/aptouch_daemon: print_log, touch:1, down:1 (+0)
2020-02-21 18:12:18.549 1417-1818/system_process D/libfingersense_wrapper: Calling fingersense_classify_touch()
2020-02-21 18:12:18.553 1417-1818/system_process D/libfingersense_wrapper: fingersense_classify_touch() finished
2020-02-21 18:12:18.597 796-796/? I/aptouch_daemon: print_log, touch:0, down:0 
2020-02-21 18:12:18.599 24731-24731/com.docin.zlibrary.ui.android V/AudioManager: querySoundEffectsEnabled...
2020-02-21 18:12:18.605 24731-25459/com.docin.zlibrary.ui.android D/testPdfOpen: text: 苏州, page: 3
2020-02-21 18:12:18.605 24731-25459/com.docin.zlibrary.ui.android I/libmupdf: Native fun hksearch
2020-02-21 18:12:18.604 24731-24731/com.docin.zlibrary.ui.android W/com.huawei.fastapp: type=1400 audit(0.0:32480599): avc: granted { read } for pid=24731 comm=4173796E635461736B202335 name="page-3.docin" dev="sdcardfs" ino=323762 scontext=u:r:untrusted_app_27:s0:c512,c768 tcontext=u:object_r:sdcardfs:s0 tclass=file
2020-02-21 18:12:18.604 24731-24731/com.docin.zlibrary.ui.android W/com.huawei.fastapp: type=1400 audit(0.0:32480600): avc: granted { read open } for pid=24731 comm=4173796E635461736B202335 path="/storage/emulated/0/DocIn/BookShelf/Books/1722027697/page-3.docin" dev="sdcardfs" ino=323762 scontext=u:r:untrusted_app_27:s0:c512,c768 tcontext=u:object_r:sdcardfs:s0 tclass=file
2020-02-21 18:12:18.608 47-47/? W/migration/6: type=1400 audit(0.0:32480601): avc: granted { setsched } for pid=47 scontext=u:r:kernel:s0 tcontext=u:r:kernel:s0 tclass=process
2020-02-21 18:12:18.612 53-53/? W/migration/7: type=1400 audit(0.0:32480602): avc: granted { setsched } for pid=53 scontext=u:r:kernel:s0 tcontext=u:r:kernel:s0 tclass=process
2020-02-21 18:12:18.645 24731-25459/com.docin.zlibrary.ui.android I/libmupdf: Native fun finish
2020-02-21 18:12:18.645 24731-25459/com.docin.zlibrary.ui.android D/testPdfOpen: searchRects: 1
2020-02-21 18:12:18.645 24731-25459/com.docin.zlibrary.ui.android D/testPdfOpen: count: 1
2020-02-21 18:12:18.665 24731-24731/com.docin.zlibrary.ui.android D/testPdfOpen: PageView->setPage=3, size=PointF(1191.0, 1684.0)
2020-02-21 18:12:18.666 1417-3003/system_process E/WifiService: enforceCanAccessScanResults: hiding ssid and bssidUID 10221 has no location permission
2020-02-21 18:12:18.670 24731-25457/com.docin.zlibrary.ui.android I/libmupdf: PageWidth=1191
2020-02-21 18:12:18.670 24731-25457/com.docin.zlibrary.ui.android I/libmupdf: PageHeight=1684
2020-02-21 18:12:18.670 24731-25457/com.docin.zlibrary.ui.android I/libmupdf: In native method
2020-02-21 18:12:18.670 24731-25457/com.docin.zlibrary.ui.android I/libmupdf: Checking format
2020-02-21 18:12:18.670 24731-25457/com.docin.zlibrary.ui.android I/libmupdf: locking pixels
2020-02-21 18:12:18.670 24731-25457/com.docin.zlibrary.ui.android I/libmupdf: Rendering page(3)=1080x1527 patch=[0,0,1080,1527]
2020-02-21 18:12:18.670 24731-24731/com.docin.zlibrary.ui.android D/testPdfOpen: PageView->setPage=2, size=PointF(1191.0, 1684.0)
2020-02-21 18:12:18.671 1417-3003/system_process E/WifiService: enforceCanAccessScanResults: hiding ssid and bssidUID 10221 has no location permission
2020-02-21 18:12:18.741 24731-25457/com.docin.zlibrary.ui.android I/libmupdf: Rendered
2020-02-21 18:12:18.742 24731-25456/com.docin.zlibrary.ui.android I/libmupdf: PageWidth=1191
2020-02-21 18:12:18.742 24731-25456/com.docin.zlibrary.ui.android I/libmupdf: PageHeight=1684
2020-02-21 18:12:18.742 24731-24731/com.docin.zlibrary.ui.android D/testPdfOpen: 文件1722027697 存在直接加载...4
2020-02-21 18:12:18.742 24731-25456/com.docin.zlibrary.ui.android I/libmupdf: In native method
2020-02-21 18:12:18.742 24731-25456/com.docin.zlibrary.ui.android I/libmupdf: Checking format
2020-02-21 18:12:18.742 24731-25456/com.docin.zlibrary.ui.android I/libmupdf: locking pixels
2020-02-21 18:12:18.742 24731-25456/com.docin.zlibrary.ui.android I/libmupdf: Rendering page(2)=1080x1527 patch=[0,0,1080,1527]
2020-02-21 18:12:18.807 13118-26265/? I/HWBR-O-0111|AdBlockImpl: onUrlRequested ...
2020-02-21 18:12:18.821 24731-25456/com.docin.zlibrary.ui.android I/libmupdf: Rendered
2020-02-21 18:12:18.821 24731-25459/com.docin.zlibrary.ui.android I/libmupdf: Drop page 1
2020-02-21 18:12:18.824 24731-24731/com.docin.zlibrary.ui.android I/HwViewRootImpl: removeInvalidNode all the node in jank list is out of time
2020-02-21 18:12:18.825 24731-25459/com.docin.zlibrary.ui.android I/libmupdf: Goto page 4...
2020-02-21 18:12:18.825 24731-25459/com.docin.zlibrary.ui.android I/libmupdf: Load page 4
2020-02-21 18:12:18.824 24731-24731/com.docin.zlibrary.ui.android W/com.huawei.fastapp: type=1400 audit(0.0:32480603): avc: granted { read } for pid=24731 comm=4173796E635461736B202335 name="page-4.docin" dev="sdcardfs" ino=318367 scontext=u:r:untrusted_app_27:s0:c512,c768 tcontext=u:object_r:sdcardfs:s0 tclass=file
2020-02-21 18:12:18.824 24731-24731/com.docin.zlibrary.ui.android W/com.huawei.fastapp: type=1400 audit(0.0:32480604): avc: granted { read open } for pid=24731 comm=4173796E635461736B202335 path="/storage/emulated/0/DocIn/BookShelf/Books/1722027697/page-4.docin" dev="sdcardfs" ino=318367 scontext=u:r:untrusted_app_27:s0:c512,c768 tcontext=u:object_r:sdcardfs:s0 tclass=file
2020-02-21 18:12:18.831 677-1103/? W/hwcomposer: setGpuFreqBoost:160: boostGpuFreq release !
2020-02-21 18:12:18.833 2355-2355/? E/HwModemCapability: isCapabilitySupport java.lang.StringIndexOutOfBoundsException: length=7; index=7
2020-02-21 18:12:18.836 1417-3003/system_process E/HwModemCapability: isCapabilitySupport java.lang.StringIndexOutOfBoundsException: unknown reason
2020-02-21 18:12:18.837 1417-1417/system_process I/MQoS: onSignal: mSubId=0,currDataSubID=0
2020-02-21 18:12:18.837 7744-7744/? E/HwModemCapability: isCapabilitySupport java.lang.StringIndexOutOfBoundsException: length=7; index=7
2020-02-21 18:12:18.837 1417-1417/system_process E/HwModemCapability: isCapabilitySupport java.lang.StringIndexOutOfBoundsException: unknown reason
2020-02-21 18:12:18.837 1417-1417/system_process I/MQoS: received cell-signal:3
2020-02-21 18:12:18.837 1989-2135/? E/HwModemCapability: isCapabilitySupport java.lang.StringIndexOutOfBoundsException: length=7; index=7
2020-02-21 18:12:18.837 1989-2135/? I/chatty: uid=10032(com.huawei.desktop.systemui) SysUiBg identical 1 line
2020-02-21 18:12:18.838 1989-2135/? E/HwModemCapability: isCapabilitySupport java.lang.StringIndexOutOfBoundsException: length=7; index=7
2020-02-21 18:12:18.838 2339-3579/? E/HwModemCapability: isCapabilitySupport java.lang.StringIndexOutOfBoundsException: length=7; index=7
2020-02-21 18:12:18.838 2270-2270/? E/HwModemCapability: isCapabilitySupport java.lang.StringIndexOutOfBoundsException: length=7; index=7
2020-02-21 18:12:18.838 2270-2270/? I/chatty: uid=1000(system) com.huawei.hiview identical 2 lines
2020-02-21 18:12:18.839 2270-2270/? E/HwModemCapability: isCapabilitySupport java.lang.StringIndexOutOfBoundsException: length=7; index=7
2020-02-21 18:12:18.839 2270-2629/? E/HwModemCapability: isCapabilitySupport java.lang.StringIndexOutOfBoundsException: length=7; index=7
2020-02-21 18:12:18.839 2270-2270/? E/HwModemCapability: isCapabilitySupport java.lang.StringIndexOutOfBoundsException: length=7; index=7
2020-02-21 18:12:18.840 2270-2270/? I/chatty: uid=1000(system) com.huawei.hiview identical 8 lines
2020-02-21 18:12:18.840 2270-2270/? E/HwModemCapability: isCapabilitySupport java.lang.StringIndexOutOfBoundsException: length=7; index=7
2020-02-21 18:12:18.840 2302-3053/? E/HwModemCapability: isCapabilitySupport java.lang.StringIndexOutOfBoundsException: length=7; index=7
2020-02-21 18:12:18.840 2302-3053/? D/DaemonMessageAdapter: onMobileSignalStrengthChanged, slotId: 0, signalStrength: SignalStrength:{mCdma=CellSignalStrengthCdma: cdmaDbm=2147483647 cdmaEcio=2147483647 evdoDbm=2147483647 evdoEcio=2147483647 evdoSnr=2147483647 level=0 mLevelHw=0 phoneId=0,mGsm=CellSignalStrengthGsm: rssi=2147483647 ber=2147483647 mTa=2147483647 mLevel=0 mLevelHw = 0 phoneId=0,mWcdma=CellSignalStrengthWcdma: ss=2147483647 ber=2147483647 rscp=2147483647 ecno=2147483647 level=0 levelHw=0 ecio=2147483647 mPhoneId=0,mTdscdma=CellSignalStrengthTdscdma: rssi=2147483647 ber=2147483647 rscp=2147483647 level=0 mPhoneId=0,mLte=CellSignalStrengthLte: rssi=13 rsrp=-111 rsrq=-9 rssnr=1 cqi=2147483647 ta=2147483647 level=1 levelHw=2 mIsCdma=false mPhoneId=0,mNr=CellSignalStrengthNr:{ csiRsrp = 2147483647 csiRsrq = 2147483647 csiSinr = 2147483647 ssRsrp = 2147483647 ssRsrq = 2147483647 ssSinr = 2147483647 level = 0 levelHw =0 },primary=CellSignalStrengthLte}
2020-02-21 18:12:18.840 2302-3053/? E/HwModemCapability: isCapabilitySupport java.lang.StringIndexOutOfBoundsException: length=7; index=7
2020-02-21 18:12:18.840 2270-2270/? E/HwModemCapability: isCapabilitySupport java.lang.StringIndexOutOfBoundsException: length=7; index=7
2020-02-21 18:12:18.840 2302-3053/? D/DaemonMessageAdapter: SignalStrength update result, ss: SignalStrengthInfo: 169426846 mGsmSignalStrength: 2147483647 mWcdmaRscp: 2147483647 mWcdmaEcio: 2147483647 mLteRsrp: -111 mLteRsrq: -9 mCdmaDbm: 2147483647 mCdmaEcio: 2147483647 mEvdoDbm: 2147483647 mEvdoEcio: 2147483647 mLteRssnr: 1
2020-02-21 18:12:18.840 2302-3053/? D/Hicom_PolicyCenterService: policencenterservice receive handleMessage: 101
2020-02-21 18:12:18.841 2270-2270/? E/HwModemCapability: isCapabilitySupport java.lang.StringIndexOutOfBoundsException: length=7; index=7
2020-02-21 18:12:18.841 2270-2270/? E/HwModemCapability: isCapabilitySupport java.lang.StringIndexOutOfBoundsException: length=7; index=7
2020-02-21 18:12:18.841 2302-2302/? I/OllieUtils: getNetworkTypeBySubId, nsaState is 1, isDataInService is true
2020-02-21 18:12:18.841 2270-2270/? E/HwModemCapability: isCapabilitySupport java.lang.StringIndexOutOfBoundsException: length=7; index=7
2020-02-21 18:12:18.841 1417-10287/system_process D/HwConnectivityServiceEx: set cache by key is 1000 interfaceName iswlan0 value is false
2020-02-21 18:12:18.843 2270-2270/? I/chatty: uid=1000(system) com.huawei.hiview identical 11 lines
2020-02-21 18:12:18.843 2270-2270/? E/HwModemCapability: isCapabilitySupport java.lang.StringIndexOutOfBoundsException: length=7; index=7
2020-02-21 18:12:18.843 2302-2302/? E/HwModemCapability: isCapabilitySupport java.lang.StringIndexOutOfBoundsException: length=7; index=7
2020-02-21 18:12:18.843 2302-2302/? E/HwModemCapability: isCapabilitySupport java.lang.StringIndexOutOfBoundsException: length=7; index=7
2020-02-21 18:12:18.844 2302-3053/? D/Hicom_SmartNetStateUtils: isSmartNetEnabled total_switch:1
2020-02-21 18:12:18.844 2302-2549/? I/HidataAppQoeP: handleStateChanged reason=6
2020-02-21 18:12:18.846 1989-2118/? E/HwModemCapability: isCapabilitySupport java.lang.StringIndexOutOfBoundsException: length=7; index=7
2020-02-21 18:12:18.847 1989-1989/? E/HwModemCapability: isCapabilitySupport java.lang.StringIndexOutOfBoundsException: length=7; index=7
2020-02-21 18:12:18.848 2302-3053/? D/Hicom_SmartNetStateUtils: isAppUserEnabled com.huawei.appmarketswitch:0
2020-02-21 18:12:18.848 2302-3053/? D/Hicom_SmartNetStateUtils: isAppUserEnabled com.huawei.appmarketswitch:0
2020-02-21 18:12:18.848 2302-3053/? D/Hicom_MpFlowDecisionSystem: com.huawei.appmarket is not enabled by user
2020-02-21 18:12:18.848 2302-3053/? W/Hicom_MpFlowDecisionSystem: startMpFlow: current app is not allowed to use MPFlow
2020-02-21 18:12:18.849 2302-2549/? I/PreDnsQuery: handleStateChanged reason=6
2020-02-21 18:12:18.851 2302-2549/? I/BrowserChrP: handleStateChanged
2020-02-21 18:12:18.851 2270-2270/? E/HwModemCapability: isCapabilitySupport java.lang.StringIndexOutOfBoundsException: length=7; index=7
2020-02-21 18:12:18.854 2270-2270/? I/chatty: uid=1000(system) com.huawei.hiview identical 16 lines
2020-02-21 18:12:18.854 2270-2270/? E/HwModemCapability: isCapabilitySupport java.lang.StringIndexOutOfBoundsException: length=7; index=7
2020-02-21 18:12:18.858 24731-25459/com.docin.zlibrary.ui.android I/libmupdf: PageWidth=1191
2020-02-21 18:12:18.858 24731-25459/com.docin.zlibrary.ui.android I/libmupdf: PageHeight=1684
2020-02-21 18:12:18.859 24731-24731/com.docin.zlibrary.ui.android D/testPdfOpen: PageView->setPage=4, size=PointF(1191.0, 1684.0)
2020-02-21 18:12:18.859 1417-3003/system_process E/WifiService: enforceCanAccessScanResults: hiding ssid and bssidUID 10221 has no location permission
2020-02-21 18:12:18.862 24731-25458/com.docin.zlibrary.ui.android I/libmupdf: PageWidth=1191
2020-02-21 18:12:18.862 24731-25458/com.docin.zlibrary.ui.android I/libmupdf: PageHeight=1684
2020-02-21 18:12:18.862 24731-25458/com.docin.zlibrary.ui.android I/libmupdf: In native method
2020-02-21 18:12:18.862 24731-25458/com.docin.zlibrary.ui.android I/libmupdf: Checking format
2020-02-21 18:12:18.862 24731-25458/com.docin.zlibrary.ui.android I/libmupdf: locking pixels
2020-02-21 18:12:18.862 24731-25458/com.docin.zlibrary.ui.android I/libmupdf: Rendering page(4)=1080x1527 patch=[0,0,1080,1527]
2020-02-21 18:12:18.886 867-1002/? W/ScreemCommon: processEntry, not beta version or commercial log off
2020-02-21 18:12:18.942 24731-25458/com.docin.zlibrary.ui.android I/libmupdf: Rendered
2020-02-21 18:12:19.048 53-53/? W/migration/7: type=1400 audit(0.0:32480605): avc: granted { setsched } for pid=53 scontext=u:r:kernel:s0 tcontext=u:r:kernel:s0 tclass=process
2020-02-21 18:12:19.084 677-1103/? W/hwcomposer: setGpuFreqBoost:155: boostGpuFreq succ !
2020-02-21 18:12:19.175 796-796/? E/aptouch_daemon: update_frame, thp_afe_get_frame return nullptr
2020-02-21 18:12:19.197 796-796/? I/aptouch_daemon: check_afe_status, idle in. 300
2020-02-21 18:12:19.364 677-1103/? W/hwcomposer: setGpuFreqBoost:160: boostGpuFreq release !
2020-02-21 18:12:19.397 796-796/? I/aptouch_daemon: check_afe_status, idle out.
2020-02-21 18:12:19.414 796-796/? I/aptouch_daemon: print_log, touch:1, down:1 (+0)
2020-02-21 18:12:19.415 1417-1818/system_process D/libfingersense_wrapper: Calling fingersense_classify_touch()
2020-02-21 18:12:19.417 1417-1818/system_process D/libfingersense_wrapper: fingersense_classify_touch() finished
2020-02-21 18:12:19.455 796-796/? I/aptouch_daemon: print_log, touch:0, down:0 
2020-02-21 18:12:19.457 24731-24731/com.docin.zlibrary.ui.android V/AudioManager: querySoundEffectsEnabled...
2020-02-21 18:12:19.459 24731-25459/com.docin.zlibrary.ui.android D/testPdfOpen: text: 苏州, page: 4
2020-02-21 18:12:19.459 24731-25459/com.docin.zlibrary.ui.android I/libmupdf: Native fun hksearch
2020-02-21 18:12:19.466 713-713/? E/WifiHAL: enter wifi_get_link_stats
2020-02-21 18:12:19.475 1417-1845/system_process E/WificondControl: Noise: 0, Snr: -78, Chload: 127
2020-02-21 18:12:19.476 1417-1845/system_process V/HwWifiServiceFactory: get AllImpl object = com.android.server.wifi.HwWifiServiceFactoryImpl@8180053
2020-02-21 18:12:19.480 1417-1845/system_process D/TelephonyManager: getAllCellInfo calling app is android
2020-02-21 18:12:19.480 2355-3779/? W/PhoneInterfaceManager: shouldBlockLocation running ...
2020-02-21 18:12:19.480 2355-3779/? I/PhoneInterfaceManager: shouldBlockLocation  ret:false
2020-02-21 18:12:19.484 677-1103/? W/hwcomposer: setGpuFreqBoost:155: boostGpuFreq succ !
2020-02-21 18:12:19.497 24731-25459/com.docin.zlibrary.ui.android I/libmupdf: Native fun finish
2020-02-21 18:12:19.497 24731-25459/com.docin.zlibrary.ui.android D/testPdfOpen: searchRects: 0
2020-02-21 18:12:19.497 24731-25459/com.docin.zlibrary.ui.android D/testPdfOpen: count: 0
2020-02-21 18:12:19.497 24731-25459/com.docin.zlibrary.ui.android D/testPdfOpen: text: 苏州, page: 5
2020-02-21 18:12:19.497 24731-25459/com.docin.zlibrary.ui.android I/libmupdf: Native fun hksearch
2020-02-21 18:12:19.533 24731-25459/com.docin.zlibrary.ui.android I/libmupdf: Native fun finish
2020-02-21 18:12:19.533 24731-25459/com.docin.zlibrary.ui.android D/testPdfOpen: searchRects: 3
2020-02-21 18:12:19.533 24731-25459/com.docin.zlibrary.ui.android D/testPdfOpen: count: 3
2020-02-21 18:12:19.550 24731-24731/com.docin.zlibrary.ui.android D/testPdfOpen: 文件1722027697 存在直接加载...5
2020-02-21 18:12:19.551 24731-25454/com.docin.zlibrary.ui.android I/libmupdf: Drop page 2
2020-02-21 18:12:19.551 24731-24731/com.docin.zlibrary.ui.android D/testPdfOpen: PageView->setPage=4, size=PointF(1191.0, 1684.0)
2020-02-21 18:12:19.552 1417-3003/system_process E/WifiService: enforceCanAccessScanResults: hiding ssid and bssidUID 10221 has no location permission
2020-02-21 18:12:19.552 24731-25454/com.docin.zlibrary.ui.android I/libmupdf: Goto page 5...
2020-02-21 18:12:19.552 24731-25454/com.docin.zlibrary.ui.android I/libmupdf: Load page 5
2020-02-21 18:12:19.584 24731-25454/com.docin.zlibrary.ui.android I/libmupdf: PageWidth=1191
2020-02-21 18:12:19.584 24731-25454/com.docin.zlibrary.ui.android I/libmupdf: PageHeight=1684
2020-02-21 18:12:19.585 24731-25459/com.docin.zlibrary.ui.android I/libmupdf: PageWidth=1191
2020-02-21 18:12:19.585 24731-25459/com.docin.zlibrary.ui.android I/libmupdf: PageHeight=1684
2020-02-21 18:12:19.585 24731-25459/com.docin.zlibrary.ui.android I/libmupdf: In native method
2020-02-21 18:12:19.585 24731-25459/com.docin.zlibrary.ui.android I/libmupdf: Checking format
2020-02-21 18:12:19.585 24731-25459/com.docin.zlibrary.ui.android I/libmupdf: locking pixels
2020-02-21 18:12:19.586 24731-25459/com.docin.zlibrary.ui.android I/libmupdf: Rendering page(4)=1080x1527 patch=[0,0,1080,1527]
2020-02-21 18:12:19.586 24731-24731/com.docin.zlibrary.ui.android D/testPdfOpen: 文件1722027697 存在直接加载...6
2020-02-21 18:12:19.601 24731-24731/com.docin.zlibrary.ui.android D/testPdfOpen: PageView->setPage=5, size=PointF(1191.0, 1684.0)
2020-02-21 18:12:19.602 1417-3003/system_process E/WifiService: enforceCanAccessScanResults: hiding ssid and bssidUID 10221 has no location permission
2020-02-21 18:12:19.614 677-1103/? W/hwcomposer: setGpuFreqBoost:160: boostGpuFreq release !
2020-02-21 18:12:19.638 24731-25459/com.docin.zlibrary.ui.android I/libmupdf: Rendered
2020-02-21 18:12:19.638 24731-25459/com.docin.zlibrary.ui.android I/libmupdf: Drop page 3
2020-02-21 18:12:19.639 24731-25459/com.docin.zlibrary.ui.android I/libmupdf: Goto page 6...
2020-02-21 18:12:19.639 24731-25459/com.docin.zlibrary.ui.android I/libmupdf: Load page 6
2020-02-21 18:12:19.636 24731-24731/com.docin.zlibrary.ui.android W/com.huawei.fastapp: type=1400 audit(0.0:32480615): avc: granted { read } for pid=24731 comm=4173796E635461736B202335 name="page-6.docin" dev="sdcardfs" ino=273685 scontext=u:r:untrusted_app_27:s0:c512,c768 tcontext=u:object_r:sdcardfs:s0 tclass=file
2020-02-21 18:12:19.673 24731-25459/com.docin.zlibrary.ui.android I/libmupdf: PageWidth=1191
2020-02-21 18:12:19.673 24731-25459/com.docin.zlibrary.ui.android I/libmupdf: PageHeight=1684
2020-02-21 18:12:19.673 24731-25456/com.docin.zlibrary.ui.android I/libmupdf: PageWidth=1191
2020-02-21 18:12:19.673 24731-25456/com.docin.zlibrary.ui.android I/libmupdf: PageHeight=1684
2020-02-21 18:12:19.673 24731-25456/com.docin.zlibrary.ui.android I/libmupdf: In native method
2020-02-21 18:12:19.673 24731-25456/com.docin.zlibrary.ui.android I/libmupdf: Checking format
2020-02-21 18:12:19.673 24731-25456/com.docin.zlibrary.ui.android I/libmupdf: locking pixels
2020-02-21 18:12:19.673 24731-25456/com.docin.zlibrary.ui.android I/libmupdf: Rendering page(5)=1080x1527 patch=[0,0,1080,1527]
2020-02-21 18:12:19.749 677-1103/? W/hwcomposer: setGpuFreqBoost:155: boostGpuFreq succ !
2020-02-21 18:12:19.762 24731-25456/com.docin.zlibrary.ui.android I/libmupdf: Rendered
2020-02-21 18:12:19.764 24731-24731/com.docin.zlibrary.ui.android D/testPdfOpen: PageView->setPage=6, size=PointF(1191.0, 1684.0)
2020-02-21 18:12:19.765 1417-3003/system_process E/WifiService: enforceCanAccessScanResults: hiding ssid and bssidUID 10221 has no location permission
2020-02-21 18:12:19.768 24731-25457/com.docin.zlibrary.ui.android I/libmupdf: PageWidth=1191
2020-02-21 18:12:19.768 24731-25457/com.docin.zlibrary.ui.android I/libmupdf: PageHeight=1684
2020-02-21 18:12:19.768 24731-25457/com.docin.zlibrary.ui.android I/libmupdf: In native method
2020-02-21 18:12:19.768 24731-25457/com.docin.zlibrary.ui.android I/libmupdf: Checking format
2020-02-21 18:12:19.768 24731-25457/com.docin.zlibrary.ui.android I/libmupdf: locking pixels
2020-02-21 18:12:19.768 24731-25457/com.docin.zlibrary.ui.android I/libmupdf: Rendering page(6)=1080x1527 patch=[0,0,1080,1527]
2020-02-21 18:12:19.780 677-803/? W/hwcomposer: setGpuFreqBoost:160: boostGpuFreq release !
2020-02-21 18:12:19.821 867-1002/? W/ScreemCommon: processEntry, not beta version or commercial log off
2020-02-21 18:12:19.870 24731-25457/com.docin.zlibrary.ui.android I/libmupdf: Rendered
2020-02-21 18:12:19.988 53-53/? W/migration/7: type=1400 audit(0.0:32480617): avc: granted { setsched } for pid=53 scontext=u:r:kernel:s0 tcontext=u:r:kernel:s0 tclass=process
2020-02-21 18:12:19.988 47-47/? W/migration/6: type=1400 audit(0.0:32480618): avc: granted { setsched } for pid=47 scontext=u:r:kernel:s0 tcontext=u:r:kernel:s0 tclass=process
2020-02-21 18:12:20.017 677-803/? W/hwcomposer: setGpuFreqBoost:155: boostGpuFreq succ !
2020-02-21 18:12:20.032 796-796/? E/aptouch_daemon: update_frame, thp_afe_get_frame return nullptr
2020-02-21 18:12:20.060 1417-1844/system_process I/TrafficMonitor: update:rxPkts:4,txPkts:5,rxBytes:1063,txBytes:343
2020-02-21 18:12:20.060 1417-1844/system_process I/TrafficMonitor: start expired. level:-1
2020-02-21 18:12:20.060 1417-1844/system_process I/TrafficMonitor: gettimer:interval=2000
2020-02-21 18:12:20.063 796-796/? I/aptouch_daemon: check_afe_status, idle in. 300
2020-02-21 18:12:20.263 796-796/? I/aptouch_daemon: check_afe_status, idle out.
2020-02-21 18:12:20.280 796-796/? I/aptouch_daemon: print_log, touch:1, down:1 (+0)
2020-02-21 18:12:20.281 1417-1818/system_process D/libfingersense_wrapper: Calling fingersense_classify_touch()
2020-02-21 18:12:20.285 1417-1818/system_process D/libfingersense_wrapper: fingersense_classify_touch() finished
2020-02-21 18:12:20.321 796-796/? I/aptouch_daemon: print_log, touch:0, down:0 
2020-02-21 18:12:20.323 24731-24731/com.docin.zlibrary.ui.android V/AudioManager: querySoundEffectsEnabled...
2020-02-21 18:12:20.328 24731-25456/com.docin.zlibrary.ui.android D/testPdfOpen: text: 苏州, page: 6
2020-02-21 18:12:20.328 24731-25456/com.docin.zlibrary.ui.android I/libmupdf: Native fun hksearch
2020-02-21 18:12:20.324 24731-24731/com.docin.zlibrary.ui.android W/com.huawei.fastapp: type=1400 audit(0.0:32480619): avc: granted { read } for pid=24731 comm=4173796E635461736B202332 name="page-6.docin" dev="sdcardfs" ino=273685 scontext=u:r:untrusted_app_27:s0:c512,c768 tcontext=u:object_r:sdcardfs:s0 tclass=file
2020-02-21 18:12:20.363 677-803/? W/hwcomposer: setGpuFreqBoost:160: boostGpuFreq release !
2020-02-21 18:12:20.378 24731-25456/com.docin.zlibrary.ui.android I/libmupdf: Native fun finish
2020-02-21 18:12:20.378 24731-25456/com.docin.zlibrary.ui.android D/testPdfOpen: searchRects: 9
2020-02-21 18:12:20.378 24731-25456/com.docin.zlibrary.ui.android D/testPdfOpen: count: 9
2020-02-21 18:12:20.399 24731-24731/com.docin.zlibrary.ui.android D/testPdfOpen: PageView->setPage=6, size=PointF(1191.0, 1684.0)
2020-02-21 18:12:20.399 24731-25458/com.docin.zlibrary.ui.android I/libmupdf: Drop page 6
2020-02-21 18:12:20.400 1417-3003/system_process E/WifiService: enforceCanAccessScanResults: hiding ssid and bssidUID 10221 has no location permission
2020-02-21 18:12:20.400 24731-25458/com.docin.zlibrary.ui.android I/libmupdf: Goto page 0...
2020-02-21 18:12:20.400 24731-25458/com.docin.zlibrary.ui.android I/libmupdf: Load page 0
2020-02-21 18:12:20.442 24731-25458/com.docin.zlibrary.ui.android I/libmupdf: Drop page 0
2020-02-21 18:12:20.444 24731-25458/com.docin.zlibrary.ui.android I/libmupdf: Goto page 6...
2020-02-21 18:12:20.444 24731-25458/com.docin.zlibrary.ui.android I/libmupdf: Load page 6
2020-02-21 18:12:20.484 677-803/? W/hwcomposer: setGpuFreqBoost:155: boostGpuFreq succ !
2020-02-21 18:12:20.486 24731-25457/com.docin.zlibrary.ui.android I/libmupdf: PageWidth=1191
2020-02-21 18:12:20.486 24731-25457/com.docin.zlibrary.ui.android I/libmupdf: PageHeight=1684
2020-02-21 18:12:20.486 24731-25457/com.docin.zlibrary.ui.android I/libmupdf: In native method
2020-02-21 18:12:20.486 24731-25457/com.docin.zlibrary.ui.android I/libmupdf: Checking format
2020-02-21 18:12:20.486 24731-25457/com.docin.zlibrary.ui.android I/libmupdf: locking pixels
2020-02-21 18:12:20.486 24731-25457/com.docin.zlibrary.ui.android I/libmupdf: Rendering page(6)=1080x1527 patch=[0,0,1080,1527]
2020-02-21 18:12:20.486 24731-24731/com.docin.zlibrary.ui.android D/testPdfOpen: PageView->setPage=5, size=PointF(1191.0, 1684.0)
2020-02-21 18:12:20.487 1417-3003/system_process E/WifiService: enforceCanAccessScanResults: hiding ssid and bssidUID 10221 has no location permission
2020-02-21 18:12:20.606 24731-25457/com.docin.zlibrary.ui.android I/libmupdf: Rendered
2020-02-21 18:12:20.609 24731-25454/com.docin.zlibrary.ui.android I/libmupdf: PageWidth=1191
2020-02-21 18:12:20.609 24731-25454/com.docin.zlibrary.ui.android I/libmupdf: PageHeight=1684
2020-02-21 18:12:20.609 24731-25454/com.docin.zlibrary.ui.android I/libmupdf: In native method
2020-02-21 18:12:20.609 24731-25454/com.docin.zlibrary.ui.android I/libmupdf: Checking format
2020-02-21 18:12:20.609 24731-25454/com.docin.zlibrary.ui.android I/libmupdf: locking pixels
2020-02-21 18:12:20.609 24731-25454/com.docin.zlibrary.ui.android I/libmupdf: Rendering page(5)=1080x1527 patch=[0,0,1080,1527]
2020-02-21 18:12:20.609 24731-24731/com.docin.zlibrary.ui.android D/testPdfOpen: 文件1722027697 存在直接加载...7
2020-02-21 18:12:20.711 24731-25454/com.docin.zlibrary.ui.android I/libmupdf: Rendered
2020-02-21 18:12:20.711 24731-25454/com.docin.zlibrary.ui.android I/libmupdf: Drop page 4
2020-02-21 18:12:20.714 24731-25454/com.docin.zlibrary.ui.android I/libmupdf: Goto page 7...
2020-02-21 18:12:20.714 24731-25454/com.docin.zlibrary.ui.android I/libmupdf: Load page 7
2020-02-21 18:12:20.712 24731-24731/com.docin.zlibrary.ui.android W/com.huawei.fastapp: type=1400 audit(0.0:32480627): avc: granted { read } for pid=24731 comm=4173796E635461736B202331 name="page-7.docin" dev="sdcardfs" ino=273008 scontext=u:r:untrusted_app_27:s0:c512,c768 tcontext=u:object_r:sdcardfs:s0 tclass=file
2020-02-21 18:12:20.712 24731-24731/com.docin.zlibrary.ui.android W/com.huawei.fastapp: type=1400 audit(0.0:32480628): avc: granted { read open } for pid=24731 comm=4173796E635461736B202331 path="/storage/emulated/0/DocIn/BookShelf/Books/1722027697/page-7.docin" dev="sdcardfs" ino=273008 scontext=u:r:untrusted_app_27:s0:c512,c768 tcontext=u:object_r:sdcardfs:s0 tclass=file
2020-02-21 18:12:20.746 677-803/? W/hwcomposer: setGpuFreqBoost:160: boostGpuFreq release !
2020-02-21 18:12:20.758 24731-25454/com.docin.zlibrary.ui.android I/libmupdf: PageWidth=1191
2020-02-21 18:12:20.758 24731-25454/com.docin.zlibrary.ui.android I/libmupdf: PageHeight=1684
2020-02-21 18:12:20.759 24731-24731/com.docin.zlibrary.ui.android D/testPdfOpen: PageView->setPage=7, size=PointF(1191.0, 1684.0)
2020-02-21 18:12:20.759 1417-3003/system_process E/WifiService: enforceCanAccessScanResults: hiding ssid and bssidUID 10221 has no location permission
2020-02-21 18:12:20.763 24731-25457/com.docin.zlibrary.ui.android I/libmupdf: PageWidth=1191
2020-02-21 18:12:20.763 24731-25457/com.docin.zlibrary.ui.android I/libmupdf: PageHeight=1684
2020-02-21 18:12:20.763 24731-25457/com.docin.zlibrary.ui.android I/libmupdf: In native method
2020-02-21 18:12:20.763 24731-25457/com.docin.zlibrary.ui.android I/libmupdf: Checking format
2020-02-21 18:12:20.763 24731-25457/com.docin.zlibrary.ui.android I/libmupdf: locking pixels
2020-02-21 18:12:20.763 24731-25457/com.docin.zlibrary.ui.android I/libmupdf: Rendering page(7)=1080x1527 patch=[0,0,1080,1527]
2020-02-21 18:12:20.783 867-1002/? W/ScreemCommon: processEntry, not beta version or commercial log off
2020-02-21 18:12:20.800 13118-26266/? I/HWBR-O-0111|AdBlockImpl: onUrlRequested ...
2020-02-21 18:12:20.881 24731-25457/com.docin.zlibrary.ui.android I/libmupdf: Rendered
2020-02-21 18:12:20.897 796-796/? E/aptouch_daemon: update_frame, thp_afe_get_frame return nullptr
2020-02-21 18:12:20.912 796-796/? I/aptouch_daemon: check_afe_status, idle in. 300
2020-02-21 18:12:20.988 53-53/? W/migration/7: type=1400 audit(0.0:32480629): avc: granted { setsched } for pid=53 scontext=u:r:kernel:s0 tcontext=u:r:kernel:s0 tclass=process
2020-02-21 18:12:21.015 1417-1845/system_process E/WificondControl: Noise: 0, Snr: -74, Chload: 127
2020-02-21 18:12:21.017 634-3651/? I/netd: trafficSwapActiveStatsMap() <13.56ms>
2020-02-21 18:12:21.018 1417-26267/system_process I/HwUidTcpMonitor: TcpStatisticsRun run
2020-02-21 18:12:21.018 1417-1844/system_process D/WiFi_PRO: MSG_RETURN_AP_CURRY_RSSI rssi = -41
2020-02-21 18:12:21.018 1417-26267/system_process I/HwWifiProServiceProxy: ctrlHwWifiNetwork pkgName: WIFIPRO_SERVICE interfaceId: 79
2020-02-21 18:12:21.018 1417-1953/system_process I/HuaweiWifiWatchdogStateMachine: POta txb txg rxg:0, 31, 0. Lr =0% Totpkt=31
2020-02-21 18:12:21.018 1417-1844/system_process I/QosMonitor: queryRtt: rttType = 3
2020-02-21 18:12:21.018 1417-1844/system_process I/HwWifiProServiceProxy: ctrlHwWifiNetwork pkgName: WIFIPRO_SERVICE interfaceId: 8
2020-02-21 18:12:21.019 1417-26268/system_process I/HwWifiProServiceProxy: TcpStatisticsRun run
2020-02-21 18:12:21.020 1417-26268/system_process D/HwUidTcpMonitor: parseWlanUidTcpStatistics lastUidTcpStatInfo = [ mUid = 10112 mPacketName = com.docin.zlibrary.ui.android mSendSegs = 80 mResendSegs = 0 mRcvSegs = 74 ]
2020-02-21 18:12:21.020 1417-26268/system_process D/HwUidTcpMonitor: parseWlanUidTcpStatistics lastUidTcpStatInfo = [ mUid = 10145 mPacketName = com.alibaba.android.rimet mSendSegs = 689 mResendSegs = 24 mRcvSegs = 458 ]
2020-02-21 18:12:21.020 1417-26268/system_process D/HwWifiConnectivityMonitor: ENTER: notifyTopUidTcpInfo, tx = 11, rx = 7, reTx = 0, uid = 10221, tr = 0.0
2020-02-21 18:12:21.020 1417-1844/system_process I/QosMonitor: postEventFromNative: msg=100,arg1=4,arg2=10
2020-02-21 18:12:21.020 1417-26268/system_process D/HwWifiConnectivityMonitor: ENTER: notifyTopUidTcpInfo, rtt = 432, rttPkts = 5, aveRtt = 86.4, app = com.docin.zlibrary.ui.android
2020-02-21 18:12:21.020 1417-1844/system_process I/HwWifiProServiceProxy: ctrlHwWifiNetwork pkgName: WIFIPRO_SERVICE interfaceId: 8
2020-02-21 18:12:21.020 1417-26268/system_process D/HwUidTcpMonitor: parseWlanUidTcpStatistics lastUidTcpStatInfo = [ mUid = 10221 mPacketName = com.docin.zlibrary.ui.android mSendSegs = 67682 mResendSegs = 38 mRcvSegs = 112966 ]
2020-02-21 18:12:21.020 1417-26268/system_process D/HwUidTcpMonitor: parseWlanUidTcpStatistics lastUidTcpStatInfo = [ mUid = 10103 mPacketName = com.huawei.browser mSendSegs = 44456 mResendSegs = 20 mRcvSegs = 58468 ]
2020-02-21 18:12:21.020 1417-1948/system_process D/HwWifiConnectivityMonitor: handleTopUidInternetStatusChanged, uid = 10221, status = 0
2020-02-21 18:12:21.020 1417-1844/system_process I/QosMonitor: postEventFromNative: msg=100,arg1=0,arg2=10
2020-02-21 18:12:21.020 1417-1844/system_process I/MQoS: rtt=280,tcpTxPkts=39409241,tcpRxPkts=60554589
2020-02-21 18:12:21.020 1417-1953/system_process I/HuaweiWifiWatchdogStateMachine: PTcp RTT:280, rtt pkt=10, tcp_rx=16, tcp_tx=30, tcp_reTran=0, rtRate=0
2020-02-21 18:12:21.020 1417-1844/system_process I/QosMonitor: resetRtt: rttType = 3
2020-02-21 18:12:21.020 1417-1953/system_process D/HuaweiWifiWatchdogStateMachine: rssi bad, mrssi=-41 < TargetRssi=-30
2020-02-21 18:12:21.020 1417-1844/system_process I/HwWifiProServiceProxy: ctrlHwWifiNetwork pkgName: WIFIPRO_SERVICE interfaceId: 8
2020-02-21 18:12:21.021 1417-5909/system_process D/HwConnectivityServiceEx: set cache by key is 1000 interfaceName iswlan0 value is false
2020-02-21 18:12:21.024 1417-1948/system_process I/HwWifiProServiceProxy: ctrlHwWifiNetwork pkgName: WIFIPRO_SERVICE interfaceId: 9
2020-02-21 18:12:21.028 1417-5909/system_process I/MQoS: QOS_level:3(3),wifi-link;use signalLvl:3;RAT:4G
2020-02-21 18:12:21.042 2339-6596/? E/AppInfoMgr: not find pkgs by uid: 0
2020-02-21 18:12:21.043 2339-6596/? I/DownloadState: singleUid: 10221 [com.docin.zlibrary.ui.android] speed: 1143 real speed: 1130 (rxB:3530 txB:2188 rxP:9 txP:16) scroff: false
2020-02-21 18:12:21.043 2339-6596/? I/DownloadState: singleUid: 10103 [com.huawei.browser] speed: 768 real speed: 760 (rxB:1454 txB:2390 rxP:5 txP:6) scroff: false
2020-02-21 18:12:21.052 2339-6596/? I/DownloadState: shareUid: 0 default_socket transmitting data speed : 54 bytes/s (rxB:111 txB:160 rxP:2 txP:4 iface:1) scroff: false
2020-02-21 18:12:21.052 2339-6596/? I/DownloadState: shareUid: 0 /system/bin/init transmitting data speed : 8 bytes/s (rxB:0 txB:40 rxP:0 txP:1 iface:1) scroff: false
2020-02-21 18:12:21.052 2339-6596/? I/DownloadState: shareUid: 0 default_sk transmitting data speed : 56 bytes/s (rxB:284 txB:0 rxP:5 txP:0 iface:1) scroff: false
2020-02-21 18:12:21.053 1417-1844/system_process I/TrafficMonitor: expired arrive. level:-1
2020-02-21 18:12:21.053 1417-1844/system_process I/TrafficMonitor: during_ms:2003,period_ms:2000
2020-02-21 18:12:21.053 1417-1844/system_process I/TrafficMonitor: count:46,rx_sum:4,tx_sum:5,rxBytes:1063,during_ms:2003,rx_speed:530.7039440838741,tx_speed:171.2431352970544,rto:0.8
2020-02-21 18:12:21.119 677-803/? W/hwcomposer: setGpuFreqBoost:155: boostGpuFreq succ !
2020-02-21 18:12:21.146 796-796/? I/aptouch_daemon: check_afe_status, idle out.
2020-02-21 18:12:21.163 796-796/? I/aptouch_daemon: print_log, touch:1, down:1 (+0)
2020-02-21 18:12:21.163 1417-1818/system_process D/libfingersense_wrapper: Calling fingersense_classify_touch()
2020-02-21 18:12:21.166 1417-1818/system_process D/libfingersense_wrapper: fingersense_classify_touch() finished
2020-02-21 18:12:21.196 796-796/? I/aptouch_daemon: print_log, touch:0, down:0 
2020-02-21 18:12:21.198 24731-24731/com.docin.zlibrary.ui.android V/AudioManager: querySoundEffectsEnabled...
2020-02-21 18:12:21.203 24731-25454/com.docin.zlibrary.ui.android D/testPdfOpen: text: 苏州, page: 7
2020-02-21 18:12:21.203 24731-25454/com.docin.zlibrary.ui.android I/libmupdf: Native fun hksearch
2020-02-21 18:12:21.200 24731-24731/com.docin.zlibrary.ui.android W/com.huawei.fastapp: type=1400 audit(0.0:32480631): avc: granted { read } for pid=24731 comm=4173796E635461736B202331 name="page-7.docin" dev="sdcardfs" ino=273008 scontext=u:r:untrusted_app_27:s0:c512,c768 tcontext=u:object_r:sdcardfs:s0 tclass=file
2020-02-21 18:12:21.254 24731-25454/com.docin.zlibrary.ui.android I/libmupdf: Native fun finish
2020-02-21 18:12:21.254 24731-25454/com.docin.zlibrary.ui.android D/testPdfOpen: searchRects: 11
2020-02-21 18:12:21.254 24731-25454/com.docin.zlibrary.ui.android D/testPdfOpen: count: 11
2020-02-21 18:12:21.265 24731-24731/com.docin.zlibrary.ui.android D/testPdfOpen: PageView->setPage=7, size=PointF(1191.0, 1684.0)
2020-02-21 18:12:21.266 1417-3003/system_process E/WifiService: enforceCanAccessScanResults: hiding ssid and bssidUID 10221 has no location permission
2020-02-21 18:12:21.269 24731-25457/com.docin.zlibrary.ui.android I/libmupdf: PageWidth=1191
2020-02-21 18:12:21.269 24731-25457/com.docin.zlibrary.ui.android I/libmupdf: PageHeight=1684
2020-02-21 18:12:21.270 24731-25457/com.docin.zlibrary.ui.android I/libmupdf: In native method
2020-02-21 18:12:21.270 24731-25457/com.docin.zlibrary.ui.android I/libmupdf: Checking format
2020-02-21 18:12:21.270 24731-25457/com.docin.zlibrary.ui.android I/libmupdf: locking pixels
2020-02-21 18:12:21.270 24731-25457/com.docin.zlibrary.ui.android I/libmupdf: Rendering page(7)=1080x1527 patch=[0,0,1080,1527]
2020-02-21 18:12:21.270 24731-24731/com.docin.zlibrary.ui.android D/testPdfOpen: PageView->setPage=6, size=PointF(1191.0, 1684.0)
2020-02-21 18:12:21.270 1417-3003/system_process E/WifiService: enforceCanAccessScanResults: hiding ssid and bssidUID 10221 has no location permission
2020-02-21 18:12:21.360 24731-25457/com.docin.zlibrary.ui.android I/libmupdf: Rendered
2020-02-21 18:12:21.361 24731-25456/com.docin.zlibrary.ui.android I/libmupdf: PageWidth=1191
2020-02-21 18:12:21.361 24731-25456/com.docin.zlibrary.ui.android I/libmupdf: PageHeight=1684
2020-02-21 18:12:21.361 24731-25456/com.docin.zlibrary.ui.android I/libmupdf: In native method
2020-02-21 18:12:21.361 24731-24731/com.docin.zlibrary.ui.android D/testPdfOpen: 文件1722027697 存在直接加载...8
2020-02-21 18:12:21.361 24731-25456/com.docin.zlibrary.ui.android I/libmupdf: Checking format
2020-02-21 18:12:21.361 24731-25456/com.docin.zlibrary.ui.android I/libmupdf: locking pixels
2020-02-21 18:12:21.361 24731-25456/com.docin.zlibrary.ui.android I/libmupdf: Rendering page(6)=1080x1527 patch=[0,0,1080,1527]
2020-02-21 18:12:21.463 24731-25456/com.docin.zlibrary.ui.android I/libmupdf: Rendered
2020-02-21 18:12:21.463 24731-25456/com.docin.zlibrary.ui.android I/libmupdf: Drop page 5
2020-02-21 18:12:21.465 24731-25456/com.docin.zlibrary.ui.android I/libmupdf: Goto page 8...
2020-02-21 18:12:21.465 24731-25456/com.docin.zlibrary.ui.android I/libmupdf: Load page 8
2020-02-21 18:12:21.503 24731-25456/com.docin.zlibrary.ui.android I/libmupdf: PageWidth=1191
2020-02-21 18:12:21.503 24731-25456/com.docin.zlibrary.ui.android I/libmupdf: PageHeight=1684
2020-02-21 18:12:21.506 24731-24731/com.docin.zlibrary.ui.android I/HwViewRootImpl: removeInvalidNode jank list is null
2020-02-21 18:12:21.511 24731-24731/com.docin.zlibrary.ui.android D/testPdfOpen: PageView->setPage=8, size=PointF(1191.0, 1684.0)
2020-02-21 18:12:21.512 1417-3003/system_process E/WifiService: enforceCanAccessScanResults: hiding ssid and bssidUID 10221 has no location permission
2020-02-21 18:12:21.513 677-803/? W/hwcomposer: setGpuFreqBoost:160: boostGpuFreq release !
2020-02-21 18:12:21.515 24731-25457/com.docin.zlibrary.ui.android I/libmupdf: PageWidth=1191
2020-02-21 18:12:21.515 24731-25457/com.docin.zlibrary.ui.android I/libmupdf: PageHeight=1684
2020-02-21 18:12:21.515 24731-25457/com.docin.zlibrary.ui.android I/libmupdf: In native method
2020-02-21 18:12:21.515 24731-25457/com.docin.zlibrary.ui.android I/libmupdf: Checking format
2020-02-21 18:12:21.515 24731-25457/com.docin.zlibrary.ui.android I/libmupdf: locking pixels
2020-02-21 18:12:21.515 24731-25457/com.docin.zlibrary.ui.android I/libmupdf: Rendering page(8)=1080x1527 patch=[0,0,1080,1527]
2020-02-21 18:12:21.565 867-1002/? W/ScreemCommon: processEntry, not beta version or commercial log off
2020-02-21 18:12:21.639 24731-25457/com.docin.zlibrary.ui.android I/libmupdf: Rendered
2020-02-21 18:12:21.748 53-53/? W/migration/7: type=1400 audit(0.0:32480637): avc: granted { setsched } for pid=53 scontext=u:r:kernel:s0 tcontext=u:r:kernel:s0 tclass=process
2020-02-21 18:12:21.773 796-796/? E/aptouch_daemon: update_frame, thp_afe_get_frame return nullptr
2020-02-21 18:12:21.784 677-803/? W/hwcomposer: setGpuFreqBoost:155: boostGpuFreq succ !
2020-02-21 18:12:21.795 796-796/? I/aptouch_daemon: check_afe_status, idle in. 300
2020-02-21 18:12:21.996 796-796/? I/aptouch_daemon: check_afe_status, idle out.
2020-02-21 18:12:22.015 796-796/? I/aptouch_daemon: print_log, touch:1, down:1 (+0)
2020-02-21 18:12:22.017 1417-1818/system_process D/libfingersense_wrapper: Calling fingersense_classify_touch()
2020-02-21 18:12:22.018 1417-1818/system_process D/libfingersense_wrapper: fingersense_classify_touch() finished
2020-02-21 18:12:22.046 677-803/? W/hwcomposer: setGpuFreqBoost:160: boostGpuFreq release !
2020-02-21 18:12:22.062 796-796/? I/aptouch_daemon: print_log, touch:0, down:0 
2020-02-21 18:12:22.062 1417-1844/system_process I/TrafficMonitor: update:rxPkts:1,txPkts:1,rxBytes:68,txBytes:40
2020-02-21 18:12:22.062 1417-1844/system_process I/TrafficMonitor: start expired. level:-1
2020-02-21 18:12:22.062 1417-1844/system_process I/TrafficMonitor: gettimer:interval=2000
2020-02-21 18:12:22.064 24731-24731/com.docin.zlibrary.ui.android V/AudioManager: querySoundEffectsEnabled...
2020-02-21 18:12:22.066 24731-25456/com.docin.zlibrary.ui.android D/testPdfOpen: text: 苏州, page: 8
2020-02-21 18:12:22.066 24731-25456/com.docin.zlibrary.ui.android I/libmupdf: Native fun hksearch
2020-02-21 18:12:22.064 24731-24731/com.docin.zlibrary.ui.android W/com.huawei.fastapp: type=1400 audit(0.0:32480639): avc: granted { read } for pid=24731 comm=4173796E635461736B202332 name="page-8.docin" dev="sdcardfs" ino=267811 scontext=u:r:untrusted_app_27:s0:c512,c768 tcontext=u:object_r:sdcardfs:s0 tclass=file
2020-02-21 18:12:22.068 47-47/? W/migration/6: type=1400 audit(0.0:32480641): avc: granted { setsched } for pid=47 scontext=u:r:kernel:s0 tcontext=u:r:kernel:s0 tclass=process
2020-02-21 18:12:22.120 24731-25456/com.docin.zlibrary.ui.android I/libmupdf: Native fun finish
2020-02-21 18:12:22.120 24731-25456/com.docin.zlibrary.ui.android D/testPdfOpen: searchRects: 13
2020-02-21 18:12:22.120 24731-25456/com.docin.zlibrary.ui.android D/testPdfOpen: count: 13
2020-02-21 18:12:22.131 24731-24731/com.docin.zlibrary.ui.android D/testPdfOpen: PageView->setPage=8, size=PointF(1191.0, 1684.0)
2020-02-21 18:12:22.131 24731-25459/com.docin.zlibrary.ui.android I/libmupdf: Drop page 8
2020-02-21 18:12:22.132 1417-3003/system_process E/WifiService: enforceCanAccessScanResults: hiding ssid and bssidUID 10221 has no location permission
2020-02-21 18:12:22.133 24731-25459/com.docin.zlibrary.ui.android I/libmupdf: Goto page 0...
2020-02-21 18:12:22.133 24731-25459/com.docin.zlibrary.ui.android I/libmupdf: Load page 0
2020-02-21 18:12:22.166 677-803/? W/hwcomposer: setGpuFreqBoost:155: boostGpuFreq succ !
2020-02-21 18:12:22.174 24731-25459/com.docin.zlibrary.ui.android I/libmupdf: Drop page 0
2020-02-21 18:12:22.176 24731-25459/com.docin.zlibrary.ui.android I/libmupdf: Goto page 8...
2020-02-21 18:12:22.176 24731-25459/com.docin.zlibrary.ui.android I/libmupdf: Load page 8
2020-02-21 18:12:22.220 24731-25457/com.docin.zlibrary.ui.android I/libmupdf: PageWidth=1191
2020-02-21 18:12:22.220 24731-25457/com.docin.zlibrary.ui.android I/libmupdf: PageHeight=1684
2020-02-21 18:12:22.220 24731-25457/com.docin.zlibrary.ui.android I/libmupdf: In native method
2020-02-21 18:12:22.220 24731-25457/com.docin.zlibrary.ui.android I/libmupdf: Checking format
2020-02-21 18:12:22.220 24731-25457/com.docin.zlibrary.ui.android I/libmupdf: locking pixels
2020-02-21 18:12:22.221 24731-25457/com.docin.zlibrary.ui.android I/libmupdf: Rendering page(8)=1080x1527 patch=[0,0,1080,1527]
2020-02-21 18:12:22.221 24731-24731/com.docin.zlibrary.ui.android D/testPdfOpen: PageView->setPage=7, size=PointF(1191.0, 1684.0)
2020-02-21 18:12:22.222 1417-3003/system_process E/WifiService: enforceCanAccessScanResults: hiding ssid and bssidUID 10221 has no location permission
2020-02-21 18:12:22.351 24731-25457/com.docin.zlibrary.ui.android I/libmupdf: Rendered
2020-02-21 18:12:22.353 24731-25454/com.docin.zlibrary.ui.android I/libmupdf: PageWidth=1191
2020-02-21 18:12:22.353 24731-25454/com.docin.zlibrary.ui.android I/libmupdf: PageHeight=1684
2020-02-21 18:12:22.353 24731-25454/com.docin.zlibrary.ui.android I/libmupdf: In native method
2020-02-21 18:12:22.353 24731-25454/com.docin.zlibrary.ui.android I/libmupdf: Checking format
2020-02-21 18:12:22.353 24731-25454/com.docin.zlibrary.ui.android I/libmupdf: locking pixels
2020-02-21 18:12:22.353 24731-25454/com.docin.zlibrary.ui.android I/libmupdf: Rendering page(7)=1080x1527 patch=[0,0,1080,1527]
2020-02-21 18:12:22.354 24731-24731/com.docin.zlibrary.ui.android D/testPdfOpen: 文件1722027697 存在直接加载...9
2020-02-21 18:12:22.482 24731-25454/com.docin.zlibrary.ui.android I/libmupdf: Rendered
2020-02-21 18:12:22.483 24731-25454/com.docin.zlibrary.ui.android I/libmupdf: Drop page 6
2020-02-21 18:12:22.484 24731-25454/com.docin.zlibrary.ui.android I/libmupdf: Goto page 9...
2020-02-21 18:12:22.484 24731-25454/com.docin.zlibrary.ui.android I/libmupdf: Load page 9
2020-02-21 18:12:22.487 713-713/? E/WifiHAL: enter wifi_get_link_stats
2020-02-21 18:12:22.498 1417-1845/system_process E/WificondControl: Noise: 0, Snr: -74, Chload: 127
2020-02-21 18:12:22.501 1417-1845/system_process V/HwWifiServiceFactory: get AllImpl object = com.android.server.wifi.HwWifiServiceFactoryImpl@8180053
2020-02-21 18:12:22.507 1417-1845/system_process D/TelephonyManager: getAllCellInfo calling app is android
2020-02-21 18:12:22.507 2355-3779/? W/PhoneInterfaceManager: shouldBlockLocation running ...
2020-02-21 18:12:22.508 2355-3779/? I/PhoneInterfaceManager: shouldBlockLocation  ret:false
2020-02-21 18:12:22.514 677-803/? W/hwcomposer: setGpuFreqBoost:160: boostGpuFreq release !
2020-02-21 18:12:22.529 24731-25454/com.docin.zlibrary.ui.android I/libmupdf: PageWidth=1191
2020-02-21 18:12:22.529 24731-25454/com.docin.zlibrary.ui.android I/libmupdf: PageHeight=1684
2020-02-21 18:12:22.529 24731-24731/com.docin.zlibrary.ui.android D/testPdfOpen: PageView->setPage=9, size=PointF(1191.0, 1684.0)
2020-02-21 18:12:22.531 1417-3003/system_process E/WifiService: enforceCanAccessScanResults: hiding ssid and bssidUID 10221 has no location permission
2020-02-21 18:12:22.539 24731-25456/com.docin.zlibrary.ui.android I/libmupdf: PageWidth=1191
2020-02-21 18:12:22.539 24731-25456/com.docin.zlibrary.ui.android I/libmupdf: PageHeight=1684
2020-02-21 18:12:22.540 24731-25456/com.docin.zlibrary.ui.android I/libmupdf: In native method
2020-02-21 18:12:22.540 24731-25456/com.docin.zlibrary.ui.android I/libmupdf: Checking format
2020-02-21 18:12:22.540 24731-25456/com.docin.zlibrary.ui.android I/libmupdf: locking pixels
2020-02-21 18:12:22.540 24731-25456/com.docin.zlibrary.ui.android I/libmupdf: Rendering page(9)=1080x1527 patch=[0,0,1080,1527]
2020-02-21 18:12:22.553 867-1002/? W/ScreemCommon: processEntry, not beta version or commercial log off
2020-02-21 18:12:22.639 796-796/? E/aptouch_daemon: update_frame, thp_afe_get_frame return nullptr
2020-02-21 18:12:22.662 796-796/? I/aptouch_daemon: check_afe_status, idle in. 300
2020-02-21 18:12:22.685 677-803/? W/hwcomposer: setGpuFreqBoost:155: boostGpuFreq succ !
2020-02-21 18:12:22.701 24731-25456/com.docin.zlibrary.ui.android I/libmupdf: Rendered
2020-02-21 18:12:22.729 677-803/? W/hwcomposer: setGpuFreqBoost:160: boostGpuFreq release !
2020-02-21 18:12:22.808 53-53/? W/migration/7: type=1400 audit(0.0:32480649): avc: granted { setsched } for pid=53 scontext=u:r:kernel:s0 tcontext=u:r:kernel:s0 tclass=process
2020-02-21 18:12:22.851 677-803/? W/hwcomposer: setGpuFreqBoost:155: boostGpuFreq succ !
2020-02-21 18:12:22.945 796-796/? I/aptouch_daemon: check_afe_status, idle out.
2020-02-21 18:12:22.963 796-796/? I/aptouch_daemon: print_log, touch:1, down:1 (+0)
2020-02-21 18:12:22.964 1417-1818/system_process D/libfingersense_wrapper: Calling fingersense_classify_touch()
2020-02-21 18:12:22.967 1417-1818/system_process D/libfingersense_wrapper: fingersense_classify_touch() finished
2020-02-21 18:12:23.012 796-796/? I/aptouch_daemon: print_log, touch:0, down:0 
2020-02-21 18:12:23.014 24731-24731/com.docin.zlibrary.ui.android V/AudioManager: querySoundEffectsEnabled...
2020-02-21 18:12:23.019 24731-25454/com.docin.zlibrary.ui.android D/testPdfOpen: text: 苏州, page: 9
2020-02-21 18:12:23.019 24731-25454/com.docin.zlibrary.ui.android I/libmupdf: Native fun hksearch
2020-02-21 18:12:23.016 24731-24731/com.docin.zlibrary.ui.android W/com.huawei.fastapp: type=1400 audit(0.0:32480651): avc: granted { read } for pid=24731 comm=4173796E635461736B202331 name="page-9.docin" dev="sdcardfs" ino=264481 scontext=u:r:untrusted_app_27:s0:c512,c768 tcontext=u:object_r:sdcardfs:s0 tclass=file
2020-02-21 18:12:23.024 47-47/? W/migration/6: type=1400 audit(0.0:32480653): avc: granted { setsched } for pid=47 scontext=u:r:kernel:s0 tcontext=u:r:kernel:s0 tclass=process
2020-02-21 18:12:23.046 677-803/? W/hwcomposer: setGpuFreqBoost:160: boostGpuFreq release !
2020-02-21 18:12:23.070 24731-25454/com.docin.zlibrary.ui.android I/libmupdf: Native fun finish
2020-02-21 18:12:23.070 24731-25454/com.docin.zlibrary.ui.android D/testPdfOpen: searchRects: 15
2020-02-21 18:12:23.070 24731-25454/com.docin.zlibrary.ui.android D/testPdfOpen: count: 15
2020-02-21 18:12:23.086 24731-24731/com.docin.zlibrary.ui.android D/testPdfOpen: PageView->setPage=9, size=PointF(1191.0, 1684.0)
