2020-02-21 18:12:23.087 24731-25458/com.docin.zlibrary.ui.android I/libmupdf: Drop page 9
2020-02-21 18:12:23.088 1417-3003/system_process E/WifiService: enforceCanAccessScanResults: hiding ssid and bssidUID 10221 has no location permission
2020-02-21 18:12:23.090 24731-25458/com.docin.zlibrary.ui.android I/libmupdf: Goto page 0...
2020-02-21 18:12:23.090 24731-25458/com.docin.zlibrary.ui.android I/libmupdf: Load page 0
2020-02-21 18:12:23.163 24731-25458/com.docin.zlibrary.ui.android I/libmupdf: Drop page 0
2020-02-21 18:12:23.166 24731-25458/com.docin.zlibrary.ui.android I/libmupdf: Goto page 9...
2020-02-21 18:12:23.166 24731-25458/com.docin.zlibrary.ui.android I/libmupdf: Load page 9
2020-02-21 18:12:23.168 677-803/? W/hwcomposer: setGpuFreqBoost:155: boostGpuFreq succ !
2020-02-21 18:12:23.211 24731-25456/com.docin.zlibrary.ui.android I/libmupdf: PageWidth=1191
2020-02-21 18:12:23.211 24731-25456/com.docin.zlibrary.ui.android I/libmupdf: PageHeight=1684
2020-02-21 18:12:23.211 24731-25456/com.docin.zlibrary.ui.android I/libmupdf: In native method
2020-02-21 18:12:23.211 24731-25456/com.docin.zlibrary.ui.android I/libmupdf: Checking format
2020-02-21 18:12:23.211 24731-25456/com.docin.zlibrary.ui.android I/libmupdf: locking pixels
2020-02-21 18:12:23.211 24731-25456/com.docin.zlibrary.ui.android I/libmupdf: Rendering page(9)=1080x1527 patch=[0,0,1080,1527]
2020-02-21 18:12:23.212 24731-24731/com.docin.zlibrary.ui.android D/testPdfOpen: PageView->setPage=8, size=PointF(1191.0, 1684.0)
2020-02-21 18:12:23.215 1417-3003/system_process E/WifiService: enforceCanAccessScanResults: hiding ssid and bssidUID 10221 has no location permission
2020-02-21 18:12:23.331 24731-25456/com.docin.zlibrary.ui.android I/libmupdf: Rendered
2020-02-21 18:12:23.333 24731-25457/com.docin.zlibrary.ui.android I/libmupdf: PageWidth=1191
2020-02-21 18:12:23.333 24731-25457/com.docin.zlibrary.ui.android I/libmupdf: PageHeight=1684
2020-02-21 18:12:23.333 24731-25457/com.docin.zlibrary.ui.android I/libmupdf: In native method
2020-02-21 18:12:23.333 24731-25457/com.docin.zlibrary.ui.android I/libmupdf: Checking format
2020-02-21 18:12:23.333 24731-25457/com.docin.zlibrary.ui.android I/libmupdf: locking pixels
2020-02-21 18:12:23.333 24731-25457/com.docin.zlibrary.ui.android I/libmupdf: Rendering page(8)=1080x1527 patch=[0,0,1080,1527]
2020-02-21 18:12:23.335 24731-24731/com.docin.zlibrary.ui.android D/testPdfOpen: 文件1722027697 不存在，需先下载再加载...10
2020-02-21 18:12:23.335 24731-24731/com.docin.zlibrary.ui.android D/testPdfOpen: documentSid: YvSe1izbGUSuPGuPk9PG7WJP4SZgGRO4*UpTdLCZS4TpFjOrDPnCMH87M3OX3rPe
2020-02-21 18:12:23.343 634-1140/? W//system/bin/netd: A binder object at 0x79bc293b00 is being transacted on, however, this object is in the same process as its proxy. Transacting with this binder is expensive compared to just calling the corresponding functionality in the same process.
2020-02-21 18:12:23.343 634-1140/? I/PreDnsController: canPreDnsQuery,persist.sys.predns is false!
2020-02-21 18:12:23.344 634-26271/? W/DnsProxyListener: GetAddrInfoHandler::run: {820 262964 820 983860 10221 0}
2020-02-21 18:12:23.344 634-26271/? W/getaddrinfo: android_getaddrinfofornetcontext: explore_numeric: ai_family=10 ai_socktype=1 ai_protocol=6
2020-02-21 18:12:23.344 634-26271/? W/getaddrinfo: android_getaddrinfofornetcontext: explore_numeric: ai_family=2 ai_socktype=1 ai_protocol=6
2020-02-21 18:12:23.346 634-26271/? W/res_mkquery: res_nmkquery: (QUERY, IN, A)
2020-02-21 18:12:23.346 634-26271/? W/res_send: res_nsend
2020-02-21 18:12:23.346 634-26271/? W/res_cache: _resolv_cache_lookup: lookup
2020-02-21 18:12:23.346 634-26271/? E/ResolverController: No valid NAT64 prefix (820, <unspecified>/0)
2020-02-21 18:12:23.424 24731-25457/com.docin.zlibrary.ui.android I/libmupdf: Rendered
2020-02-21 18:12:23.437 24731-25454/com.docin.zlibrary.ui.android I/libmupdf: Drop page 7
2020-02-21 18:12:23.439 24731-25454/com.docin.zlibrary.ui.android I/libmupdf: Goto page 10...
2020-02-21 18:12:23.439 24731-25454/com.docin.zlibrary.ui.android I/libmupdf: Load page 10
2020-02-21 18:12:23.446 677-803/? W/hwcomposer: setGpuFreqBoost:160: boostGpuFreq release !
2020-02-21 18:12:23.475 24731-25454/com.docin.zlibrary.ui.android I/libmupdf: PageWidth=1191
2020-02-21 18:12:23.475 24731-25454/com.docin.zlibrary.ui.android I/libmupdf: PageHeight=1684
2020-02-21 18:12:23.476 24731-24731/com.docin.zlibrary.ui.android D/testPdfOpen: PageView->setPage=10, size=PointF(1191.0, 1684.0)
2020-02-21 18:12:23.478 1417-3003/system_process E/WifiService: enforceCanAccessScanResults: hiding ssid and bssidUID 10221 has no location permission
2020-02-21 18:12:23.485 24731-25457/com.docin.zlibrary.ui.android I/libmupdf: PageWidth=1191
2020-02-21 18:12:23.486 24731-25457/com.docin.zlibrary.ui.android I/libmupdf: PageHeight=1684
2020-02-21 18:12:23.486 24731-25457/com.docin.zlibrary.ui.android I/libmupdf: In native method
2020-02-21 18:12:23.486 24731-25457/com.docin.zlibrary.ui.android I/libmupdf: Checking format
2020-02-21 18:12:23.486 24731-25457/com.docin.zlibrary.ui.android I/libmupdf: locking pixels
2020-02-21 18:12:23.486 24731-25457/com.docin.zlibrary.ui.android I/libmupdf: Rendering page(10)=1080x1527 patch=[0,0,1080,1527]
2020-02-21 18:12:23.488 867-1002/? W/ScreemCommon: processEntry, not beta version or commercial log off
2020-02-21 18:12:23.585 24731-25457/com.docin.zlibrary.ui.android I/libmupdf: Rendered
2020-02-21 18:12:23.588 796-796/? E/aptouch_daemon: update_frame, thp_afe_get_frame return nullptr
2020-02-21 18:12:23.611 796-796/? I/aptouch_daemon: check_afe_status, idle in. 300
2020-02-21 18:12:23.734 677-803/? W/hwcomposer: setGpuFreqBoost:155: boostGpuFreq succ !
2020-02-21 18:12:23.806 13118-26270/? I/HWBR-O-0111|AdBlockImpl: onUrlRequested ...
2020-02-21 18:12:23.879 796-796/? I/aptouch_daemon: check_afe_status, idle out.
2020-02-21 18:12:23.892 47-47/? W/migration/6: type=1400 audit(0.0:32480671): avc: granted { setsched } for pid=47 scontext=u:r:kernel:s0 tcontext=u:r:kernel:s0 tclass=process
2020-02-21 18:12:23.896 796-796/? I/aptouch_daemon: print_log, touch:1, down:1 (+0)
2020-02-21 18:12:23.897 1417-1818/system_process D/libfingersense_wrapper: Calling fingersense_classify_touch()
2020-02-21 18:12:23.901 1417-1818/system_process D/libfingersense_wrapper: fingersense_classify_touch() finished
2020-02-21 18:12:23.928 796-796/? I/aptouch_daemon: print_log, touch:0, down:0 
2020-02-21 18:12:23.930 24731-24731/com.docin.zlibrary.ui.android V/AudioManager: querySoundEffectsEnabled...
2020-02-21 18:12:23.934 24731-25454/com.docin.zlibrary.ui.android D/testPdfOpen: text: 苏州, page: 10
2020-02-21 18:12:23.934 24731-25454/com.docin.zlibrary.ui.android I/libmupdf: Native fun hksearch
2020-02-21 18:12:23.932 24731-24731/com.docin.zlibrary.ui.android W/com.huawei.fastapp: type=1400 audit(0.0:32480673): avc: granted { read } for pid=24731 comm=4173796E635461736B202331 name="page-10.docin" dev="sdcardfs" ino=203139 scontext=u:r:untrusted_app_27:s0:c512,c768 tcontext=u:object_r:sdcardfs:s0 tclass=file
2020-02-21 18:12:23.980 24731-25454/com.docin.zlibrary.ui.android I/libmupdf: Native fun finish
2020-02-21 18:12:23.980 24731-25454/com.docin.zlibrary.ui.android D/testPdfOpen: searchRects: 6
2020-02-21 18:12:23.980 24731-25454/com.docin.zlibrary.ui.android D/testPdfOpen: count: 6
2020-02-21 18:12:23.995 677-803/? W/hwcomposer: setGpuFreqBoost:160: boostGpuFreq release !
2020-02-21 18:12:23.997 24731-24731/com.docin.zlibrary.ui.android D/testPdfOpen: PageView->setPage=10, size=PointF(1191.0, 1684.0)
2020-02-21 18:12:23.998 1417-3003/system_process E/WifiService: enforceCanAccessScanResults: hiding ssid and bssidUID 10221 has no location permission
2020-02-21 18:12:24.001 24731-24731/com.docin.zlibrary.ui.android D/testPdfOpen: PageView->setPage=9, size=PointF(1191.0, 1684.0)
2020-02-21 18:12:24.002 1417-10287/system_process E/WifiService: enforceCanAccessScanResults: hiding ssid and bssidUID 10221 has no location permission
2020-02-21 18:12:24.002 24731-25459/com.docin.zlibrary.ui.android I/libmupdf: PageWidth=1191
2020-02-21 18:12:24.002 24731-25459/com.docin.zlibrary.ui.android I/libmupdf: PageHeight=1684
2020-02-21 18:12:24.002 24731-25459/com.docin.zlibrary.ui.android I/libmupdf: In native method
2020-02-21 18:12:24.002 24731-25459/com.docin.zlibrary.ui.android I/libmupdf: Checking format
2020-02-21 18:12:24.002 24731-25459/com.docin.zlibrary.ui.android I/libmupdf: locking pixels
2020-02-21 18:12:24.002 24731-25459/com.docin.zlibrary.ui.android I/libmupdf: Rendering page(10)=1080x1527 patch=[0,0,1080,1527]
2020-02-21 18:12:24.034 24731-24746/com.docin.zlibrary.ui.android W/System: A resource failed to call close. 
2020-02-21 18:12:24.038 24731-24746/com.docin.zlibrary.ui.android I/chatty: uid=10221(com.docin.zlibrary.ui.android) FinalizerDaemon identical 19 lines
2020-02-21 18:12:24.038 24731-24746/com.docin.zlibrary.ui.android W/System: A resource failed to call close. 
2020-02-21 18:12:24.062 1417-24714/system_process W/AwareLog: AwareMem_Reclaim: generateCompressList procsGroups error!
2020-02-21 18:12:24.065 1417-1844/system_process I/TrafficMonitor: update:rxPkts:35,txPkts:31,rxBytes:17360,txBytes:38317
2020-02-21 18:12:24.065 1417-1844/system_process I/TrafficMonitor: no expired. level:2
2020-02-21 18:12:24.065 1417-1844/system_process I/TrafficMonitor: gettimer:interval=2000
2020-02-21 18:12:24.066 1417-1844/system_process I/TrafficMonitor: during_ms:2003,period_ms:2000
2020-02-21 18:12:24.066 1417-1844/system_process I/TrafficMonitor: count:48,rx_sum:35,tx_sum:31,rxBytes:17360,during_ms:2003,rx_speed:8666.999500748876,tx_speed:19129.805292061905,rto:1.1290322580645162
2020-02-21 18:12:24.070 1417-24714/system_process W/AwareLog: AwareMem_Reclaim: getPssForPid error skip! procName=com.hpbr.bosszhipin
2020-02-21 18:12:24.070 1417-24714/system_process W/AwareLog: AwareMem_Reclaim: getPssForPid error skip! procName=com.huawei.hiai.engineservice
2020-02-21 18:12:24.082 24731-25459/com.docin.zlibrary.ui.android I/libmupdf: Rendered
2020-02-21 18:12:24.083 24731-24731/com.docin.zlibrary.ui.android D/testPdfOpen: 文件1722027697 不存在，需先下载再加载...11
2020-02-21 18:12:24.083 24731-24731/com.docin.zlibrary.ui.android D/testPdfOpen: documentSid: YvSe1izbGUSuPGuPk9PG7WJP4SZgGRO4*UpTdLCZS4TpFjOrDPnCMH87M3OX3rPe
2020-02-21 18:12:24.083 24731-25459/com.docin.zlibrary.ui.android I/libmupdf: PageWidth=1191
2020-02-21 18:12:24.083 24731-25459/com.docin.zlibrary.ui.android I/libmupdf: PageHeight=1684
2020-02-21 18:12:24.084 24731-25459/com.docin.zlibrary.ui.android I/libmupdf: In native method
2020-02-21 18:12:24.084 24731-25459/com.docin.zlibrary.ui.android I/libmupdf: Checking format
2020-02-21 18:12:24.084 24731-25459/com.docin.zlibrary.ui.android I/libmupdf: locking pixels
2020-02-21 18:12:24.084 24731-25459/com.docin.zlibrary.ui.android I/libmupdf: Rendering page(9)=1080x1527 patch=[0,0,1080,1527]
2020-02-21 18:12:24.109 2339-6400/? I/PGServer: getTopFrontApp. calling pkg: android
2020-02-21 18:12:24.114 677-803/? W/hwcomposer: setGpuFreqBoost:155: boostGpuFreq succ !
2020-02-21 18:12:24.116 24731-24731/com.docin.zlibrary.ui.android W/com.huawei.fastapp: type=1400 audit(0.0:32480675): avc: granted { write } for pid=24731 comm=4173796E635461736B202333 name="1722027697" dev="sdcardfs" ino=277574 scontext=u:r:untrusted_app_27:s0:c512,c768 tcontext=u:object_r:sdcardfs:s0 tclass=dir
2020-02-21 18:12:24.162 24731-25459/com.docin.zlibrary.ui.android I/libmupdf: Rendered
2020-02-21 18:12:24.165 24731-24731/com.docin.zlibrary.ui.android I/HwViewRootImpl: removeInvalidNode jank list is null
2020-02-21 18:12:24.169 24731-25454/com.docin.zlibrary.ui.android I/libmupdf: Drop page 8
2020-02-21 18:12:24.170 24731-25454/com.docin.zlibrary.ui.android I/libmupdf: Goto page 11...
2020-02-21 18:12:24.170 24731-25454/com.docin.zlibrary.ui.android I/libmupdf: Load page 11
2020-02-21 18:12:24.177 677-803/? W/hwcomposer: setGpuFreqBoost:160: boostGpuFreq release !
2020-02-21 18:12:24.183 24731-25454/com.docin.zlibrary.ui.android I/libmupdf: PageWidth=1191
2020-02-21 18:12:24.183 24731-25454/com.docin.zlibrary.ui.android I/libmupdf: PageHeight=1684
2020-02-21 18:12:24.183 24731-24731/com.docin.zlibrary.ui.android D/testPdfOpen: PageView->setPage=11, size=PointF(1191.0, 1684.0)
2020-02-21 18:12:24.184 1417-10287/system_process E/WifiService: enforceCanAccessScanResults: hiding ssid and bssidUID 10221 has no location permission
2020-02-21 18:12:24.186 24731-25457/com.docin.zlibrary.ui.android I/libmupdf: PageWidth=1191
2020-02-21 18:12:24.186 24731-25457/com.docin.zlibrary.ui.android I/libmupdf: PageHeight=1684
2020-02-21 18:12:24.186 24731-25457/com.docin.zlibrary.ui.android I/libmupdf: In native method
2020-02-21 18:12:24.186 24731-25457/com.docin.zlibrary.ui.android I/libmupdf: Checking format
2020-02-21 18:12:24.186 24731-25457/com.docin.zlibrary.ui.android I/libmupdf: locking pixels
2020-02-21 18:12:24.186 24731-25457/com.docin.zlibrary.ui.android I/libmupdf: Rendering page(11)=1080x1527 patch=[0,0,1080,1527]
2020-02-21 18:12:24.225 867-1002/? W/ScreemCommon: processEntry, not beta version or commercial log off
2020-02-21 18:12:24.229 2339-6400/? I/PGServer: getTopFrontApp. calling pkg: android
2020-02-21 18:12:24.234 24731-25457/com.docin.zlibrary.ui.android I/libmupdf: Rendered
2020-02-21 18:12:24.380 677-803/? W/hwcomposer: setGpuFreqBoost:155: boostGpuFreq succ !
2020-02-21 18:12:24.427 2339-6400/? I/PGServer: getTopFrontApp. calling pkg: android
2020-02-21 18:12:24.504 796-796/? E/aptouch_daemon: update_frame, thp_afe_get_frame return nullptr
2020-02-21 18:12:24.527 796-796/? I/aptouch_daemon: check_afe_status, idle in. 300
2020-02-21 18:12:24.695 677-803/? W/hwcomposer: setGpuFreqBoost:160: boostGpuFreq release !
2020-02-21 18:12:24.728 796-796/? I/aptouch_daemon: check_afe_status, idle out.
2020-02-21 18:12:24.745 796-796/? I/aptouch_daemon: print_log, touch:1, down:1 (+0)
2020-02-21 18:12:24.746 1417-1818/system_process D/libfingersense_wrapper: Calling fingersense_classify_touch()
2020-02-21 18:12:24.747 1417-1818/system_process D/libfingersense_wrapper: fingersense_classify_touch() finished
2020-02-21 18:12:24.777 796-796/? I/aptouch_daemon: print_log, touch:0, down:0 
2020-02-21 18:12:24.780 24731-24731/com.docin.zlibrary.ui.android V/AudioManager: querySoundEffectsEnabled...
2020-02-21 18:12:24.782 24731-25454/com.docin.zlibrary.ui.android D/testPdfOpen: text: 苏州, page: 11
2020-02-21 18:12:24.782 24731-25454/com.docin.zlibrary.ui.android I/libmupdf: Native fun hksearch
2020-02-21 18:12:24.800 24731-25454/com.docin.zlibrary.ui.android I/libmupdf: Native fun finish
2020-02-21 18:12:24.800 24731-25454/com.docin.zlibrary.ui.android D/testPdfOpen: searchRects: 1
2020-02-21 18:12:24.800 24731-25454/com.docin.zlibrary.ui.android D/testPdfOpen: count: 1
2020-02-21 18:12:24.813 24731-24731/com.docin.zlibrary.ui.android D/testPdfOpen: PageView->setPage=11, size=PointF(1191.0, 1684.0)
2020-02-21 18:12:24.814 1417-10287/system_process E/WifiService: enforceCanAccessScanResults: hiding ssid and bssidUID 10221 has no location permission
2020-02-21 18:12:24.816 677-803/? W/hwcomposer: setGpuFreqBoost:155: boostGpuFreq succ !
2020-02-21 18:12:24.818 24731-25457/com.docin.zlibrary.ui.android I/libmupdf: PageWidth=1191
2020-02-21 18:12:24.818 24731-25457/com.docin.zlibrary.ui.android I/libmupdf: PageHeight=1684
2020-02-21 18:12:24.818 24731-24731/com.docin.zlibrary.ui.android D/testPdfOpen: PageView->setPage=10, size=PointF(1191.0, 1684.0)
2020-02-21 18:12:24.818 24731-25457/com.docin.zlibrary.ui.android I/libmupdf: In native method
2020-02-21 18:12:24.818 24731-25457/com.docin.zlibrary.ui.android I/libmupdf: Checking format
2020-02-21 18:12:24.818 24731-25457/com.docin.zlibrary.ui.android I/libmupdf: locking pixels
2020-02-21 18:12:24.818 24731-25457/com.docin.zlibrary.ui.android I/libmupdf: Rendering page(11)=1080x1527 patch=[0,0,1080,1527]
2020-02-21 18:12:24.818 1417-10287/system_process E/WifiService: enforceCanAccessScanResults: hiding ssid and bssidUID 10221 has no location permission
2020-02-21 18:12:24.833 634-3651/? I/netd: trafficSwapActiveStatsMap() <19.78ms>
2020-02-21 18:12:24.867 24731-25457/com.docin.zlibrary.ui.android I/libmupdf: Rendered
2020-02-21 18:12:24.868 24731-25459/com.docin.zlibrary.ui.android I/libmupdf: PageWidth=1191
2020-02-21 18:12:24.868 24731-25459/com.docin.zlibrary.ui.android I/libmupdf: PageHeight=1684
2020-02-21 18:12:24.869 24731-25459/com.docin.zlibrary.ui.android I/libmupdf: In native method
2020-02-21 18:12:24.869 24731-25459/com.docin.zlibrary.ui.android I/libmupdf: Checking format
2020-02-21 18:12:24.869 24731-25459/com.docin.zlibrary.ui.android I/libmupdf: locking pixels
2020-02-21 18:12:24.869 24731-25459/com.docin.zlibrary.ui.android I/libmupdf: Rendering page(10)=1080x1527 patch=[0,0,1080,1527]
2020-02-21 18:12:24.869 24731-24731/com.docin.zlibrary.ui.android D/testPdfOpen: 文件1722027697 不存在，需先下载再加载...12
2020-02-21 18:12:24.869 24731-24731/com.docin.zlibrary.ui.android D/testPdfOpen: documentSid: YvSe1izbGUSuPGuPk9PG7WJP4SZgGRO4*UpTdLCZS4TpFjOrDPnCMH87M3OX3rPe
2020-02-21 18:12:24.924 24731-24731/com.docin.zlibrary.ui.android W/com.huawei.fastapp: type=1400 audit(0.0:32480687): avc: granted { write } for pid=24731 comm=4173796E635461736B202333 name="1722027697" dev="sdcardfs" ino=277574 scontext=u:r:untrusted_app_27:s0:c512,c768 tcontext=u:object_r:sdcardfs:s0 tclass=dir
2020-02-21 18:12:24.924 24731-24731/com.docin.zlibrary.ui.android W/com.huawei.fastapp: type=1400 audit(0.0:32480688): avc: granted { add_name } for pid=24731 comm=4173796E635461736B202333 name="page-12.docin" scontext=u:r:untrusted_app_27:s0:c512,c768 tcontext=u:object_r:sdcardfs:s0 tclass=dir
2020-02-21 18:12:24.924 24731-24731/com.docin.zlibrary.ui.android W/com.huawei.fastapp: type=1400 audit(0.0:32480689): avc: granted { create } for pid=24731 comm=4173796E635461736B202333 name="page-12.docin" scontext=u:r:untrusted_app_27:s0:c512,c768 tcontext=u:object_r:sdcardfs:s0:c512,c768 tclass=file
2020-02-21 18:12:24.928 24731-24731/com.docin.zlibrary.ui.android W/com.huawei.fastapp: type=1400 audit(0.0:32480690): avc: granted { write open } for pid=24731 comm=4173796E635461736B202333 path="/storage/emulated/0/DocIn/BookShelf/Books/1722027697/page-12.docin" dev="sdcardfs" ino=311334 scontext=u:r:untrusted_app_27:s0:c512,c768 tcontext=u:object_r:sdcardfs:s0 tclass=file
2020-02-21 18:12:24.945 24731-25459/com.docin.zlibrary.ui.android I/libmupdf: Rendered
2020-02-21 18:12:24.962 677-803/? W/hwcomposer: setGpuFreqBoost:160: boostGpuFreq release !
2020-02-21 18:12:24.962 24731-25454/com.docin.zlibrary.ui.android I/libmupdf: Drop page 9
2020-02-21 18:12:24.965 24731-25454/com.docin.zlibrary.ui.android I/libmupdf: Goto page 12...
2020-02-21 18:12:24.965 24731-25454/com.docin.zlibrary.ui.android I/libmupdf: Load page 12
2020-02-21 18:12:24.964 24731-24731/com.docin.zlibrary.ui.android W/com.huawei.fastapp: type=1400 audit(0.0:32480691): avc: granted { read } for pid=24731 comm=4173796E635461736B202331 name="page-12.docin" dev="sdcardfs" ino=311334 scontext=u:r:untrusted_app_27:s0:c512,c768 tcontext=u:object_r:sdcardfs:s0 tclass=file
2020-02-21 18:12:25.013 867-1002/? W/ScreemCommon: processEntry, not beta version or commercial log off
2020-02-21 18:12:25.029 24731-25454/com.docin.zlibrary.ui.android I/libmupdf: PageWidth=1191
2020-02-21 18:12:25.029 24731-25454/com.docin.zlibrary.ui.android I/libmupdf: PageHeight=1684
2020-02-21 18:12:25.029 24731-24731/com.docin.zlibrary.ui.android D/testPdfOpen: PageView->setPage=12, size=PointF(1191.0, 1684.0)
2020-02-21 18:12:25.031 1417-10287/system_process E/WifiService: enforceCanAccessScanResults: hiding ssid and bssidUID 10221 has no location permission
2020-02-21 18:12:25.041 24731-25458/com.docin.zlibrary.ui.android I/libmupdf: PageWidth=1191
2020-02-21 18:12:25.041 24731-25458/com.docin.zlibrary.ui.android I/libmupdf: PageHeight=1684
2020-02-21 18:12:25.041 24731-25458/com.docin.zlibrary.ui.android I/libmupdf: In native method
2020-02-21 18:12:25.041 24731-25458/com.docin.zlibrary.ui.android I/libmupdf: Checking format
2020-02-21 18:12:25.041 24731-25458/com.docin.zlibrary.ui.android I/libmupdf: locking pixels
2020-02-21 18:12:25.041 24731-25458/com.docin.zlibrary.ui.android I/libmupdf: Rendering page(12)=1080x1527 patch=[0,0,1080,1527]
2020-02-21 18:12:25.184 677-803/? W/hwcomposer: setGpuFreqBoost:155: boostGpuFreq succ !
2020-02-21 18:12:25.191 24731-25458/com.docin.zlibrary.ui.android I/libmupdf: Rendered
2020-02-21 18:12:25.195 677-803/? W/hwcomposer: setGpuFreqBoost:160: boostGpuFreq release !
2020-02-21 18:12:25.349 677-803/? W/hwcomposer: setGpuFreqBoost:155: boostGpuFreq succ !
2020-02-21 18:12:25.354 796-796/? E/aptouch_daemon: update_frame, thp_afe_get_frame return nullptr
2020-02-21 18:12:25.377 796-796/? I/aptouch_daemon: check_afe_status, idle in. 300
2020-02-21 18:12:25.410 796-796/? I/aptouch_daemon: check_afe_status, idle out.
2020-02-21 18:12:25.428 796-796/? I/aptouch_daemon: print_log, touch:1, down:1 (+0)
2020-02-21 18:12:25.429 1417-1818/system_process D/libfingersense_wrapper: Calling fingersense_classify_touch()
2020-02-21 18:12:25.432 1417-1818/system_process D/libfingersense_wrapper: fingersense_classify_touch() finished
2020-02-21 18:12:25.468 796-796/? I/aptouch_daemon: print_log, touch:0, down:0 
2020-02-21 18:12:25.471 24731-24731/com.docin.zlibrary.ui.android V/AudioManager: querySoundEffectsEnabled...
2020-02-21 18:12:25.476 24731-25454/com.docin.zlibrary.ui.android D/testPdfOpen: text: 苏州, page: 12
2020-02-21 18:12:25.476 24731-25454/com.docin.zlibrary.ui.android I/libmupdf: Native fun hksearch
2020-02-21 18:12:25.519 713-713/? E/WifiHAL: enter wifi_get_link_stats
2020-02-21 18:12:25.529 1417-1845/system_process E/WificondControl: Noise: 0, Snr: -69, Chload: 127
2020-02-21 18:12:25.531 1417-1845/system_process V/HwWifiServiceFactory: get AllImpl object = com.android.server.wifi.HwWifiServiceFactoryImpl@8180053
2020-02-21 18:12:25.536 1417-1845/system_process D/TelephonyManager: getAllCellInfo calling app is android
2020-02-21 18:12:25.536 2355-3779/? W/PhoneInterfaceManager: shouldBlockLocation running ...
2020-02-21 18:12:25.537 2355-3779/? I/PhoneInterfaceManager: shouldBlockLocation  ret:false
2020-02-21 18:12:25.545 24731-25454/com.docin.zlibrary.ui.android I/libmupdf: Native fun finish
2020-02-21 18:12:25.545 24731-25454/com.docin.zlibrary.ui.android D/testPdfOpen: searchRects: 3
2020-02-21 18:12:25.545 24731-25454/com.docin.zlibrary.ui.android D/testPdfOpen: count: 4
2020-02-21 18:12:25.567 24731-24731/com.docin.zlibrary.ui.android D/testPdfOpen: PageView->setPage=12, size=PointF(1191.0, 1684.0)
2020-02-21 18:12:25.567 24731-25456/com.docin.zlibrary.ui.android I/libmupdf: Drop page 12
2020-02-21 18:12:25.569 1417-10287/system_process E/WifiService: enforceCanAccessScanResults: hiding ssid and bssidUID 10221 has no location permission
2020-02-21 18:12:25.574 24731-25456/com.docin.zlibrary.ui.android I/libmupdf: Goto page 0...
2020-02-21 18:12:25.574 24731-25456/com.docin.zlibrary.ui.android I/libmupdf: Load page 0
2020-02-21 18:12:25.643 24731-25456/com.docin.zlibrary.ui.android I/libmupdf: Drop page 0
2020-02-21 18:12:25.646 24731-25456/com.docin.zlibrary.ui.android I/libmupdf: Goto page 12...
2020-02-21 18:12:25.646 24731-25456/com.docin.zlibrary.ui.android I/libmupdf: Load page 12
2020-02-21 18:12:25.691 24731-25458/com.docin.zlibrary.ui.android I/libmupdf: PageWidth=1191
2020-02-21 18:12:25.691 24731-25458/com.docin.zlibrary.ui.android I/libmupdf: PageHeight=1684
2020-02-21 18:12:25.691 24731-25458/com.docin.zlibrary.ui.android I/libmupdf: In native method
2020-02-21 18:12:25.691 24731-25458/com.docin.zlibrary.ui.android I/libmupdf: Checking format
2020-02-21 18:12:25.691 24731-25458/com.docin.zlibrary.ui.android I/libmupdf: locking pixels
2020-02-21 18:12:25.691 24731-25458/com.docin.zlibrary.ui.android I/libmupdf: Rendering page(12)=1080x1527 patch=[0,0,1080,1527]
2020-02-21 18:12:25.693 24731-24731/com.docin.zlibrary.ui.android D/testPdfOpen: PageView->setPage=11, size=PointF(1191.0, 1684.0)
2020-02-21 18:12:25.695 1417-10287/system_process E/WifiService: enforceCanAccessScanResults: hiding ssid and bssidUID 10221 has no location permission
2020-02-21 18:12:25.797 24731-25458/com.docin.zlibrary.ui.android I/libmupdf: Rendered
2020-02-21 18:12:25.799 24731-25459/com.docin.zlibrary.ui.android I/libmupdf: PageWidth=1191
2020-02-21 18:12:25.799 24731-25459/com.docin.zlibrary.ui.android I/libmupdf: PageHeight=1684
2020-02-21 18:12:25.799 24731-25459/com.docin.zlibrary.ui.android I/libmupdf: In native method
2020-02-21 18:12:25.799 24731-25459/com.docin.zlibrary.ui.android I/libmupdf: Checking format
2020-02-21 18:12:25.799 24731-25459/com.docin.zlibrary.ui.android I/libmupdf: locking pixels
2020-02-21 18:12:25.799 24731-25459/com.docin.zlibrary.ui.android I/libmupdf: Rendering page(11)=1080x1527 patch=[0,0,1080,1527]
2020-02-21 18:12:25.801 24731-24731/com.docin.zlibrary.ui.android D/testPdfOpen: 文件1722027697 不存在，需先下载再加载...13
2020-02-21 18:12:25.801 24731-24731/com.docin.zlibrary.ui.android D/testPdfOpen: documentSid: YvSe1izbGUSuPGuPk9PG7WJP4SZgGRO4*UpTdLCZS4TpFjOrDPnCMH87M3OX3rPe
2020-02-21 18:12:25.809 634-1140/? W//system/bin/netd: A binder object at 0x79bc293b00 is being transacted on, however, this object is in the same process as its proxy. Transacting with this binder is expensive compared to just calling the corresponding functionality in the same process.
2020-02-21 18:12:25.809 634-1140/? I/PreDnsController: canPreDnsQuery,persist.sys.predns is false!
2020-02-21 18:12:25.809 634-26272/? W/DnsProxyListener: GetAddrInfoHandler::run: {820 262964 820 983860 10221 0}
2020-02-21 18:12:25.809 634-26272/? W/getaddrinfo: android_getaddrinfofornetcontext: explore_numeric: ai_family=10 ai_socktype=1 ai_protocol=6
2020-02-21 18:12:25.809 634-26272/? W/getaddrinfo: android_getaddrinfofornetcontext: explore_numeric: ai_family=2 ai_socktype=1 ai_protocol=6
2020-02-21 18:12:25.810 634-26272/? W/res_mkquery: res_nmkquery: (QUERY, IN, A)
2020-02-21 18:12:25.810 634-26272/? W/res_send: res_nsend
2020-02-21 18:12:25.810 634-26272/? W/res_cache: _resolv_cache_lookup: lookup
2020-02-21 18:12:25.811 634-26272/? E/ResolverController: No valid NAT64 prefix (820, <unspecified>/0)
2020-02-21 18:12:25.837 24731-25459/com.docin.zlibrary.ui.android I/libmupdf: Rendered
2020-02-21 18:12:25.861 677-803/? W/hwcomposer: setGpuFreqBoost:160: boostGpuFreq release !
2020-02-21 18:12:25.904 867-1002/? W/ScreemCommon: processEntry, not beta version or commercial log off
2020-02-21 18:12:25.937 24731-25458/com.docin.zlibrary.ui.android I/libmupdf: Drop page 10
2020-02-21 18:12:25.939 24731-25458/com.docin.zlibrary.ui.android I/libmupdf: Goto page 13...
2020-02-21 18:12:25.939 24731-25458/com.docin.zlibrary.ui.android I/libmupdf: Load page 13
2020-02-21 18:12:25.936 24731-24731/com.docin.zlibrary.ui.android W/com.huawei.fastapp: type=1400 audit(0.0:32480711): avc: granted { read } for pid=24731 comm=4173796E635461736B202334 name="page-13.docin" dev="sdcardfs" ino=280926 scontext=u:r:untrusted_app_27:s0:c512,c768 tcontext=u:object_r:sdcardfs:s0 tclass=file
2020-02-21 18:12:25.948 53-53/? W/migration/7: type=1400 audit(0.0:32480713): avc: granted { setsched } for pid=53 scontext=u:r:kernel:s0 tcontext=u:r:kernel:s0 tclass=process
2020-02-21 18:12:25.952 53-53/? W/migration/7: type=1400 audit(0.0:32480714): avc: granted { setsched } for pid=53 scontext=u:r:kernel:s0 tcontext=u:r:kernel:s0 tclass=process
2020-02-21 18:12:25.975 24731-25458/com.docin.zlibrary.ui.android I/libmupdf: PageWidth=1191
2020-02-21 18:12:25.975 24731-25458/com.docin.zlibrary.ui.android I/libmupdf: PageHeight=1684
2020-02-21 18:12:25.975 24731-24731/com.docin.zlibrary.ui.android D/testPdfOpen: PageView->setPage=13, size=PointF(1191.0, 1684.0)
2020-02-21 18:12:25.978 1417-10287/system_process E/WifiService: enforceCanAccessScanResults: hiding ssid and bssidUID 10221 has no location permission
2020-02-21 18:12:25.988 24731-25456/com.docin.zlibrary.ui.android I/libmupdf: PageWidth=1191
2020-02-21 18:12:25.988 24731-25456/com.docin.zlibrary.ui.android I/libmupdf: PageHeight=1684
2020-02-21 18:12:25.988 24731-25456/com.docin.zlibrary.ui.android I/libmupdf: In native method
2020-02-21 18:12:25.988 24731-25456/com.docin.zlibrary.ui.android I/libmupdf: Checking format
2020-02-21 18:12:25.988 24731-25456/com.docin.zlibrary.ui.android I/libmupdf: locking pixels
2020-02-21 18:12:25.988 24731-25456/com.docin.zlibrary.ui.android I/libmupdf: Rendering page(13)=1080x1527 patch=[0,0,1080,1527]
2020-02-21 18:12:26.046 796-796/? E/aptouch_daemon: update_frame, thp_afe_get_frame return nullptr
2020-02-21 18:12:26.069 634-3651/? I/netd: trafficSwapActiveStatsMap() <15.51ms>
2020-02-21 18:12:26.071 1417-1844/system_process I/TrafficMonitor: update:rxPkts:64,txPkts:64,rxBytes:65762,txBytes:19650
2020-02-21 18:12:26.071 1417-1844/system_process I/TrafficMonitor: no expired. level:4
2020-02-21 18:12:26.071 1417-1844/system_process I/TrafficMonitor: gettimer:interval=2000
2020-02-21 18:12:26.071 1417-1844/system_process I/TrafficMonitor: during_ms:2006,period_ms:2000
2020-02-21 18:12:26.071 1417-1844/system_process I/TrafficMonitor: count:49,rx_sum:64,tx_sum:64,rxBytes:65762,during_ms:2006,rx_speed:32782.6520438684,tx_speed:9795.613160518446,rto:1.0
2020-02-21 18:12:26.076 24731-25456/com.docin.zlibrary.ui.android I/libmupdf: Rendered
2020-02-21 18:12:26.077 796-796/? I/aptouch_daemon: check_afe_status, idle in. 300
2020-02-21 18:12:26.097 2339-6596/? I/DownloadState: singleUid: 10221 [com.docin.zlibrary.ui.android] speed: 27667 real speed: 27393 (rxB:82420 txB:55919 rxP:93 txP:94) scroff: false
2020-02-21 18:12:26.097 2339-6596/? I/DownloadState: singleUid: 10103 [com.huawei.browser] speed: 517 real speed: 512 (rxB:498 txB:2088 rxP:3 txP:2) scroff: false
2020-02-21 18:12:26.106 2339-6596/? I/DownloadState: shareUid: 0 default_socket transmitting data speed : 56 bytes/s (rxB:160 txB:120 rxP:4 txP:3 iface:1) scroff: false
2020-02-21 18:12:26.106 2339-6596/? I/DownloadState: shareUid: 0 default_sk transmitting data speed : 40 bytes/s (rxB:204 txB:0 rxP:3 txP:0 iface:1) scroff: false
2020-02-21 18:12:26.110 796-796/? I/aptouch_daemon: check_afe_status, idle out.
2020-02-21 18:12:26.127 796-796/? I/aptouch_daemon: print_log, touch:1, down:1 (+0)
2020-02-21 18:12:26.128 1417-1818/system_process D/libfingersense_wrapper: Calling fingersense_classify_touch()
2020-02-21 18:12:26.131 1417-1818/system_process D/libfingersense_wrapper: fingersense_classify_touch() finished
2020-02-21 18:12:26.185 796-796/? I/aptouch_daemon: print_log, touch:0, down:0 
2020-02-21 18:12:26.186 24731-24731/com.docin.zlibrary.ui.android V/AudioManager: querySoundEffectsEnabled...
2020-02-21 18:12:26.188 53-53/? W/migration/7: type=1400 audit(0.0:32480715): avc: granted { setsched } for pid=53 scontext=u:r:kernel:s0 tcontext=u:r:kernel:s0 tclass=process
2020-02-21 18:12:26.192 24731-25458/com.docin.zlibrary.ui.android D/testPdfOpen: text: 苏州, page: 13
2020-02-21 18:12:26.192 24731-25458/com.docin.zlibrary.ui.android I/libmupdf: Native fun hksearch
2020-02-21 18:12:26.233 677-803/? W/hwcomposer: setGpuFreqBoost:155: boostGpuFreq succ !
2020-02-21 18:12:26.241 24731-25458/com.docin.zlibrary.ui.android I/libmupdf: Native fun finish
2020-02-21 18:12:26.241 24731-25458/com.docin.zlibrary.ui.android D/testPdfOpen: searchRects: 1
2020-02-21 18:12:26.241 24731-25458/com.docin.zlibrary.ui.android D/testPdfOpen: count: 1
2020-02-21 18:12:26.263 24731-24731/com.docin.zlibrary.ui.android D/testPdfOpen: PageView->setPage=13, size=PointF(1191.0, 1684.0)
2020-02-21 18:12:26.264 1417-10287/system_process E/WifiService: enforceCanAccessScanResults: hiding ssid and bssidUID 10221 has no location permission
2020-02-21 18:12:26.268 24731-25459/com.docin.zlibrary.ui.android I/libmupdf: PageWidth=1191
2020-02-21 18:12:26.268 24731-25459/com.docin.zlibrary.ui.android I/libmupdf: PageHeight=1684
2020-02-21 18:12:26.268 24731-25459/com.docin.zlibrary.ui.android I/libmupdf: In native method
2020-02-21 18:12:26.268 24731-25459/com.docin.zlibrary.ui.android I/libmupdf: Checking format
2020-02-21 18:12:26.268 24731-25459/com.docin.zlibrary.ui.android I/libmupdf: locking pixels
2020-02-21 18:12:26.268 24731-25459/com.docin.zlibrary.ui.android I/libmupdf: Rendering page(13)=1080x1527 patch=[0,0,1080,1527]
2020-02-21 18:12:26.268 24731-24731/com.docin.zlibrary.ui.android D/testPdfOpen: PageView->setPage=12, size=PointF(1191.0, 1684.0)
2020-02-21 18:12:26.269 1417-3003/system_process E/WifiService: enforceCanAccessScanResults: hiding ssid and bssidUID 10221 has no location permission
2020-02-21 18:12:26.334 24731-25459/com.docin.zlibrary.ui.android I/libmupdf: Rendered
2020-02-21 18:12:26.335 24731-25456/com.docin.zlibrary.ui.android I/libmupdf: PageWidth=1191
2020-02-21 18:12:26.335 24731-25456/com.docin.zlibrary.ui.android I/libmupdf: PageHeight=1684
2020-02-21 18:12:26.335 24731-25456/com.docin.zlibrary.ui.android I/libmupdf: In native method
2020-02-21 18:12:26.335 24731-25456/com.docin.zlibrary.ui.android I/libmupdf: Checking format
2020-02-21 18:12:26.335 24731-25456/com.docin.zlibrary.ui.android I/libmupdf: locking pixels
2020-02-21 18:12:26.335 24731-25456/com.docin.zlibrary.ui.android I/libmupdf: Rendering page(12)=1080x1527 patch=[0,0,1080,1527]
2020-02-21 18:12:26.336 24731-24731/com.docin.zlibrary.ui.android D/testPdfOpen: 文件1722027697 不存在，需先下载再加载...14
2020-02-21 18:12:26.336 24731-24731/com.docin.zlibrary.ui.android D/testPdfOpen: documentSid: YvSe1izbGUSuPGuPk9PG7WJP4SZgGRO4*UpTdLCZS4TpFjOrDPnCMH87M3OX3rPe
2020-02-21 18:12:26.411 24731-25456/com.docin.zlibrary.ui.android I/libmupdf: Rendered
2020-02-21 18:12:26.414 24731-24731/com.docin.zlibrary.ui.android I/HwViewRootImpl: removeInvalidNode jank list is null
2020-02-21 18:12:26.427 677-803/? W/hwcomposer: setGpuFreqBoost:160: boostGpuFreq release !
2020-02-21 18:12:26.442 24731-25458/com.docin.zlibrary.ui.android I/libmupdf: Drop page 11
2020-02-21 18:12:26.443 24731-25458/com.docin.zlibrary.ui.android I/libmupdf: Goto page 14...
2020-02-21 18:12:26.443 24731-25458/com.docin.zlibrary.ui.android I/libmupdf: Load page 14
2020-02-21 18:12:26.472 867-1002/? W/ScreemCommon: processEntry, not beta version or commercial log off
2020-02-21 18:12:26.487 24731-25458/com.docin.zlibrary.ui.android I/libmupdf: PageWidth=1191
2020-02-21 18:12:26.487 24731-25458/com.docin.zlibrary.ui.android I/libmupdf: PageHeight=1684
2020-02-21 18:12:26.487 24731-24731/com.docin.zlibrary.ui.android D/testPdfOpen: PageView->setPage=14, size=PointF(1191.0, 1684.0)
2020-02-21 18:12:26.488 1417-3003/system_process E/WifiService: enforceCanAccessScanResults: hiding ssid and bssidUID 10221 has no location permission
2020-02-21 18:12:26.491 24731-25457/com.docin.zlibrary.ui.android I/libmupdf: PageWidth=1191
2020-02-21 18:12:26.491 24731-25457/com.docin.zlibrary.ui.android I/libmupdf: PageHeight=1684
2020-02-21 18:12:26.491 24731-25457/com.docin.zlibrary.ui.android I/libmupdf: In native method
2020-02-21 18:12:26.491 24731-25457/com.docin.zlibrary.ui.android I/libmupdf: Checking format
2020-02-21 18:12:26.491 24731-25457/com.docin.zlibrary.ui.android I/libmupdf: locking pixels
2020-02-21 18:12:26.491 24731-25457/com.docin.zlibrary.ui.android I/libmupdf: Rendering page(14)=1080x1527 patch=[0,0,1080,1527]
2020-02-21 18:12:26.596 24731-25457/com.docin.zlibrary.ui.android I/libmupdf: Rendered
2020-02-21 18:12:26.748 677-803/? W/hwcomposer: setGpuFreqBoost:155: boostGpuFreq succ !
2020-02-21 18:12:26.762 796-796/? E/aptouch_daemon: update_frame, thp_afe_get_frame return nullptr
2020-02-21 18:12:26.793 796-796/? I/aptouch_daemon: check_afe_status, idle in. 300
2020-02-21 18:12:26.826 796-796/? I/aptouch_daemon: check_afe_status, idle out.
2020-02-21 18:12:26.844 796-796/? I/aptouch_daemon: print_log, touch:1, down:1 (+0)
2020-02-21 18:12:26.844 1417-1818/system_process D/libfingersense_wrapper: Calling fingersense_classify_touch()
2020-02-21 18:12:26.845 1417-1818/system_process D/libfingersense_wrapper: fingersense_classify_touch() finished
2020-02-21 18:12:26.901 796-796/? I/aptouch_daemon: print_log, touch:0, down:0 
2020-02-21 18:12:26.903 24731-24731/com.docin.zlibrary.ui.android V/AudioManager: querySoundEffectsEnabled...
2020-02-21 18:12:26.907 24731-25458/com.docin.zlibrary.ui.android D/testPdfOpen: text: 苏州, page: 14
2020-02-21 18:12:26.907 24731-25458/com.docin.zlibrary.ui.android I/libmupdf: Native fun hksearch
2020-02-21 18:12:26.944 677-803/? W/hwcomposer: setGpuFreqBoost:160: boostGpuFreq release !
2020-02-21 18:12:26.955 24731-25458/com.docin.zlibrary.ui.android I/libmupdf: Native fun finish
2020-02-21 18:12:26.955 24731-25458/com.docin.zlibrary.ui.android D/testPdfOpen: searchRects: 1
2020-02-21 18:12:26.956 24731-25458/com.docin.zlibrary.ui.android D/testPdfOpen: count: 1
2020-02-21 18:12:26.962 24731-24731/com.docin.zlibrary.ui.android D/testPdfOpen: PageView->setPage=14, size=PointF(1191.0, 1684.0)
2020-02-21 18:12:26.962 24731-25459/com.docin.zlibrary.ui.android I/libmupdf: Drop page 14
2020-02-21 18:12:26.963 1417-10287/system_process E/WifiService: enforceCanAccessScanResults: hiding ssid and bssidUID 10221 has no location permission
2020-02-21 18:12:26.964 24731-25459/com.docin.zlibrary.ui.android I/libmupdf: Goto page 0...
2020-02-21 18:12:26.964 24731-25459/com.docin.zlibrary.ui.android I/libmupdf: Load page 0
2020-02-21 18:12:26.960 24731-24731/com.docin.zlibrary.ui.android W/com.huawei.fastapp: type=1400 audit(0.0:32480733): avc: granted { read } for pid=24731 comm=4173796E635461736B202335 name="page-0.docin" dev="sdcardfs" ino=270161 scontext=u:r:untrusted_app_27:s0:c512,c768 tcontext=u:object_r:sdcardfs:s0 tclass=file
2020-02-21 18:12:26.960 24731-24731/com.docin.zlibrary.ui.android W/com.huawei.fastapp: type=1400 audit(0.0:32480734): avc: granted { read open } for pid=24731 comm=4173796E635461736B202335 path="/storage/emulated/0/DocIn/BookShelf/Books/1722027697/page-0.docin" dev="sdcardfs" ino=270161 scontext=u:r:untrusted_app_27:s0:c512,c768 tcontext=u:object_r:sdcardfs:s0 tclass=file
2020-02-21 18:12:27.002 24731-25459/com.docin.zlibrary.ui.android I/libmupdf: Drop page 0
2020-02-21 18:12:27.004 24731-25459/com.docin.zlibrary.ui.android I/libmupdf: Goto page 14...
2020-02-21 18:12:27.004 24731-25459/com.docin.zlibrary.ui.android I/libmupdf: Load page 14
2020-02-21 18:12:27.000 24731-24731/com.docin.zlibrary.ui.android W/com.huawei.fastapp: type=1400 audit(0.0:32480735): avc: granted { read } for pid=24731 comm=4173796E635461736B202335 name="page-14.docin" dev="sdcardfs" ino=255225 scontext=u:r:untrusted_app_27:s0:c512,c768 tcontext=u:object_r:sdcardfs:s0 tclass=file
2020-02-21 18:12:27.000 24731-24731/com.docin.zlibrary.ui.android W/com.huawei.fastapp: type=1400 audit(0.0:32480736): avc: granted { read open } for pid=24731 comm=4173796E635461736B202335 path="/storage/emulated/0/DocIn/BookShelf/Books/1722027697/page-14.docin" dev="sdcardfs" ino=255225 scontext=u:r:untrusted_app_27:s0:c512,c768 tcontext=u:object_r:sdcardfs:s0 tclass=file
2020-02-21 18:12:27.039 24731-25457/com.docin.zlibrary.ui.android I/libmupdf: PageWidth=1191
2020-02-21 18:12:27.039 24731-25457/com.docin.zlibrary.ui.android I/libmupdf: PageHeight=1684
2020-02-21 18:12:27.039 24731-25457/com.docin.zlibrary.ui.android I/libmupdf: In native method
2020-02-21 18:12:27.039 24731-25457/com.docin.zlibrary.ui.android I/libmupdf: Checking format
2020-02-21 18:12:27.039 24731-25457/com.docin.zlibrary.ui.android I/libmupdf: locking pixels
2020-02-21 18:12:27.039 24731-25457/com.docin.zlibrary.ui.android I/libmupdf: Rendering page(14)=1080x1527 patch=[0,0,1080,1527]
2020-02-21 18:12:27.039 24731-24731/com.docin.zlibrary.ui.android D/testPdfOpen: PageView->setPage=13, size=PointF(1191.0, 1684.0)
2020-02-21 18:12:27.040 1417-10287/system_process E/WifiService: enforceCanAccessScanResults: hiding ssid and bssidUID 10221 has no location permission
2020-02-21 18:12:27.114 677-803/? W/hwcomposer: setGpuFreqBoost:155: boostGpuFreq succ !
2020-02-21 18:12:27.126 24731-25457/com.docin.zlibrary.ui.android I/libmupdf: Rendered
2020-02-21 18:12:27.127 24731-25456/com.docin.zlibrary.ui.android I/libmupdf: PageWidth=1191
2020-02-21 18:12:27.127 24731-25456/com.docin.zlibrary.ui.android I/libmupdf: PageHeight=1684
2020-02-21 18:12:27.127 24731-25456/com.docin.zlibrary.ui.android I/libmupdf: In native method
2020-02-21 18:12:27.127 24731-25456/com.docin.zlibrary.ui.android I/libmupdf: Checking format
2020-02-21 18:12:27.127 24731-25456/com.docin.zlibrary.ui.android I/libmupdf: locking pixels
2020-02-21 18:12:27.127 24731-25456/com.docin.zlibrary.ui.android I/libmupdf: Rendering page(13)=1080x1527 patch=[0,0,1080,1527]
2020-02-21 18:12:27.127 24731-24731/com.docin.zlibrary.ui.android D/testPdfOpen: 文件1722027697 存在直接加载...15
2020-02-21 18:12:27.177 24731-25456/com.docin.zlibrary.ui.android I/libmupdf: Rendered
2020-02-21 18:12:27.177 24731-25456/com.docin.zlibrary.ui.android I/libmupdf: Drop page 12
2020-02-21 18:12:27.179 24731-25456/com.docin.zlibrary.ui.android I/libmupdf: Goto page 15...
2020-02-21 18:12:27.179 24731-25456/com.docin.zlibrary.ui.android I/libmupdf: Load page 15
2020-02-21 18:12:27.176 24731-24731/com.docin.zlibrary.ui.android W/com.huawei.fastapp: type=1400 audit(0.0:32480737): avc: granted { read } for pid=24731 comm=4173796E635461736B202332 name="page-15.docin" dev="sdcardfs" ino=223303 scontext=u:r:untrusted_app_27:s0:c512,c768 tcontext=u:object_r:sdcardfs:s0 tclass=file
2020-02-21 18:12:27.194 677-803/? W/hwcomposer: setGpuFreqBoost:160: boostGpuFreq release !
2020-02-21 18:12:27.209 24731-25456/com.docin.zlibrary.ui.android I/libmupdf: PageWidth=1191
2020-02-21 18:12:27.209 24731-25456/com.docin.zlibrary.ui.android I/libmupdf: PageHeight=1684
2020-02-21 18:12:27.209 24731-24731/com.docin.zlibrary.ui.android D/testPdfOpen: PageView->setPage=15, size=PointF(1191.0, 1684.0)
2020-02-21 18:12:27.211 1417-10287/system_process E/WifiService: enforceCanAccessScanResults: hiding ssid and bssidUID 10221 has no location permission
2020-02-21 18:12:27.215 24731-25459/com.docin.zlibrary.ui.android I/libmupdf: PageWidth=1191
2020-02-21 18:12:27.216 24731-25459/com.docin.zlibrary.ui.android I/libmupdf: PageHeight=1684
2020-02-21 18:12:27.216 24731-25459/com.docin.zlibrary.ui.android I/libmupdf: In native method
2020-02-21 18:12:27.216 24731-25459/com.docin.zlibrary.ui.android I/libmupdf: Checking format
2020-02-21 18:12:27.216 24731-25459/com.docin.zlibrary.ui.android I/libmupdf: locking pixels
2020-02-21 18:12:27.216 24731-25459/com.docin.zlibrary.ui.android I/libmupdf: Rendering page(15)=1080x1527 patch=[0,0,1080,1527]
2020-02-21 18:12:27.245 867-1002/? W/ScreemCommon: processEntry, not beta version or commercial log off
2020-02-21 18:12:27.298 24731-25459/com.docin.zlibrary.ui.android I/libmupdf: Rendered
2020-02-21 18:12:27.479 796-796/? E/aptouch_daemon: update_frame, thp_afe_get_frame return nullptr
2020-02-21 18:12:27.509 796-796/? I/aptouch_daemon: check_afe_status, idle in. 300
2020-02-21 18:12:27.543 796-796/? I/aptouch_daemon: check_afe_status, idle out.
2020-02-21 18:12:27.560 796-796/? I/aptouch_daemon: print_log, touch:1, down:1 (+0)
2020-02-21 18:12:27.561 1417-1818/system_process D/libfingersense_wrapper: Calling fingersense_classify_touch()
2020-02-21 18:12:27.565 1417-1818/system_process D/libfingersense_wrapper: fingersense_classify_touch() finished
2020-02-21 18:12:27.567 677-803/? W/hwcomposer: setGpuFreqBoost:155: boostGpuFreq succ !
2020-02-21 18:12:27.610 796-796/? I/aptouch_daemon: print_log, touch:0, down:0 
2020-02-21 18:12:27.611 24731-24731/com.docin.zlibrary.ui.android V/AudioManager: querySoundEffectsEnabled...
2020-02-21 18:12:27.616 24731-25456/com.docin.zlibrary.ui.android D/testPdfOpen: text: 苏州, page: 15
2020-02-21 18:12:27.616 24731-25456/com.docin.zlibrary.ui.android I/libmupdf: Native fun hksearch
2020-02-21 18:12:27.667 24731-25456/com.docin.zlibrary.ui.android I/libmupdf: Native fun finish
2020-02-21 18:12:27.667 24731-25456/com.docin.zlibrary.ui.android D/testPdfOpen: searchRects: 0
2020-02-21 18:12:27.667 24731-25456/com.docin.zlibrary.ui.android D/testPdfOpen: count: 0
2020-02-21 18:12:27.667 24731-25456/com.docin.zlibrary.ui.android D/testPdfOpen: text: 苏州, page: 16
2020-02-21 18:12:27.667 24731-25456/com.docin.zlibrary.ui.android I/libmupdf: Native fun hksearch
2020-02-21 18:12:27.704 24731-25456/com.docin.zlibrary.ui.android I/libmupdf: Native fun finish
2020-02-21 18:12:27.705 24731-25456/com.docin.zlibrary.ui.android D/testPdfOpen: searchRects: 0
2020-02-21 18:12:27.705 24731-25456/com.docin.zlibrary.ui.android D/testPdfOpen: count: 0
2020-02-21 18:12:27.705 24731-25456/com.docin.zlibrary.ui.android D/testPdfOpen: text: 苏州, page: 17
2020-02-21 18:12:27.705 24731-25456/com.docin.zlibrary.ui.android I/libmupdf: Native fun hksearch
2020-02-21 18:12:27.737 24731-25456/com.docin.zlibrary.ui.android I/libmupdf: Native fun finish
2020-02-21 18:12:27.737 24731-25456/com.docin.zlibrary.ui.android D/testPdfOpen: searchRects: 3
2020-02-21 18:12:27.737 24731-25456/com.docin.zlibrary.ui.android D/testPdfOpen: count: 3
2020-02-21 18:12:27.754 24731-24731/com.docin.zlibrary.ui.android D/testPdfOpen: 文件1722027697 存在直接加载...17
2020-02-21 18:12:27.755 24731-25457/com.docin.zlibrary.ui.android I/libmupdf: Drop page 13
2020-02-21 18:12:27.756 24731-24731/com.docin.zlibrary.ui.android D/testPdfOpen: 文件1722027697 存在直接加载...16
2020-02-21 18:12:27.757 24731-25457/com.docin.zlibrary.ui.android I/libmupdf: Goto page 17...
2020-02-21 18:12:27.757 24731-25457/com.docin.zlibrary.ui.android I/libmupdf: Load page 17
2020-02-21 18:12:27.759 24731-24731/com.docin.zlibrary.ui.android D/testPdfOpen: 文件1722027697 不存在，需先下载再加载...18
2020-02-21 18:12:27.759 24731-24731/com.docin.zlibrary.ui.android D/testPdfOpen: documentSid: YvSe1izbGUSuPGuPk9PG7WJP4SZgGRO4*UpTdLCZS4TpFjOrDPnCMH87M3OX3rPe
2020-02-21 18:12:27.794 24731-25457/com.docin.zlibrary.ui.android I/libmupdf: PageWidth=1191
2020-02-21 18:12:27.794 24731-25457/com.docin.zlibrary.ui.android I/libmupdf: PageHeight=1684
2020-02-21 18:12:27.794 24731-25457/com.docin.zlibrary.ui.android I/libmupdf: Drop page 14
2020-02-21 18:12:27.794 677-803/? W/hwcomposer: setGpuFreqBoost:160: boostGpuFreq release !
2020-02-21 18:12:27.794 24731-24731/com.docin.zlibrary.ui.android D/testPdfOpen: PageView->setPage=17, size=PointF(1191.0, 1684.0)
2020-02-21 18:12:27.796 1417-10287/system_process E/WifiService: enforceCanAccessScanResults: hiding ssid and bssidUID 10221 has no location permission
2020-02-21 18:12:27.797 24731-25457/com.docin.zlibrary.ui.android I/libmupdf: Goto page 16...
2020-02-21 18:12:27.797 24731-25457/com.docin.zlibrary.ui.android I/libmupdf: Load page 16
2020-02-21 18:12:27.831 24731-25457/com.docin.zlibrary.ui.android I/libmupdf: PageWidth=1191
2020-02-21 18:12:27.831 24731-25457/com.docin.zlibrary.ui.android I/libmupdf: PageHeight=1684
2020-02-21 18:12:27.832 24731-25458/com.docin.zlibrary.ui.android I/libmupdf: PageWidth=1191
2020-02-21 18:12:27.832 24731-25458/com.docin.zlibrary.ui.android I/libmupdf: PageHeight=1684
2020-02-21 18:12:27.832 24731-25458/com.docin.zlibrary.ui.android I/libmupdf: In native method
2020-02-21 18:12:27.832 24731-25458/com.docin.zlibrary.ui.android I/libmupdf: Checking format
2020-02-21 18:12:27.832 24731-25458/com.docin.zlibrary.ui.android I/libmupdf: locking pixels
2020-02-21 18:12:27.832 24731-25458/com.docin.zlibrary.ui.android I/libmupdf: Rendering page(17)=1080x1527 patch=[0,0,1080,1527]
2020-02-21 18:12:27.932 677-803/? W/hwcomposer: setGpuFreqBoost:155: boostGpuFreq succ !
2020-02-21 18:12:27.940 24731-25458/com.docin.zlibrary.ui.android I/libmupdf: Rendered
2020-02-21 18:12:27.943 24731-24731/com.docin.zlibrary.ui.android D/testPdfOpen: PageView->setPage=16, size=PointF(1191.0, 1684.0)
2020-02-21 18:12:27.944 1417-10287/system_process E/WifiService: enforceCanAccessScanResults: hiding ssid and bssidUID 10221 has no location permission
2020-02-21 18:12:27.949 24731-25456/com.docin.zlibrary.ui.android I/libmupdf: PageWidth=1191
2020-02-21 18:12:27.949 24731-25456/com.docin.zlibrary.ui.android I/libmupdf: PageHeight=1684
2020-02-21 18:12:27.949 24731-25456/com.docin.zlibrary.ui.android I/libmupdf: In native method
2020-02-21 18:12:27.949 24731-25456/com.docin.zlibrary.ui.android I/libmupdf: Checking format
2020-02-21 18:12:27.949 24731-25456/com.docin.zlibrary.ui.android I/libmupdf: locking pixels
2020-02-21 18:12:27.949 24731-25456/com.docin.zlibrary.ui.android I/libmupdf: Rendering page(16)=1080x1527 patch=[0,0,1080,1527]
2020-02-21 18:12:27.960 677-1103/? W/hwcomposer: setGpuFreqBoost:160: boostGpuFreq release !
2020-02-21 18:12:28.004 867-1002/? W/ScreemCommon: processEntry, not beta version or commercial log off
2020-02-21 18:12:28.075 1417-1844/system_process I/TrafficMonitor: update:rxPkts:48,txPkts:47,rxBytes:53933,txBytes:4373
2020-02-21 18:12:28.075 1417-1844/system_process I/TrafficMonitor: no expired. level:3
2020-02-21 18:12:28.075 1417-1844/system_process I/TrafficMonitor: gettimer:interval=2000
2020-02-21 18:12:28.075 1417-1844/system_process I/TrafficMonitor: during_ms:2004,period_ms:2000
2020-02-21 18:12:28.075 1417-1844/system_process I/TrafficMonitor: count:50,rx_sum:48,tx_sum:47,rxBytes:53933,during_ms:2004,rx_speed:26912.674650698602,tx_speed:2182.135728542914,rto:1.0212765957446808
2020-02-21 18:12:28.076 24731-25456/com.docin.zlibrary.ui.android I/libmupdf: Rendered
2020-02-21 18:12:28.076 24731-25456/com.docin.zlibrary.ui.android I/libmupdf: Drop page 15
2020-02-21 18:12:28.079 24731-25456/com.docin.zlibrary.ui.android I/libmupdf: Goto page 18...
2020-02-21 18:12:28.079 24731-25456/com.docin.zlibrary.ui.android I/libmupdf: Load page 18
