2020-02-21 18:12:28.076 24731-24731/com.docin.zlibrary.ui.android W/com.huawei.fastapp: type=1400 audit(0.0:32480757): avc: granted { read } for pid=24731 comm=4173796E635461736B202332 name="page-18.docin" dev="sdcardfs" ino=201505 scontext=u:r:untrusted_app_27:s0:c512,c768 tcontext=u:object_r:sdcardfs:s0 tclass=file
2020-02-21 18:12:28.099 677-1103/? W/hwcomposer: setGpuFreqBoost:155: boostGpuFreq succ !
2020-02-21 18:12:28.110 677-1103/? W/hwcomposer: setGpuFreqBoost:160: boostGpuFreq release !
2020-02-21 18:12:28.113 24731-25456/com.docin.zlibrary.ui.android I/libmupdf: PageWidth=1191
2020-02-21 18:12:28.113 24731-25456/com.docin.zlibrary.ui.android I/libmupdf: PageHeight=1684
2020-02-21 18:12:28.114 24731-24731/com.docin.zlibrary.ui.android D/testPdfOpen: PageView->setPage=18, size=PointF(1191.0, 1684.0)
2020-02-21 18:12:28.116 1417-1782/system_process E/WifiService: enforceCanAccessScanResults: hiding ssid and bssidUID 10221 has no location permission
2020-02-21 18:12:28.118 796-796/? I/aptouch_daemon: print_log, touch:1, down:1 (+0)
2020-02-21 18:12:28.118 1417-1818/system_process D/libfingersense_wrapper: Calling fingersense_classify_touch()
2020-02-21 18:12:28.122 1417-1818/system_process D/libfingersense_wrapper: fingersense_classify_touch() finished
2020-02-21 18:12:28.128 24731-25458/com.docin.zlibrary.ui.android I/libmupdf: PageWidth=1191
2020-02-21 18:12:28.128 24731-25458/com.docin.zlibrary.ui.android I/libmupdf: PageHeight=1684
2020-02-21 18:12:28.128 24731-25458/com.docin.zlibrary.ui.android I/libmupdf: In native method
2020-02-21 18:12:28.128 24731-25458/com.docin.zlibrary.ui.android I/libmupdf: Checking format
2020-02-21 18:12:28.128 24731-25458/com.docin.zlibrary.ui.android I/libmupdf: locking pixels
2020-02-21 18:12:28.128 24731-25458/com.docin.zlibrary.ui.android I/libmupdf: Rendering page(18)=1080x1527 patch=[0,0,1080,1527]
2020-02-21 18:12:28.184 796-796/? I/aptouch_daemon: print_log, touch:0, down:0 
2020-02-21 18:12:28.186 24731-24731/com.docin.zlibrary.ui.android V/AudioManager: querySoundEffectsEnabled...
2020-02-21 18:12:28.197 850-941/? I/storaged: storaged_t::event: storage_info refreshed.
2020-02-21 18:12:28.222 24731-25458/com.docin.zlibrary.ui.android I/libmupdf: Rendered
2020-02-21 18:12:28.222 24731-25456/com.docin.zlibrary.ui.android D/testPdfOpen: text: 苏州, page: 18
2020-02-21 18:12:28.222 24731-25456/com.docin.zlibrary.ui.android I/libmupdf: Native fun hksearch
2020-02-21 18:12:28.220 24731-24731/com.docin.zlibrary.ui.android W/com.huawei.fastapp: type=1400 audit(0.0:32480759): avc: granted { read } for pid=24731 comm=4173796E635461736B202332 name="page-18.docin" dev="sdcardfs" ino=201505 scontext=u:r:untrusted_app_27:s0:c512,c768 tcontext=u:object_r:sdcardfs:s0 tclass=file
2020-02-21 18:12:28.220 24731-24731/com.docin.zlibrary.ui.android W/com.huawei.fastapp: type=1400 audit(0.0:32480760): avc: granted { read open } for pid=24731 comm=4173796E635461736B202332 path="/storage/emulated/0/DocIn/BookShelf/Books/1722027697/page-18.docin" dev="sdcardfs" ino=201505 scontext=u:r:untrusted_app_27:s0:c512,c768 tcontext=u:object_r:sdcardfs:s0 tclass=file
2020-02-21 18:12:28.251 24731-25456/com.docin.zlibrary.ui.android I/libmupdf: Native fun finish
2020-02-21 18:12:28.251 24731-25456/com.docin.zlibrary.ui.android D/testPdfOpen: searchRects: 0
2020-02-21 18:12:28.251 24731-25456/com.docin.zlibrary.ui.android D/testPdfOpen: count: 0
2020-02-21 18:12:28.251 24731-25456/com.docin.zlibrary.ui.android D/testPdfOpen: text: 苏州, page: 19
2020-02-21 18:12:28.251 24731-25456/com.docin.zlibrary.ui.android I/libmupdf: Native fun hksearch
2020-02-21 18:12:28.255 24731-25456/com.docin.zlibrary.ui.android I/libmupdf: Native fun finish
2020-02-21 18:12:28.255 24731-25456/com.docin.zlibrary.ui.android D/testPdfOpen: searchRects: 0
2020-02-21 18:12:28.255 24731-25456/com.docin.zlibrary.ui.android D/testPdfOpen: count: 0
2020-02-21 18:12:28.255 24731-25456/com.docin.zlibrary.ui.android D/testPdfOpen: text: 苏州, page: 20
2020-02-21 18:12:28.255 24731-25456/com.docin.zlibrary.ui.android I/libmupdf: Native fun hksearch
2020-02-21 18:12:28.256 24731-25456/com.docin.zlibrary.ui.android I/libmupdf: Native fun finish
2020-02-21 18:12:28.257 24731-25456/com.docin.zlibrary.ui.android D/testPdfOpen: searchRects: 0
2020-02-21 18:12:28.257 24731-25456/com.docin.zlibrary.ui.android D/testPdfOpen: count: 0
2020-02-21 18:12:28.257 24731-25456/com.docin.zlibrary.ui.android D/testPdfOpen: text: 苏州, page: 21
2020-02-21 18:12:28.257 24731-25456/com.docin.zlibrary.ui.android I/libmupdf: Native fun hksearch
2020-02-21 18:12:28.258 24731-25456/com.docin.zlibrary.ui.android I/libmupdf: Native fun finish
2020-02-21 18:12:28.258 24731-25456/com.docin.zlibrary.ui.android D/testPdfOpen: searchRects: 0
2020-02-21 18:12:28.258 24731-25456/com.docin.zlibrary.ui.android D/testPdfOpen: count: 0
2020-02-21 18:12:28.258 24731-25456/com.docin.zlibrary.ui.android D/testPdfOpen: text: 苏州, page: 22
2020-02-21 18:12:28.258 24731-25456/com.docin.zlibrary.ui.android I/libmupdf: Native fun hksearch
2020-02-21 18:12:28.259 24731-25456/com.docin.zlibrary.ui.android I/libmupdf: Native fun finish
2020-02-21 18:12:28.259 24731-25456/com.docin.zlibrary.ui.android D/testPdfOpen: searchRects: 0
2020-02-21 18:12:28.259 24731-25456/com.docin.zlibrary.ui.android D/testPdfOpen: count: 0
2020-02-21 18:12:28.259 24731-25456/com.docin.zlibrary.ui.android D/testPdfOpen: text: 苏州, page: 23
2020-02-21 18:12:28.259 24731-25456/com.docin.zlibrary.ui.android I/libmupdf: Native fun hksearch
2020-02-21 18:12:28.256 24731-24731/com.docin.zlibrary.ui.android W/com.huawei.fastapp: type=1400 audit(0.0:32480761): avc: granted { read } for pid=24731 comm=4173796E635461736B202332 name="page-23.docin" dev="sdcardfs" ino=187349 scontext=u:r:untrusted_app_27:s0:c512,c768 tcontext=u:object_r:sdcardfs:s0 tclass=file
2020-02-21 18:12:28.272 24731-25456/com.docin.zlibrary.ui.android I/libmupdf: Native fun finish
2020-02-21 18:12:28.272 24731-25456/com.docin.zlibrary.ui.android D/testPdfOpen: searchRects: 0
2020-02-21 18:12:28.272 24731-25456/com.docin.zlibrary.ui.android D/testPdfOpen: count: 0
2020-02-21 18:12:28.272 24731-25456/com.docin.zlibrary.ui.android D/testPdfOpen: text: 苏州, page: 24
2020-02-21 18:12:28.272 24731-25456/com.docin.zlibrary.ui.android I/libmupdf: Native fun hksearch
2020-02-21 18:12:28.307 24731-25456/com.docin.zlibrary.ui.android I/libmupdf: Native fun finish
2020-02-21 18:12:28.307 24731-25456/com.docin.zlibrary.ui.android D/testPdfOpen: searchRects: 0
2020-02-21 18:12:28.307 24731-25456/com.docin.zlibrary.ui.android D/testPdfOpen: count: 0
2020-02-21 18:12:28.307 24731-25456/com.docin.zlibrary.ui.android D/testPdfOpen: text: 苏州, page: 25
2020-02-21 18:12:28.307 24731-25456/com.docin.zlibrary.ui.android I/libmupdf: Native fun hksearch
2020-02-21 18:12:28.337 24731-25456/com.docin.zlibrary.ui.android I/libmupdf: Native fun finish
2020-02-21 18:12:28.338 24731-25456/com.docin.zlibrary.ui.android D/testPdfOpen: searchRects: 0
2020-02-21 18:12:28.338 24731-25456/com.docin.zlibrary.ui.android D/testPdfOpen: count: 0
2020-02-21 18:12:28.338 24731-25456/com.docin.zlibrary.ui.android D/testPdfOpen: text: 苏州, page: 26
2020-02-21 18:12:28.338 24731-25456/com.docin.zlibrary.ui.android I/libmupdf: Native fun hksearch
2020-02-21 18:12:28.339 24731-25456/com.docin.zlibrary.ui.android I/libmupdf: Native fun finish
2020-02-21 18:12:28.339 24731-25456/com.docin.zlibrary.ui.android D/testPdfOpen: searchRects: 0
2020-02-21 18:12:28.339 24731-25456/com.docin.zlibrary.ui.android D/testPdfOpen: count: 0
2020-02-21 18:12:28.339 24731-25456/com.docin.zlibrary.ui.android D/testPdfOpen: text: 苏州, page: 27
2020-02-21 18:12:28.339 24731-25456/com.docin.zlibrary.ui.android I/libmupdf: Native fun hksearch
2020-02-21 18:12:28.340 24731-25456/com.docin.zlibrary.ui.android I/libmupdf: Native fun finish
2020-02-21 18:12:28.340 24731-25456/com.docin.zlibrary.ui.android D/testPdfOpen: searchRects: 0
2020-02-21 18:12:28.340 24731-25456/com.docin.zlibrary.ui.android D/testPdfOpen: count: 0
2020-02-21 18:12:28.340 24731-25456/com.docin.zlibrary.ui.android D/testPdfOpen: text: 苏州, page: 28
2020-02-21 18:12:28.340 24731-25456/com.docin.zlibrary.ui.android I/libmupdf: Native fun hksearch
2020-02-21 18:12:28.341 24731-25456/com.docin.zlibrary.ui.android I/libmupdf: Native fun finish
2020-02-21 18:12:28.341 24731-25456/com.docin.zlibrary.ui.android D/testPdfOpen: searchRects: 0
2020-02-21 18:12:28.341 24731-25456/com.docin.zlibrary.ui.android D/testPdfOpen: count: 0
2020-02-21 18:12:28.341 24731-25456/com.docin.zlibrary.ui.android D/testPdfOpen: text: 苏州, page: 29
2020-02-21 18:12:28.341 24731-25456/com.docin.zlibrary.ui.android I/libmupdf: Native fun hksearch
2020-02-21 18:12:28.342 24731-25456/com.docin.zlibrary.ui.android I/libmupdf: Native fun finish
2020-02-21 18:12:28.342 24731-25456/com.docin.zlibrary.ui.android D/testPdfOpen: searchRects: 0
2020-02-21 18:12:28.342 24731-25456/com.docin.zlibrary.ui.android D/testPdfOpen: count: 0
2020-02-21 18:12:28.342 24731-25456/com.docin.zlibrary.ui.android D/testPdfOpen: text: 苏州, page: 30
2020-02-21 18:12:28.342 24731-25456/com.docin.zlibrary.ui.android I/libmupdf: Native fun hksearch
2020-02-21 18:12:28.343 24731-25456/com.docin.zlibrary.ui.android I/libmupdf: Native fun finish
2020-02-21 18:12:28.343 24731-25456/com.docin.zlibrary.ui.android D/testPdfOpen: searchRects: 0
2020-02-21 18:12:28.343 24731-25456/com.docin.zlibrary.ui.android D/testPdfOpen: count: 0
2020-02-21 18:12:28.343 24731-25456/com.docin.zlibrary.ui.android D/testPdfOpen: text: 苏州, page: 31
2020-02-21 18:12:28.343 24731-25456/com.docin.zlibrary.ui.android I/libmupdf: Native fun hksearch
2020-02-21 18:12:28.363 677-1103/? W/hwcomposer: setGpuFreqBoost:155: boostGpuFreq succ !
2020-02-21 18:12:28.373 24731-25456/com.docin.zlibrary.ui.android I/libmupdf: Native fun finish
2020-02-21 18:12:28.373 24731-25456/com.docin.zlibrary.ui.android D/testPdfOpen: searchRects: 4
2020-02-21 18:12:28.373 24731-25456/com.docin.zlibrary.ui.android D/testPdfOpen: count: 4
2020-02-21 18:12:28.383 24731-24731/com.docin.zlibrary.ui.android D/testPdfOpen: 文件1722027697 存在直接加载...31
2020-02-21 18:12:28.385 24731-25459/com.docin.zlibrary.ui.android I/libmupdf: Drop page 16
2020-02-21 18:12:28.385 24731-24731/com.docin.zlibrary.ui.android D/testPdfOpen: 文件1722027697 不存在，需先下载再加载...30
2020-02-21 18:12:28.385 24731-24731/com.docin.zlibrary.ui.android D/testPdfOpen: documentSid: YvSe1izbGUSuPGuPk9PG7WJP4SZgGRO4*UpTdLCZS4TpFjOrDPnCMH87M3OX3rPe
2020-02-21 18:12:28.386 24731-24731/com.docin.zlibrary.ui.android D/testPdfOpen: 文件1722027697 存在直接加载...32
2020-02-21 18:12:28.387 24731-25459/com.docin.zlibrary.ui.android I/libmupdf: Goto page 31...
2020-02-21 18:12:28.387 24731-25459/com.docin.zlibrary.ui.android I/libmupdf: Load page 31
2020-02-21 18:12:28.389 634-1140/? W//system/bin/netd: A binder object at 0x79bc293b00 is being transacted on, however, this object is in the same process as its proxy. Transacting with this binder is expensive compared to just calling the corresponding functionality in the same process.
2020-02-21 18:12:28.389 634-1140/? I/PreDnsController: canPreDnsQuery,persist.sys.predns is false!
2020-02-21 18:12:28.389 634-26275/? W/DnsProxyListener: GetAddrInfoHandler::run: {820 262964 820 983860 10221 0}
2020-02-21 18:12:28.389 634-26275/? W/getaddrinfo: android_getaddrinfofornetcontext: explore_numeric: ai_family=10 ai_socktype=1 ai_protocol=6
2020-02-21 18:12:28.389 634-26275/? W/getaddrinfo: android_getaddrinfofornetcontext: explore_numeric: ai_family=2 ai_socktype=1 ai_protocol=6
2020-02-21 18:12:28.390 634-26275/? W/res_mkquery: res_nmkquery: (QUERY, IN, A)
2020-02-21 18:12:28.390 634-26275/? W/res_send: res_nsend
2020-02-21 18:12:28.390 634-26275/? W/res_cache: _resolv_cache_lookup: lookup
2020-02-21 18:12:28.390 634-26275/? E/ResolverController: No valid NAT64 prefix (820, <unspecified>/0)
2020-02-21 18:12:28.409 677-1103/? W/hwcomposer: setGpuFreqBoost:160: boostGpuFreq release !
2020-02-21 18:12:28.435 24731-25459/com.docin.zlibrary.ui.android I/libmupdf: PageWidth=1191
2020-02-21 18:12:28.435 24731-25459/com.docin.zlibrary.ui.android I/libmupdf: PageHeight=1684
2020-02-21 18:12:28.435 24731-25459/com.docin.zlibrary.ui.android I/libmupdf: Drop page 17
2020-02-21 18:12:28.435 24731-24731/com.docin.zlibrary.ui.android D/testPdfOpen: PageView->setPage=31, size=PointF(1191.0, 1684.0)
2020-02-21 18:12:28.437 24731-25459/com.docin.zlibrary.ui.android I/libmupdf: Goto page 32...
2020-02-21 18:12:28.438 24731-25459/com.docin.zlibrary.ui.android I/libmupdf: Load page 32
2020-02-21 18:12:28.438 1417-1782/system_process E/WifiService: enforceCanAccessScanResults: hiding ssid and bssidUID 10221 has no location permission
2020-02-21 18:12:28.475 24731-25459/com.docin.zlibrary.ui.android I/libmupdf: PageWidth=1191
2020-02-21 18:12:28.475 24731-25459/com.docin.zlibrary.ui.android I/libmupdf: PageHeight=1684
2020-02-21 18:12:28.475 24731-25456/com.docin.zlibrary.ui.android I/libmupdf: PageWidth=1191
2020-02-21 18:12:28.475 24731-25456/com.docin.zlibrary.ui.android I/libmupdf: PageHeight=1684
2020-02-21 18:12:28.475 24731-25456/com.docin.zlibrary.ui.android I/libmupdf: In native method
2020-02-21 18:12:28.475 24731-25456/com.docin.zlibrary.ui.android I/libmupdf: Checking format
2020-02-21 18:12:28.475 24731-25456/com.docin.zlibrary.ui.android I/libmupdf: locking pixels
2020-02-21 18:12:28.475 24731-25456/com.docin.zlibrary.ui.android I/libmupdf: Rendering page(31)=1080x1527 patch=[0,0,1080,1527]
2020-02-21 18:12:28.542 713-713/? E/WifiHAL: enter wifi_get_link_stats
2020-02-21 18:12:28.546 1417-1845/system_process E/WificondControl: Noise: 0, Snr: -77, Chload: 127
2020-02-21 18:12:28.548 677-1103/? W/hwcomposer: setGpuFreqBoost:155: boostGpuFreq succ !
2020-02-21 18:12:28.549 1417-1845/system_process V/HwWifiServiceFactory: get AllImpl object = com.android.server.wifi.HwWifiServiceFactoryImpl@8180053
2020-02-21 18:12:28.555 1417-1845/system_process D/TelephonyManager: getAllCellInfo calling app is android
2020-02-21 18:12:28.556 2355-3779/? W/PhoneInterfaceManager: shouldBlockLocation running ...
2020-02-21 18:12:28.556 2355-3779/? I/PhoneInterfaceManager: shouldBlockLocation  ret:false
2020-02-21 18:12:28.591 24731-25456/com.docin.zlibrary.ui.android I/libmupdf: Rendered
2020-02-21 18:12:28.595 24731-25454/com.docin.zlibrary.ui.android I/libmupdf: Drop page 18
2020-02-21 18:12:28.595 24731-24731/com.docin.zlibrary.ui.android D/testPdfOpen: PageView->setPage=32, size=PointF(1191.0, 1684.0)
2020-02-21 18:12:28.596 1417-1782/system_process E/WifiService: enforceCanAccessScanResults: hiding ssid and bssidUID 10221 has no location permission
2020-02-21 18:12:28.602 24731-25454/com.docin.zlibrary.ui.android I/libmupdf: Goto page 30...
2020-02-21 18:12:28.602 24731-25454/com.docin.zlibrary.ui.android I/libmupdf: Load page 30
2020-02-21 18:12:28.610 677-1103/? W/hwcomposer: setGpuFreqBoost:160: boostGpuFreq release !
2020-02-21 18:12:28.654 867-1002/? W/ScreemCommon: processEntry, not beta version or commercial log off
2020-02-21 18:12:28.655 24731-25454/com.docin.zlibrary.ui.android I/libmupdf: PageWidth=1191
2020-02-21 18:12:28.655 24731-25454/com.docin.zlibrary.ui.android I/libmupdf: PageHeight=1684
2020-02-21 18:12:28.655 24731-25454/com.docin.zlibrary.ui.android I/libmupdf: PageWidth=1191
2020-02-21 18:12:28.655 24731-25454/com.docin.zlibrary.ui.android I/libmupdf: PageHeight=1684
2020-02-21 18:12:28.656 24731-25454/com.docin.zlibrary.ui.android I/libmupdf: In native method
2020-02-21 18:12:28.656 24731-25454/com.docin.zlibrary.ui.android I/libmupdf: Checking format
2020-02-21 18:12:28.656 24731-25454/com.docin.zlibrary.ui.android I/libmupdf: locking pixels
2020-02-21 18:12:28.656 24731-25454/com.docin.zlibrary.ui.android I/libmupdf: Rendering page(32)=1080x1527 patch=[0,0,1080,1527]
2020-02-21 18:12:28.660 24731-24731/com.docin.zlibrary.ui.android D/testPdfOpen: PageView->setPage=30, size=PointF(1191.0, 1684.0)
2020-02-21 18:12:28.662 1417-1782/system_process E/WifiService: enforceCanAccessScanResults: hiding ssid and bssidUID 10221 has no location permission
2020-02-21 18:12:28.762 796-796/? E/aptouch_daemon: update_frame, thp_afe_get_frame return nullptr
2020-02-21 18:12:28.768 24731-25454/com.docin.zlibrary.ui.android I/libmupdf: Rendered
2020-02-21 18:12:28.768 24731-25458/com.docin.zlibrary.ui.android I/libmupdf: PageWidth=1191
2020-02-21 18:12:28.768 24731-25458/com.docin.zlibrary.ui.android I/libmupdf: PageHeight=1684
2020-02-21 18:12:28.768 24731-25458/com.docin.zlibrary.ui.android I/libmupdf: In native method
2020-02-21 18:12:28.768 24731-25458/com.docin.zlibrary.ui.android I/libmupdf: Checking format
2020-02-21 18:12:28.768 24731-25458/com.docin.zlibrary.ui.android I/libmupdf: locking pixels
2020-02-21 18:12:28.768 24731-25458/com.docin.zlibrary.ui.android I/libmupdf: Rendering page(30)=1080x1527 patch=[0,0,1080,1527]
2020-02-21 18:12:28.792 796-796/? I/aptouch_daemon: check_afe_status, idle in. 300
2020-02-21 18:12:28.811 13118-26274/? I/HWBR-O-0111|AdBlockImpl: onUrlRequested ...
2020-02-21 18:12:28.840 867-1002/? W/ScreemCommon: processEntry, not beta version or commercial log off
2020-02-21 18:12:28.879 24731-25458/com.docin.zlibrary.ui.android I/libmupdf: Rendered
2020-02-21 18:12:29.014 1417-1845/system_process E/WificondControl: Noise: 0, Snr: -77, Chload: 127
2020-02-21 18:12:29.018 1417-1953/system_process I/HuaweiWifiWatchdogStateMachine: POta txb txg rxg:0, 189, 0. Lr =0% Totpkt=189
2020-02-21 18:12:29.018 1417-1844/system_process D/WiFi_PRO: MSG_RETURN_AP_CURRY_RSSI rssi = -38
2020-02-21 18:12:29.018 1417-1844/system_process I/QosMonitor: queryRtt: rttType = 3
2020-02-21 18:12:29.018 1417-1844/system_process I/HwWifiProServiceProxy: ctrlHwWifiNetwork pkgName: WIFIPRO_SERVICE interfaceId: 8
2020-02-21 18:12:29.018 1417-26277/system_process I/HwUidTcpMonitor: TcpStatisticsRun run
2020-02-21 18:12:29.020 1417-1844/system_process I/QosMonitor: postEventFromNative: msg=100,arg1=4,arg2=10
2020-02-21 18:12:29.021 1417-1844/system_process I/HwWifiProServiceProxy: ctrlHwWifiNetwork pkgName: WIFIPRO_SERVICE interfaceId: 8
2020-02-21 18:12:29.021 1417-1844/system_process I/QosMonitor: postEventFromNative: msg=100,arg1=0,arg2=10
2020-02-21 18:12:29.021 1417-26277/system_process I/HwWifiProServiceProxy: ctrlHwWifiNetwork pkgName: WIFIPRO_SERVICE interfaceId: 79
2020-02-21 18:12:29.022 1417-1844/system_process I/MQoS: rtt=192,tcpTxPkts=39409402,tcpRxPkts=60554750
2020-02-21 18:12:29.022 1417-1844/system_process I/QosMonitor: resetRtt: rttType = 3
2020-02-21 18:12:29.022 1417-1844/system_process I/HwWifiProServiceProxy: ctrlHwWifiNetwork pkgName: WIFIPRO_SERVICE interfaceId: 8
2020-02-21 18:12:29.023 1417-5909/system_process D/HwConnectivityServiceEx: set cache by key is 1000 interfaceName iswlan0 value is false
2020-02-21 18:12:29.023 1417-26278/system_process I/HwWifiProServiceProxy: TcpStatisticsRun run
2020-02-21 18:12:29.023 1417-1953/system_process I/HuaweiWifiWatchdogStateMachine: PTcp RTT:192, rtt pkt=45, tcp_rx=161, tcp_tx=161, tcp_reTran=0, rtRate=0
2020-02-21 18:12:29.023 1417-1953/system_process D/HuaweiWifiWatchdogStateMachine: rssi bad, mrssi=-38 < TargetRssi=-30
2020-02-21 18:12:29.024 1417-26278/system_process D/HwUidTcpMonitor: parseWlanUidTcpStatistics lastUidTcpStatInfo = [ mUid = 10103 mPacketName = com.huawei.browser mSendSegs = 44460 mResendSegs = 20 mRcvSegs = 58474 ]
2020-02-21 18:12:29.024 1417-26278/system_process D/HwWifiConnectivityMonitor: ENTER: notifyTopUidTcpInfo, tx = 145, rx = 148, reTx = 0, uid = 10221, tr = 0.0
2020-02-21 18:12:29.024 1417-26278/system_process D/HwWifiConnectivityMonitor: ENTER: notifyTopUidTcpInfo, rtt = 1720, rttPkts = 35, aveRtt = 49.142857, app = com.docin.zlibrary.ui.android
2020-02-21 18:12:29.025 1417-26278/system_process D/HwUidTcpMonitor: parseWlanUidTcpStatistics lastUidTcpStatInfo = [ mUid = 10221 mPacketName = com.docin.zlibrary.ui.android mSendSegs = 67827 mResendSegs = 38 mRcvSegs = 113114 ]
2020-02-21 18:12:29.025 1417-1948/system_process D/HwWifiConnectivityMonitor: handleTopUidInternetStatusChanged, uid = 10221, status = 0
2020-02-21 18:12:29.028 1417-1948/system_process I/HwWifiProServiceProxy: ctrlHwWifiNetwork pkgName: WIFIPRO_SERVICE interfaceId: 9
2020-02-21 18:12:29.031 1417-5909/system_process I/MQoS: QOS_level:3(3),wifi-link;use signalLvl:3;RAT:4G
2020-02-21 18:12:29.032 677-1103/? W/hwcomposer: setGpuFreqBoost:155: boostGpuFreq succ !
2020-02-21 18:12:29.126 677-1103/? W/hwcomposer: setGpuFreqBoost:160: boostGpuFreq release !
2020-02-21 18:12:29.247 677-1103/? W/hwcomposer: setGpuFreqBoost:155: boostGpuFreq succ !
2020-02-21 18:12:29.292 796-796/? I/aptouch_daemon: check_afe_status, idle out.
2020-02-21 18:12:29.309 796-796/? I/aptouch_daemon: print_log, touch:1, down:1 (+0)
2020-02-21 18:12:29.310 1417-1818/system_process D/libfingersense_wrapper: Calling fingersense_classify_touch()
2020-02-21 18:12:29.314 1417-1818/system_process D/libfingersense_wrapper: fingersense_classify_touch() finished
2020-02-21 18:12:29.359 796-796/? I/aptouch_daemon: print_log, touch:0, down:0 
2020-02-21 18:12:29.361 24731-24731/com.docin.zlibrary.ui.android V/AudioManager: querySoundEffectsEnabled...
2020-02-21 18:12:29.366 24731-25454/com.docin.zlibrary.ui.android D/testPdfOpen: text: 苏州, page: 32
2020-02-21 18:12:29.366 24731-25454/com.docin.zlibrary.ui.android I/libmupdf: Native fun hksearch
2020-02-21 18:12:29.364 24731-24731/com.docin.zlibrary.ui.android W/com.huawei.fastapp: type=1400 audit(0.0:32480781): avc: granted { read } for pid=24731 comm=4173796E635461736B202331 name="page-32.docin" dev="sdcardfs" ino=277376 scontext=u:r:untrusted_app_27:s0:c512,c768 tcontext=u:object_r:sdcardfs:s0 tclass=file
2020-02-21 18:12:29.364 24731-24731/com.docin.zlibrary.ui.android W/com.huawei.fastapp: type=1400 audit(0.0:32480782): avc: granted { read open } for pid=24731 comm=4173796E635461736B202331 path="/storage/emulated/0/DocIn/BookShelf/Books/1722027697/page-32.docin" dev="sdcardfs" ino=277376 scontext=u:r:untrusted_app_27:s0:c512,c768 tcontext=u:object_r:sdcardfs:s0 tclass=file
2020-02-21 18:12:29.368 47-47/? W/migration/6: type=1400 audit(0.0:32480783): avc: granted { setsched } for pid=47 scontext=u:r:kernel:s0 tcontext=u:r:kernel:s0 tclass=process
2020-02-21 18:12:29.388 53-53/? W/migration/7: type=1400 audit(0.0:32480784): avc: granted { setsched } for pid=53 scontext=u:r:kernel:s0 tcontext=u:r:kernel:s0 tclass=process
2020-02-21 18:12:29.412 24731-25454/com.docin.zlibrary.ui.android I/libmupdf: Native fun finish
2020-02-21 18:12:29.412 24731-25454/com.docin.zlibrary.ui.android D/testPdfOpen: searchRects: 2
2020-02-21 18:12:29.412 24731-25454/com.docin.zlibrary.ui.android D/testPdfOpen: count: 2
2020-02-21 18:12:29.428 24731-24731/com.docin.zlibrary.ui.android D/testPdfOpen: PageView->setPage=32, size=PointF(1191.0, 1684.0)
2020-02-21 18:12:29.429 1417-1782/system_process E/WifiService: enforceCanAccessScanResults: hiding ssid and bssidUID 10221 has no location permission
2020-02-21 18:12:29.433 24731-25458/com.docin.zlibrary.ui.android I/libmupdf: PageWidth=1191
2020-02-21 18:12:29.433 24731-25458/com.docin.zlibrary.ui.android I/libmupdf: PageHeight=1684
2020-02-21 18:12:29.433 24731-25458/com.docin.zlibrary.ui.android I/libmupdf: In native method
2020-02-21 18:12:29.433 24731-25458/com.docin.zlibrary.ui.android I/libmupdf: Checking format
2020-02-21 18:12:29.433 24731-25458/com.docin.zlibrary.ui.android I/libmupdf: locking pixels
2020-02-21 18:12:29.433 24731-24731/com.docin.zlibrary.ui.android D/testPdfOpen: PageView->setPage=31, size=PointF(1191.0, 1684.0)
2020-02-21 18:12:29.433 24731-25458/com.docin.zlibrary.ui.android I/libmupdf: Rendering page(32)=1080x1527 patch=[0,0,1080,1527]
2020-02-21 18:12:29.434 1417-1782/system_process E/WifiService: enforceCanAccessScanResults: hiding ssid and bssidUID 10221 has no location permission
2020-02-21 18:12:29.524 24731-25458/com.docin.zlibrary.ui.android I/libmupdf: Rendered
2020-02-21 18:12:29.525 24731-25456/com.docin.zlibrary.ui.android I/libmupdf: PageWidth=1191
2020-02-21 18:12:29.525 24731-25456/com.docin.zlibrary.ui.android I/libmupdf: PageHeight=1684
2020-02-21 18:12:29.526 24731-24731/com.docin.zlibrary.ui.android D/testPdfOpen: 文件1722027697 存在直接加载...33
2020-02-21 18:12:29.526 24731-25456/com.docin.zlibrary.ui.android I/libmupdf: In native method
2020-02-21 18:12:29.526 24731-25456/com.docin.zlibrary.ui.android I/libmupdf: Checking format
2020-02-21 18:12:29.526 24731-25456/com.docin.zlibrary.ui.android I/libmupdf: locking pixels
2020-02-21 18:12:29.526 24731-25456/com.docin.zlibrary.ui.android I/libmupdf: Rendering page(31)=1080x1527 patch=[0,0,1080,1527]
2020-02-21 18:12:29.625 24731-25456/com.docin.zlibrary.ui.android I/libmupdf: Rendered
2020-02-21 18:12:29.626 24731-25454/com.docin.zlibrary.ui.android I/libmupdf: Drop page 30
2020-02-21 18:12:29.627 24731-25454/com.docin.zlibrary.ui.android I/libmupdf: Goto page 33...
2020-02-21 18:12:29.627 24731-25454/com.docin.zlibrary.ui.android I/libmupdf: Load page 33
2020-02-21 18:12:29.624 24731-24731/com.docin.zlibrary.ui.android W/com.huawei.fastapp: type=1400 audit(0.0:32480785): avc: granted { read } for pid=24731 comm=4173796E635461736B202331 name="page-33.docin" dev="sdcardfs" ino=277514 scontext=u:r:untrusted_app_27:s0:c512,c768 tcontext=u:object_r:sdcardfs:s0 tclass=file
2020-02-21 18:12:29.665 24731-25454/com.docin.zlibrary.ui.android I/libmupdf: PageWidth=1191
2020-02-21 18:12:29.665 24731-25454/com.docin.zlibrary.ui.android I/libmupdf: PageHeight=1684
2020-02-21 18:12:29.679 24731-24731/com.docin.zlibrary.ui.android D/testPdfOpen: PageView->setPage=33, size=PointF(1191.0, 1684.0)
2020-02-21 18:12:29.679 1417-1782/system_process E/WifiService: enforceCanAccessScanResults: hiding ssid and bssidUID 10221 has no location permission
2020-02-21 18:12:29.682 24731-25457/com.docin.zlibrary.ui.android I/libmupdf: PageWidth=1191
2020-02-21 18:12:29.682 24731-25457/com.docin.zlibrary.ui.android I/libmupdf: PageHeight=1684
2020-02-21 18:12:29.682 24731-25457/com.docin.zlibrary.ui.android I/libmupdf: In native method
2020-02-21 18:12:29.682 24731-25457/com.docin.zlibrary.ui.android I/libmupdf: Checking format
2020-02-21 18:12:29.682 24731-25457/com.docin.zlibrary.ui.android I/libmupdf: locking pixels
2020-02-21 18:12:29.682 24731-25457/com.docin.zlibrary.ui.android I/libmupdf: Rendering page(33)=1080x1527 patch=[0,0,1080,1527]
2020-02-21 18:12:29.692 677-1103/? W/hwcomposer: setGpuFreqBoost:160: boostGpuFreq release !
2020-02-21 18:12:29.733 867-1002/? W/ScreemCommon: processEntry, not beta version or commercial log off
2020-02-21 18:12:29.800 24731-25457/com.docin.zlibrary.ui.android I/libmupdf: Rendered
2020-02-21 18:12:29.935 796-796/? E/aptouch_daemon: update_frame, thp_afe_get_frame return nullptr
2020-02-21 18:12:29.947 677-1103/? W/hwcomposer: setGpuFreqBoost:155: boostGpuFreq succ !
2020-02-21 18:12:29.958 796-796/? I/aptouch_daemon: check_afe_status, idle in. 300
2020-02-21 18:12:29.993 677-1103/? W/hwcomposer: setGpuFreqBoost:160: boostGpuFreq release !
2020-02-21 18:12:30.079 1417-1844/system_process I/TrafficMonitor: update:rxPkts:21,txPkts:21,rxBytes:20648,txBytes:1083
2020-02-21 18:12:30.079 1417-1844/system_process I/TrafficMonitor: no expired. level:2
2020-02-21 18:12:30.079 1417-1844/system_process I/TrafficMonitor: gettimer:interval=2000
2020-02-21 18:12:30.079 1417-1844/system_process I/TrafficMonitor: during_ms:2003,period_ms:2000
2020-02-21 18:12:30.079 1417-1844/system_process I/TrafficMonitor: count:51,rx_sum:21,tx_sum:21,rxBytes:20648,during_ms:2003,rx_speed:10308.537194208686,tx_speed:540.6889665501747,rto:1.0
2020-02-21 18:12:30.114 677-1103/? W/hwcomposer: setGpuFreqBoost:155: boostGpuFreq succ !
2020-02-21 18:12:30.209 677-1103/? W/hwcomposer: setGpuFreqBoost:160: boostGpuFreq release !
2020-02-21 18:12:30.329 677-1103/? W/hwcomposer: setGpuFreqBoost:155: boostGpuFreq succ !
2020-02-21 18:12:30.392 796-796/? I/aptouch_daemon: check_afe_status, idle out.
2020-02-21 18:12:30.406 1417-1782/system_process D/HwConnectivityServiceEx: set cache by key is 10144 interfaceName iswlan0 value is false
2020-02-21 18:12:30.409 796-796/? I/aptouch_daemon: print_log, touch:1, down:1 (+0)
2020-02-21 18:12:30.410 1417-1818/system_process D/libfingersense_wrapper: Calling fingersense_classify_touch()
2020-02-21 18:12:30.413 1417-1818/system_process D/libfingersense_wrapper: fingersense_classify_touch() finished
2020-02-21 18:12:30.449 796-796/? I/aptouch_daemon: print_log, touch:0, down:0 
2020-02-21 18:12:30.452 24731-24731/com.docin.zlibrary.ui.android V/AudioManager: querySoundEffectsEnabled...
2020-02-21 18:12:30.457 24731-25454/com.docin.zlibrary.ui.android D/testPdfOpen: text: 苏州, page: 33
2020-02-21 18:12:30.457 24731-25454/com.docin.zlibrary.ui.android I/libmupdf: Native fun hksearch
2020-02-21 18:12:30.456 24731-24731/com.docin.zlibrary.ui.android W/com.huawei.fastapp: type=1400 audit(0.0:32480789): avc: granted { read } for pid=24731 comm=4173796E635461736B202331 name="page-33.docin" dev="sdcardfs" ino=277514 scontext=u:r:untrusted_app_27:s0:c512,c768 tcontext=u:object_r:sdcardfs:s0 tclass=file
2020-02-21 18:12:30.460 47-47/? W/migration/6: type=1400 audit(0.0:32480791): avc: granted { setsched } for pid=47 scontext=u:r:kernel:s0 tcontext=u:r:kernel:s0 tclass=process
2020-02-21 18:12:30.492 53-53/? W/migration/7: type=1400 audit(0.0:32480792): avc: granted { setsched } for pid=53 scontext=u:r:kernel:s0 tcontext=u:r:kernel:s0 tclass=process
2020-02-21 18:12:30.514 24731-25454/com.docin.zlibrary.ui.android I/libmupdf: Native fun finish
2020-02-21 18:12:30.514 24731-25454/com.docin.zlibrary.ui.android D/testPdfOpen: searchRects: 1
2020-02-21 18:12:30.514 24731-25454/com.docin.zlibrary.ui.android D/testPdfOpen: count: 1
2020-02-21 18:12:30.532 24731-25458/com.docin.zlibrary.ui.android I/libmupdf: Drop page 33
2020-02-21 18:12:30.532 24731-24731/com.docin.zlibrary.ui.android D/testPdfOpen: PageView->setPage=33, size=PointF(1191.0, 1684.0)
2020-02-21 18:12:30.534 24731-25458/com.docin.zlibrary.ui.android I/libmupdf: Goto page 0...
2020-02-21 18:12:30.534 24731-25458/com.docin.zlibrary.ui.android I/libmupdf: Load page 0
2020-02-21 18:12:30.534 1417-1782/system_process E/WifiService: enforceCanAccessScanResults: hiding ssid and bssidUID 10221 has no location permission
2020-02-21 18:12:30.532 24731-24731/com.docin.zlibrary.ui.android W/com.huawei.fastapp: type=1400 audit(0.0:32480793): avc: granted { read } for pid=24731 comm=4173796E635461736B202334 name="page-0.docin" dev="sdcardfs" ino=270161 scontext=u:r:untrusted_app_27:s0:c512,c768 tcontext=u:object_r:sdcardfs:s0 tclass=file
2020-02-21 18:12:30.572 24731-25458/com.docin.zlibrary.ui.android I/libmupdf: Drop page 0
2020-02-21 18:12:30.574 24731-25458/com.docin.zlibrary.ui.android I/libmupdf: Goto page 33...
2020-02-21 18:12:30.574 24731-25458/com.docin.zlibrary.ui.android I/libmupdf: Load page 33
2020-02-21 18:12:30.574 24731-24731/com.docin.zlibrary.ui.android D/testPdfOpen: PageView->setPage=32, size=PointF(1191.0, 1684.0)
2020-02-21 18:12:30.576 1417-1782/system_process E/WifiService: enforceCanAccessScanResults: hiding ssid and bssidUID 10221 has no location permission
2020-02-21 18:12:30.613 24731-25458/com.docin.zlibrary.ui.android I/libmupdf: PageWidth=1191
2020-02-21 18:12:30.613 24731-25458/com.docin.zlibrary.ui.android I/libmupdf: PageHeight=1684
2020-02-21 18:12:30.613 24731-25458/com.docin.zlibrary.ui.android I/libmupdf: In native method
2020-02-21 18:12:30.613 24731-25458/com.docin.zlibrary.ui.android I/libmupdf: Checking format
2020-02-21 18:12:30.613 24731-25458/com.docin.zlibrary.ui.android I/libmupdf: locking pixels
2020-02-21 18:12:30.613 24731-25458/com.docin.zlibrary.ui.android I/libmupdf: Rendering page(33)=1080x1527 patch=[0,0,1080,1527]
2020-02-21 18:12:30.616 24731-24731/com.docin.zlibrary.ui.android D/testPdfOpen: 文件1722027697 不存在，需先下载再加载...34
2020-02-21 18:12:30.616 24731-24731/com.docin.zlibrary.ui.android D/testPdfOpen: documentSid: YvSe1izbGUSuPGuPk9PG7WJP4SZgGRO4*UpTdLCZS4TpFjOrDPnCMH87M3OX3rPe
2020-02-21 18:12:30.621 634-1140/? W//system/bin/netd: A binder object at 0x79bc293b00 is being transacted on, however, this object is in the same process as its proxy. Transacting with this binder is expensive compared to just calling the corresponding functionality in the same process.
2020-02-21 18:12:30.622 634-1140/? I/PreDnsController: canPreDnsQuery,persist.sys.predns is false!
2020-02-21 18:12:30.622 634-26279/? W/DnsProxyListener: GetAddrInfoHandler::run: {820 262964 820 983860 10221 0}
2020-02-21 18:12:30.622 634-26279/? W/getaddrinfo: android_getaddrinfofornetcontext: explore_numeric: ai_family=10 ai_socktype=1 ai_protocol=6
2020-02-21 18:12:30.622 634-26279/? W/getaddrinfo: android_getaddrinfofornetcontext: explore_numeric: ai_family=2 ai_socktype=1 ai_protocol=6
2020-02-21 18:12:30.624 634-26279/? W/res_mkquery: res_nmkquery: (QUERY, IN, A)
2020-02-21 18:12:30.624 634-26279/? W/res_send: res_nsend
2020-02-21 18:12:30.624 634-26279/? W/res_cache: _resolv_cache_lookup: lookup
2020-02-21 18:12:30.624 634-26279/? E/ResolverController: No valid NAT64 prefix (820, <unspecified>/0)
2020-02-21 18:12:30.718 24731-25458/com.docin.zlibrary.ui.android I/libmupdf: Rendered
2020-02-21 18:12:30.718 24731-25454/com.docin.zlibrary.ui.android I/libmupdf: PageWidth=1191
2020-02-21 18:12:30.718 24731-25454/com.docin.zlibrary.ui.android I/libmupdf: PageHeight=1684
2020-02-21 18:12:30.718 24731-25454/com.docin.zlibrary.ui.android I/libmupdf: In native method
2020-02-21 18:12:30.718 24731-25454/com.docin.zlibrary.ui.android I/libmupdf: Checking format
2020-02-21 18:12:30.718 24731-25454/com.docin.zlibrary.ui.android I/libmupdf: locking pixels
2020-02-21 18:12:30.718 24731-25454/com.docin.zlibrary.ui.android I/libmupdf: Rendering page(32)=1080x1527 patch=[0,0,1080,1527]
2020-02-21 18:12:30.742 677-1103/? W/hwcomposer: setGpuFreqBoost:160: boostGpuFreq release !
2020-02-21 18:12:30.784 867-1002/? W/ScreemCommon: processEntry, not beta version or commercial log off
2020-02-21 18:12:30.811 24731-25454/com.docin.zlibrary.ui.android I/libmupdf: Rendered
2020-02-21 18:12:30.812 24731-25454/com.docin.zlibrary.ui.android I/libmupdf: Drop page 31
2020-02-21 18:12:30.813 24731-25454/com.docin.zlibrary.ui.android I/libmupdf: Goto page 34...
2020-02-21 18:12:30.813 24731-25454/com.docin.zlibrary.ui.android I/libmupdf: Load page 34
2020-02-21 18:12:30.834 24731-25454/com.docin.zlibrary.ui.android I/libmupdf: PageWidth=1191
2020-02-21 18:12:30.834 24731-25454/com.docin.zlibrary.ui.android I/libmupdf: PageHeight=1684
2020-02-21 18:12:30.834 24731-24731/com.docin.zlibrary.ui.android D/testPdfOpen: PageView->setPage=34, size=PointF(1191.0, 1684.0)
2020-02-21 18:12:30.836 1417-1782/system_process E/WifiService: enforceCanAccessScanResults: hiding ssid and bssidUID 10221 has no location permission
2020-02-21 18:12:30.845 24731-25458/com.docin.zlibrary.ui.android I/libmupdf: PageWidth=1191
2020-02-21 18:12:30.845 24731-25458/com.docin.zlibrary.ui.android I/libmupdf: PageHeight=1684
2020-02-21 18:12:30.845 24731-25458/com.docin.zlibrary.ui.android I/libmupdf: In native method
2020-02-21 18:12:30.845 24731-25458/com.docin.zlibrary.ui.android I/libmupdf: Checking format
2020-02-21 18:12:30.845 24731-25458/com.docin.zlibrary.ui.android I/libmupdf: locking pixels
2020-02-21 18:12:30.845 24731-25458/com.docin.zlibrary.ui.android I/libmupdf: Rendering page(34)=1080x1527 patch=[0,0,1080,1527]
2020-02-21 18:12:30.915 24731-25458/com.docin.zlibrary.ui.android I/libmupdf: Rendered
2020-02-21 18:12:31.027 796-796/? E/aptouch_daemon: update_frame, thp_afe_get_frame return nullptr
2020-02-21 18:12:31.058 796-796/? I/aptouch_daemon: check_afe_status, idle in. 300
2020-02-21 18:12:31.064 677-1103/? W/hwcomposer: setGpuFreqBoost:155: boostGpuFreq succ !
2020-02-21 18:12:31.091 796-796/? I/aptouch_daemon: check_afe_status, idle out.
2020-02-21 18:12:31.109 796-796/? I/aptouch_daemon: print_log, touch:1, down:1 (+0)
2020-02-21 18:12:31.110 1417-1818/system_process D/libfingersense_wrapper: Calling fingersense_classify_touch()
2020-02-21 18:12:31.113 1417-1818/system_process D/libfingersense_wrapper: fingersense_classify_touch() finished
2020-02-21 18:12:31.121 634-3651/? I/netd: trafficSwapActiveStatsMap() <13.25ms>
2020-02-21 18:12:31.141 2339-6596/? I/DownloadState: singleUid: 10221 [com.docin.zlibrary.ui.android] speed: 18037 real speed: 17841 (rxB:86057 txB:4132 rxP:75 txP:79) scroff: false
2020-02-21 18:12:31.141 2339-6596/? I/DownloadState: singleUid: 10103 [com.huawei.browser] speed: 517 real speed: 511 (rxB:499 txB:2087 rxP:3 txP:2) scroff: false
2020-02-21 18:12:31.141 796-796/? I/aptouch_daemon: print_log, touch:0, down:0 
2020-02-21 18:12:31.144 24731-24731/com.docin.zlibrary.ui.android V/AudioManager: querySoundEffectsEnabled...
2020-02-21 18:12:31.148 24731-25454/com.docin.zlibrary.ui.android D/testPdfOpen: text: 苏州, page: 34
2020-02-21 18:12:31.148 24731-25454/com.docin.zlibrary.ui.android I/libmupdf: Native fun hksearch
2020-02-21 18:12:31.150 2339-6596/? I/DownloadState: shareUid: 0 default_socket transmitting data speed : 64 bytes/s (rxB:160 txB:160 rxP:4 txP:4 iface:1) scroff: false
2020-02-21 18:12:31.150 2339-6596/? I/DownloadState: shareUid: 0 default_sk transmitting data speed : 54 bytes/s (rxB:272 txB:0 rxP:4 txP:0 iface:1) scroff: false
2020-02-21 18:12:31.191 24731-25454/com.docin.zlibrary.ui.android I/libmupdf: Native fun finish
2020-02-21 18:12:31.191 24731-25454/com.docin.zlibrary.ui.android D/testPdfOpen: searchRects: 2
2020-02-21 18:12:31.191 24731-25454/com.docin.zlibrary.ui.android D/testPdfOpen: count: 2
2020-02-21 18:12:31.198 24731-24746/com.docin.zlibrary.ui.android W/System: A resource failed to call close. 
2020-02-21 18:12:31.200 24731-24746/com.docin.zlibrary.ui.android I/chatty: uid=10221(com.docin.zlibrary.ui.android) FinalizerDaemon identical 25 lines
2020-02-21 18:12:31.200 24731-24746/com.docin.zlibrary.ui.android W/System: A resource failed to call close. 
2020-02-21 18:12:31.215 24731-24731/com.docin.zlibrary.ui.android D/testPdfOpen: PageView->setPage=34, size=PointF(1191.0, 1684.0)
2020-02-21 18:12:31.215 24731-25459/com.docin.zlibrary.ui.android I/libmupdf: Drop page 34
2020-02-21 18:12:31.216 1417-1782/system_process E/WifiService: enforceCanAccessScanResults: hiding ssid and bssidUID 10221 has no location permission
2020-02-21 18:12:31.218 24731-25459/com.docin.zlibrary.ui.android I/libmupdf: Goto page 0...
2020-02-21 18:12:31.218 24731-25459/com.docin.zlibrary.ui.android I/libmupdf: Load page 0
2020-02-21 18:12:31.287 24731-25459/com.docin.zlibrary.ui.android I/libmupdf: Drop page 0
2020-02-21 18:12:31.289 24731-24731/com.docin.zlibrary.ui.android D/testPdfOpen: PageView->setPage=33, size=PointF(1191.0, 1684.0)
2020-02-21 18:12:31.290 24731-25459/com.docin.zlibrary.ui.android I/libmupdf: Goto page 34...
2020-02-21 18:12:31.290 24731-25459/com.docin.zlibrary.ui.android I/libmupdf: Load page 34
2020-02-21 18:12:31.292 1417-1782/system_process E/WifiService: enforceCanAccessScanResults: hiding ssid and bssidUID 10221 has no location permission
2020-02-21 18:12:31.317 24731-25459/com.docin.zlibrary.ui.android I/libmupdf: PageWidth=1191
2020-02-21 18:12:31.317 24731-25459/com.docin.zlibrary.ui.android I/libmupdf: PageHeight=1684
2020-02-21 18:12:31.317 24731-25459/com.docin.zlibrary.ui.android I/libmupdf: In native method
2020-02-21 18:12:31.317 24731-25459/com.docin.zlibrary.ui.android I/libmupdf: Checking format
2020-02-21 18:12:31.317 24731-25459/com.docin.zlibrary.ui.android I/libmupdf: locking pixels
2020-02-21 18:12:31.317 24731-25459/com.docin.zlibrary.ui.android I/libmupdf: Rendering page(34)=1080x1527 patch=[0,0,1080,1527]
2020-02-21 18:12:31.325 24731-24731/com.docin.zlibrary.ui.android D/testPdfOpen: 文件1722027697 不存在，需先下载再加载...35
2020-02-21 18:12:31.325 24731-24731/com.docin.zlibrary.ui.android D/testPdfOpen: documentSid: YvSe1izbGUSuPGuPk9PG7WJP4SZgGRO4*UpTdLCZS4TpFjOrDPnCMH87M3OX3rPe
2020-02-21 18:12:31.392 24731-25459/com.docin.zlibrary.ui.android I/libmupdf: Rendered
2020-02-21 18:12:31.392 24731-25459/com.docin.zlibrary.ui.android I/libmupdf: PageWidth=1191
2020-02-21 18:12:31.392 24731-25459/com.docin.zlibrary.ui.android I/libmupdf: PageHeight=1684
2020-02-21 18:12:31.393 24731-25459/com.docin.zlibrary.ui.android I/libmupdf: In native method
2020-02-21 18:12:31.393 24731-25459/com.docin.zlibrary.ui.android I/libmupdf: Checking format
2020-02-21 18:12:31.393 24731-25459/com.docin.zlibrary.ui.android I/libmupdf: locking pixels
2020-02-21 18:12:31.393 24731-25459/com.docin.zlibrary.ui.android I/libmupdf: Rendering page(33)=1080x1527 patch=[0,0,1080,1527]
2020-02-21 18:12:31.425 677-1103/? W/hwcomposer: setGpuFreqBoost:160: boostGpuFreq release !
2020-02-21 18:12:31.460 867-1002/? W/ScreemCommon: processEntry, not beta version or commercial log off
2020-02-21 18:12:31.463 24731-25459/com.docin.zlibrary.ui.android I/libmupdf: Rendered
2020-02-21 18:12:31.464 24731-25459/com.docin.zlibrary.ui.android I/libmupdf: Drop page 32
2020-02-21 18:12:31.465 24731-25459/com.docin.zlibrary.ui.android I/libmupdf: Goto page 35...
2020-02-21 18:12:31.465 24731-25459/com.docin.zlibrary.ui.android I/libmupdf: Load page 35
2020-02-21 18:12:31.464 24731-24731/com.docin.zlibrary.ui.android W/com.huawei.fastapp: type=1400 audit(0.0:32480817): avc: granted { read } for pid=24731 comm=4173796E635461736B202335 name="page-35.docin" dev="sdcardfs" ino=274122 scontext=u:r:untrusted_app_27:s0:c512,c768 tcontext=u:object_r:sdcardfs:s0 tclass=file
2020-02-21 18:12:31.470 24731-25459/com.docin.zlibrary.ui.android I/libmupdf: PageWidth=1191
2020-02-21 18:12:31.470 24731-25459/com.docin.zlibrary.ui.android I/libmupdf: PageHeight=1684
2020-02-21 18:12:31.474 24731-24731/com.docin.zlibrary.ui.android D/testPdfOpen: PageView->setPage=35, size=PointF(1191.0, 1684.0)
2020-02-21 18:12:31.475 1417-1782/system_process E/WifiService: enforceCanAccessScanResults: hiding ssid and bssidUID 10221 has no location permission
2020-02-21 18:12:31.483 24731-25458/com.docin.zlibrary.ui.android I/libmupdf: PageWidth=1191
2020-02-21 18:12:31.483 24731-25458/com.docin.zlibrary.ui.android I/libmupdf: PageHeight=1684
2020-02-21 18:12:31.483 24731-25458/com.docin.zlibrary.ui.android I/libmupdf: In native method
2020-02-21 18:12:31.483 24731-25458/com.docin.zlibrary.ui.android I/libmupdf: Checking format
2020-02-21 18:12:31.483 24731-25458/com.docin.zlibrary.ui.android I/libmupdf: locking pixels
2020-02-21 18:12:31.483 24731-25458/com.docin.zlibrary.ui.android I/libmupdf: Rendering page(35)=1080x1527 patch=[0,0,1080,1527]
2020-02-21 18:12:31.514 24731-25458/com.docin.zlibrary.ui.android I/libmupdf: Rendered
2020-02-21 18:12:31.566 713-713/? E/WifiHAL: enter wifi_get_link_stats
2020-02-21 18:12:31.569 1417-1845/system_process E/WificondControl: Noise: 0, Snr: -75, Chload: 127
2020-02-21 18:12:31.573 1417-1845/system_process V/HwWifiServiceFactory: get AllImpl object = com.android.server.wifi.HwWifiServiceFactoryImpl@8180053
2020-02-21 18:12:31.579 1417-1845/system_process D/TelephonyManager: getAllCellInfo calling app is android
2020-02-21 18:12:31.580 2355-2820/? W/PhoneInterfaceManager: shouldBlockLocation running ...
2020-02-21 18:12:31.580 2355-2820/? I/PhoneInterfaceManager: shouldBlockLocation  ret:false
2020-02-21 18:12:31.608 53-53/? W/migration/7: type=1400 audit(0.0:32480819): avc: granted { setsched } for pid=53 scontext=u:r:kernel:s0 tcontext=u:r:kernel:s0 tclass=process
2020-02-21 18:12:31.664 677-1103/? W/hwcomposer: setGpuFreqBoost:155: boostGpuFreq succ !
2020-02-21 18:12:31.718 796-796/? E/aptouch_daemon: update_frame, thp_afe_get_frame return nullptr
2020-02-21 18:12:31.741 796-796/? I/aptouch_daemon: check_afe_status, idle in. 300
2020-02-21 18:12:31.791 796-796/? I/aptouch_daemon: check_afe_status, idle out.
2020-02-21 18:12:31.808 796-796/? I/aptouch_daemon: print_log, touch:1, down:1 (+0)
2020-02-21 18:12:31.809 1417-1818/system_process D/libfingersense_wrapper: Calling fingersense_classify_touch()
2020-02-21 18:12:31.812 1417-1818/system_process D/libfingersense_wrapper: fingersense_classify_touch() finished
2020-02-21 18:12:31.858 796-796/? I/aptouch_daemon: print_log, touch:0, down:0 
2020-02-21 18:12:31.859 24731-24731/com.docin.zlibrary.ui.android V/AudioManager: querySoundEffectsEnabled...
2020-02-21 18:12:31.865 24731-25459/com.docin.zlibrary.ui.android D/testPdfOpen: text: 苏州, page: 35
2020-02-21 18:12:31.865 24731-25459/com.docin.zlibrary.ui.android I/libmupdf: Native fun hksearch
2020-02-21 18:12:31.864 24731-24731/com.docin.zlibrary.ui.android W/com.huawei.fastapp: type=1400 audit(0.0:32480821): avc: granted { read } for pid=24731 comm=4173796E635461736B202335 name="page-35.docin" dev="sdcardfs" ino=274122 scontext=u:r:untrusted_app_27:s0:c512,c768 tcontext=u:object_r:sdcardfs:s0 tclass=file
2020-02-21 18:12:31.877 24731-25459/com.docin.zlibrary.ui.android I/libmupdf: Native fun finish
2020-02-21 18:12:31.877 24731-25459/com.docin.zlibrary.ui.android D/testPdfOpen: searchRects: 0
2020-02-21 18:12:31.877 24731-25459/com.docin.zlibrary.ui.android D/testPdfOpen: count: 0
2020-02-21 18:12:31.877 24731-25459/com.docin.zlibrary.ui.android D/testPdfOpen: text: 苏州, page: 36
2020-02-21 18:12:31.877 24731-25459/com.docin.zlibrary.ui.android I/libmupdf: Native fun hksearch
2020-02-21 18:12:31.888 24731-25459/com.docin.zlibrary.ui.android I/libmupdf: Native fun finish
2020-02-21 18:12:31.888 24731-25459/com.docin.zlibrary.ui.android D/testPdfOpen: searchRects: 0
2020-02-21 18:12:31.888 24731-25459/com.docin.zlibrary.ui.android D/testPdfOpen: count: 0
2020-02-21 18:12:31.888 24731-25459/com.docin.zlibrary.ui.android D/testPdfOpen: text: 苏州, page: 37
2020-02-21 18:12:31.888 24731-25459/com.docin.zlibrary.ui.android I/libmupdf: Native fun hksearch
2020-02-21 18:12:31.894 24731-25459/com.docin.zlibrary.ui.android I/libmupdf: Native fun finish
2020-02-21 18:12:31.894 24731-25459/com.docin.zlibrary.ui.android D/testPdfOpen: searchRects: 0
2020-02-21 18:12:31.894 24731-25459/com.docin.zlibrary.ui.android D/testPdfOpen: count: 0
2020-02-21 18:12:31.938 1417-1782/system_process D/ZrHung.AppEyeTransparentWindow: TransparentWindow mHungConfigStatus = 0,mHungConfigEnable = 1
2020-02-21 18:12:31.938 1417-1782/system_process V/WindowManager: addWindow: Window{837ad29 u0 com.docin.zlibrary.ui.android/com.docin.mupdf.MuPDFActivity}
2020-02-21 18:12:31.940 24731-24912/com.docin.zlibrary.ui.android D/OpenGLRenderer: disableOutlineDraw is true
2020-02-21 18:12:31.940 1417-1782/system_process E/InputDispatcher: Window handle WindowManager has no registered input channel
2020-02-21 18:12:31.944 677-1103/? W/hwcomposer: setGpuFreqBoost:160: boostGpuFreq release !
2020-02-21 18:12:31.944 24731-26280/com.docin.zlibrary.ui.android D/HiTouch_PressGestureDetector: onAttached, package=com.docin.zlibrary.ui.android, windowType=2, mHiTouchRestricted=false
2020-02-21 18:12:31.952 24731-24912/com.docin.zlibrary.ui.android D/mali_winsys: EGLint new_window_surface(egl_winsys_display *, void *, EGLSurface, EGLConfig, egl_winsys_surface **, EGLBoolean) returns 0x3000
2020-02-21 18:12:31.955 675-789/? I/GRALLOC: getCallingPid=719, shrFd=11,fmt=0x1,intFmt=0x1,btStrd=4352,size=1863680,pid=675 
    	 yuv=2,w=1048,h=428,Stride u=0 v=0,offset u=0 v=0 
    	 iova_size=1863680,conUsg=0xb00,proUsg=0xb00,	 strd=1088,[afbc]HdrStrd=0 PyldStrd=0 Scrmbl=0,ionhnd = 0 
2020-02-21 18:12:31.957 675-789/? I/GRALLOC: getCallingPid=719, shrFd=11,fmt=0x1,intFmt=0x1,btStrd=4352,size=1863680,pid=675 
    	 yuv=2,w=1048,h=428,Stride u=0 v=0,offset u=0 v=0 
    	 iova_size=1863680,conUsg=0xb00,proUsg=0xb00,	 strd=1088,[afbc]HdrStrd=0 PyldStrd=0 Scrmbl=0,ionhnd = 0 
2020-02-21 18:12:31.957 1417-1782/system_process E/InputDispatcher: Window handle WindowManager has no registered input channel
2020-02-21 18:12:31.959 675-675/? I/GRALLOC: getCallingPid=719, shrFd=13,fmt=0x1,intFmt=0x1,btStrd=4352,size=1863680,pid=675 
    	 yuv=2,w=1048,h=428,Stride u=0 v=0,offset u=0 v=0 
    	 iova_size=1863680,conUsg=0xb00,proUsg=0xb00,	 strd=1088,[afbc]HdrStrd=0 PyldStrd=0 Scrmbl=0,ionhnd = 0 
2020-02-21 18:12:31.974 1417-1782/system_process E/InputDispatcher: Window handle WindowManager has no registered input channel
2020-02-21 18:12:31.975 1417-1656/system_process I/StatusBarDisable: setFlags what=0 which=1 pkg=Window{837ad29 u0 com.docin.zlibrary.ui.android/com.docin.mupdf.MuPDFActivity}
2020-02-21 18:12:32.057 1417-1782/system_process I/chatty: uid=1000(system) Binder:1417_3 identical 5 lines
2020-02-21 18:12:32.073 1417-1782/system_process E/InputDispatcher: Window handle WindowManager has no registered input channel
2020-02-21 18:12:32.082 1417-1844/system_process I/TrafficMonitor: update:rxPkts:26,txPkts:26,rxBytes:23731,txBytes:1526
2020-02-21 18:12:32.082 1417-1844/system_process I/TrafficMonitor: start expired. level:2
2020-02-21 18:12:32.082 1417-1844/system_process I/TrafficMonitor: gettimer:interval=2000
2020-02-21 18:12:32.090 1417-1782/system_process E/InputDispatcher: Window handle WindowManager has no registered input channel
2020-02-21 18:12:32.241 1417-1782/system_process I/chatty: uid=1000(system) Binder:1417_3 identical 9 lines
2020-02-21 18:12:32.257 1417-1782/system_process E/InputDispatcher: Window handle WindowManager has no registered input channel
2020-02-21 18:12:32.325 851-851/? E/Thermal-daemon: [ap] temp_new :33  temp_old :32
2020-02-21 18:12:32.326 851-851/? E/Thermal-daemon: Report temperature: [ap] temp :33  report_threshold:1
2020-02-21 18:12:32.434 796-796/? E/aptouch_daemon: update_frame, thp_afe_get_frame return nullptr
2020-02-21 18:12:32.457 796-796/? I/aptouch_daemon: check_afe_status, idle in. 300
2020-02-21 18:12:32.628 1417-1435/system_process W/System: A resource failed to call release. 
