2020-02-21 18:12:32.641 1417-1782/system_process E/InputDispatcher: Window handle WindowManager has no registered input channel
2020-02-21 18:12:33.807 13118-26281/? I/HWBR-O-0111|AdBlockImpl: onUrlRequested ...
2020-02-21 18:12:33.828 914-1814/? D/motion@1.0-service: motion-hal Motion::readEvents motionType: 7
2020-02-21 18:12:33.829 914-1814/? D/motion@1.0-service: motion-hal Motion::readEvents motionType == MOTIONHUB_TYPE_ROTATION
2020-02-21 18:12:33.829 914-1814/? D/motion@1.0-service: motion-hal Motion::ReadMotionData motionResult->motion: 7
2020-02-21 18:12:33.829 914-1814/? D/motion@1.0-service: motion-hal Motion::ReadMotionData motionsData = 0: 1
2020-02-21 18:12:33.829 914-1814/? D/motion@1.0-service: motion-hal Motion::ReadMotionData motionsData = 1: -1
2020-02-21 18:12:33.829 914-930/? D/motion@1.0-service: pollMotionResult g_pollResultReturn = 2
2020-02-21 18:12:33.830 1417-1656/system_process I/HWExtDeviceManager: trigger onDeviceDataChanged : mListener : com.android.server.policy.HWExtMotionRotationProcessorEx$1@82a92f0,type : 700
2020-02-21 18:12:33.830 914-1814/? D/motion@1.0-service: g_motionPollResultReady::unlock out
2020-02-21 18:12:33.830 1417-1656/system_process D/HWEMRP: onDeviceDataChanged  proposedRotation:-1
2020-02-21 18:12:33.830 914-1814/? D/motion@1.0-service: ActMotionCb motionClientVector.size = 0
2020-02-21 18:12:33.830 914-1814/? D/motion@1.0-service: ActMotionCb out
2020-02-21 18:12:33.830 1417-1656/system_process D/HWEMRP: onDeviceDataChanged  oldProposedRotation:0
2020-02-21 18:12:33.898 914-1814/? D/motion@1.0-service: motion-hal Motion::readEvents motionType: 7
2020-02-21 18:12:33.898 914-1814/? D/motion@1.0-service: motion-hal Motion::readEvents motionType == MOTIONHUB_TYPE_ROTATION
2020-02-21 18:12:33.898 914-1814/? D/motion@1.0-service: motion-hal Motion::ReadMotionData motionResult->motion: 7
2020-02-21 18:12:33.898 914-1814/? D/motion@1.0-service: motion-hal Motion::ReadMotionData motionsData = 0: 1
2020-02-21 18:12:33.899 914-1814/? D/motion@1.0-service: motion-hal Motion::ReadMotionData motionsData = 1: 0
2020-02-21 18:12:33.899 914-930/? D/motion@1.0-service: pollMotionResult g_pollResultReturn = 2
2020-02-21 18:12:33.899 1417-1656/system_process I/HWExtDeviceManager: trigger onDeviceDataChanged : mListener : com.android.server.policy.HWExtMotionRotationProcessorEx$1@82a92f0,type : 700
2020-02-21 18:12:33.899 1417-1656/system_process D/HWEMRP: onDeviceDataChanged  proposedRotation:0
2020-02-21 18:12:33.899 1417-1656/system_process D/HWEMRP: onDeviceDataChanged  oldProposedRotation:-1
2020-02-21 18:12:33.899 1417-1656/system_process D/HWEMRP: notifyProposedRotation: 0
2020-02-21 18:12:33.900 914-1814/? D/motion@1.0-service: g_motionPollResultReady::unlock out
2020-02-21 18:12:33.900 914-1814/? D/motion@1.0-service: ActMotionCb motionClientVector.size = 0
2020-02-21 18:12:33.900 914-1814/? D/motion@1.0-service: ActMotionCb out
2020-02-21 18:12:33.980 1417-1782/system_process D/HwConnectivityServiceEx: set cache by key is 10216 interfaceName iswlan0 value is false
2020-02-21 18:12:34.038 914-1814/? D/motion@1.0-service: motion-hal Motion::readEvents motionType: 7
2020-02-21 18:12:34.038 914-1814/? D/motion@1.0-service: motion-hal Motion::readEvents motionType == MOTIONHUB_TYPE_ROTATION
2020-02-21 18:12:34.038 914-1814/? D/motion@1.0-service: motion-hal Motion::ReadMotionData motionResult->motion: 7
2020-02-21 18:12:34.038 914-1814/? D/motion@1.0-service: motion-hal Motion::ReadMotionData motionsData = 0: 1
2020-02-21 18:12:34.038 914-1814/? D/motion@1.0-service: motion-hal Motion::ReadMotionData motionsData = 1: -1
2020-02-21 18:12:34.039 914-930/? D/motion@1.0-service: pollMotionResult g_pollResultReturn = 2
2020-02-21 18:12:34.039 1417-1656/system_process I/HWExtDeviceManager: trigger onDeviceDataChanged : mListener : com.android.server.policy.HWExtMotionRotationProcessorEx$1@82a92f0,type : 700
2020-02-21 18:12:34.039 914-1814/? D/motion@1.0-service: g_motionPollResultReady::unlock out
2020-02-21 18:12:34.039 1417-1656/system_process D/HWEMRP: onDeviceDataChanged  proposedRotation:-1
2020-02-21 18:12:34.039 914-1814/? D/motion@1.0-service: ActMotionCb motionClientVector.size = 0
2020-02-21 18:12:34.039 914-1814/? D/motion@1.0-service: ActMotionCb out
2020-02-21 18:12:34.039 1417-1656/system_process D/HWEMRP: onDeviceDataChanged  oldProposedRotation:0
2020-02-21 18:12:34.087 1417-1844/system_process I/TrafficMonitor: update:rxPkts:4,txPkts:3,rxBytes:566,txBytes:2128
2020-02-21 18:12:34.087 1417-1844/system_process I/TrafficMonitor: start expired. level:-1
2020-02-21 18:12:34.087 1417-1844/system_process I/TrafficMonitor: gettimer:interval=2000
2020-02-21 18:12:34.108 914-1814/? D/motion@1.0-service: motion-hal Motion::readEvents motionType: 7
2020-02-21 18:12:34.108 914-1814/? D/motion@1.0-service: motion-hal Motion::readEvents motionType == MOTIONHUB_TYPE_ROTATION
2020-02-21 18:12:34.108 914-1814/? D/motion@1.0-service: motion-hal Motion::ReadMotionData motionResult->motion: 7
2020-02-21 18:12:34.108 914-1814/? D/motion@1.0-service: motion-hal Motion::ReadMotionData motionsData = 0: 1
2020-02-21 18:12:34.108 914-1814/? D/motion@1.0-service: motion-hal Motion::ReadMotionData motionsData = 1: 0
2020-02-21 18:12:34.109 914-930/? D/motion@1.0-service: pollMotionResult g_pollResultReturn = 2
2020-02-21 18:12:34.109 1417-1656/system_process I/HWExtDeviceManager: trigger onDeviceDataChanged : mListener : com.android.server.policy.HWExtMotionRotationProcessorEx$1@82a92f0,type : 700
2020-02-21 18:12:34.109 914-1814/? D/motion@1.0-service: g_motionPollResultReady::unlock out
2020-02-21 18:12:34.109 914-1814/? D/motion@1.0-service: ActMotionCb motionClientVector.size = 0
2020-02-21 18:12:34.109 914-1814/? D/motion@1.0-service: ActMotionCb out
2020-02-21 18:12:34.109 1417-1656/system_process D/HWEMRP: onDeviceDataChanged  proposedRotation:0
2020-02-21 18:12:34.109 1417-1656/system_process D/HWEMRP: onDeviceDataChanged  oldProposedRotation:-1
2020-02-21 18:12:34.109 1417-1656/system_process D/HWEMRP: notifyProposedRotation: 0
2020-02-21 18:12:34.248 914-1814/? D/motion@1.0-service: motion-hal Motion::readEvents motionType: 7
2020-02-21 18:12:34.248 914-1814/? D/motion@1.0-service: motion-hal Motion::readEvents motionType == MOTIONHUB_TYPE_ROTATION
2020-02-21 18:12:34.248 914-1814/? D/motion@1.0-service: motion-hal Motion::ReadMotionData motionResult->motion: 7
2020-02-21 18:12:34.248 914-1814/? D/motion@1.0-service: motion-hal Motion::ReadMotionData motionsData = 0: 1
2020-02-21 18:12:34.248 914-1814/? D/motion@1.0-service: motion-hal Motion::ReadMotionData motionsData = 1: -1
2020-02-21 18:12:34.248 914-930/? D/motion@1.0-service: pollMotionResult g_pollResultReturn = 2
2020-02-21 18:12:34.249 1417-1656/system_process I/HWExtDeviceManager: trigger onDeviceDataChanged : mListener : com.android.server.policy.HWExtMotionRotationProcessorEx$1@82a92f0,type : 700
2020-02-21 18:12:34.249 914-1814/? D/motion@1.0-service: g_motionPollResultReady::unlock out
2020-02-21 18:12:34.249 1417-1656/system_process D/HWEMRP: onDeviceDataChanged  proposedRotation:-1
2020-02-21 18:12:34.249 914-1814/? D/motion@1.0-service: ActMotionCb motionClientVector.size = 0
2020-02-21 18:12:34.249 1417-1656/system_process D/HWEMRP: onDeviceDataChanged  oldProposedRotation:0
2020-02-21 18:12:34.249 914-1814/? D/motion@1.0-service: ActMotionCb out
2020-02-21 18:12:34.318 914-1814/? D/motion@1.0-service: motion-hal Motion::readEvents motionType: 7
2020-02-21 18:12:34.318 914-1814/? D/motion@1.0-service: motion-hal Motion::readEvents motionType == MOTIONHUB_TYPE_ROTATION
2020-02-21 18:12:34.318 914-1814/? D/motion@1.0-service: motion-hal Motion::ReadMotionData motionResult->motion: 7
2020-02-21 18:12:34.318 914-1814/? D/motion@1.0-service: motion-hal Motion::ReadMotionData motionsData = 0: 1
2020-02-21 18:12:34.318 914-1814/? D/motion@1.0-service: motion-hal Motion::ReadMotionData motionsData = 1: 0
2020-02-21 18:12:34.319 914-931/? D/motion@1.0-service: pollMotionResult g_pollResultReturn = 2
2020-02-21 18:12:34.319 1417-1656/system_process I/HWExtDeviceManager: trigger onDeviceDataChanged : mListener : com.android.server.policy.HWExtMotionRotationProcessorEx$1@82a92f0,type : 700
2020-02-21 18:12:34.319 1417-1656/system_process D/HWEMRP: onDeviceDataChanged  proposedRotation:0
2020-02-21 18:12:34.319 1417-1656/system_process D/HWEMRP: onDeviceDataChanged  oldProposedRotation:-1
2020-02-21 18:12:34.319 1417-1656/system_process D/HWEMRP: notifyProposedRotation: 0
2020-02-21 18:12:34.320 914-1814/? D/motion@1.0-service: g_motionPollResultReady::unlock out
2020-02-21 18:12:34.320 914-1814/? D/motion@1.0-service: ActMotionCb motionClientVector.size = 0
2020-02-21 18:12:34.320 914-1814/? D/motion@1.0-service: ActMotionCb out
2020-02-21 18:12:34.528 914-1814/? D/motion@1.0-service: motion-hal Motion::readEvents motionType: 7
2020-02-21 18:12:34.528 914-1814/? D/motion@1.0-service: motion-hal Motion::readEvents motionType == MOTIONHUB_TYPE_ROTATION
2020-02-21 18:12:34.528 914-1814/? D/motion@1.0-service: motion-hal Motion::ReadMotionData motionResult->motion: 7
2020-02-21 18:12:34.528 914-1814/? D/motion@1.0-service: motion-hal Motion::ReadMotionData motionsData = 0: 1
2020-02-21 18:12:34.528 914-1814/? D/motion@1.0-service: motion-hal Motion::ReadMotionData motionsData = 1: -1
2020-02-21 18:12:34.528 914-931/? D/motion@1.0-service: pollMotionResult g_pollResultReturn = 2
2020-02-21 18:12:34.529 1417-1656/system_process I/HWExtDeviceManager: trigger onDeviceDataChanged : mListener : com.android.server.policy.HWExtMotionRotationProcessorEx$1@82a92f0,type : 700
2020-02-21 18:12:34.529 914-1814/? D/motion@1.0-service: g_motionPollResultReady::unlock out
2020-02-21 18:12:34.529 914-1814/? D/motion@1.0-service: ActMotionCb motionClientVector.size = 0
2020-02-21 18:12:34.529 914-1814/? D/motion@1.0-service: ActMotionCb out
2020-02-21 18:12:34.529 1417-1656/system_process D/HWEMRP: onDeviceDataChanged  proposedRotation:-1
2020-02-21 18:12:34.529 1417-1656/system_process D/HWEMRP: onDeviceDataChanged  oldProposedRotation:0
2020-02-21 18:12:34.590 713-713/? E/WifiHAL: enter wifi_get_link_stats
2020-02-21 18:12:34.594 1417-1845/system_process E/WificondControl: Noise: 0, Snr: -77, Chload: 70
2020-02-21 18:12:34.597 1417-1845/system_process V/HwWifiServiceFactory: get AllImpl object = com.android.server.wifi.HwWifiServiceFactoryImpl@8180053
2020-02-21 18:12:34.598 914-1814/? D/motion@1.0-service: motion-hal Motion::readEvents motionType: 7
2020-02-21 18:12:34.598 914-1814/? D/motion@1.0-service: motion-hal Motion::readEvents motionType == MOTIONHUB_TYPE_ROTATION
2020-02-21 18:12:34.598 914-1814/? D/motion@1.0-service: motion-hal Motion::ReadMotionData motionResult->motion: 7
2020-02-21 18:12:34.598 914-1814/? D/motion@1.0-service: motion-hal Motion::ReadMotionData motionsData = 0: 1
2020-02-21 18:12:34.598 914-1814/? D/motion@1.0-service: motion-hal Motion::ReadMotionData motionsData = 1: 0
2020-02-21 18:12:34.598 914-930/? D/motion@1.0-service: pollMotionResult g_pollResultReturn = 2
2020-02-21 18:12:34.599 1417-1656/system_process I/HWExtDeviceManager: trigger onDeviceDataChanged : mListener : com.android.server.policy.HWExtMotionRotationProcessorEx$1@82a92f0,type : 700
2020-02-21 18:12:34.599 914-1814/? D/motion@1.0-service: g_motionPollResultReady::unlock out
2020-02-21 18:12:34.599 1417-1656/system_process D/HWEMRP: onDeviceDataChanged  proposedRotation:0
2020-02-21 18:12:34.599 914-1814/? D/motion@1.0-service: ActMotionCb motionClientVector.size = 0
2020-02-21 18:12:34.599 1417-1656/system_process D/HWEMRP: onDeviceDataChanged  oldProposedRotation:-1
2020-02-21 18:12:34.599 914-1814/? D/motion@1.0-service: ActMotionCb out
2020-02-21 18:12:34.599 1417-1656/system_process D/HWEMRP: notifyProposedRotation: 0
2020-02-21 18:12:34.603 1417-1845/system_process D/TelephonyManager: getAllCellInfo calling app is android
2020-02-21 18:12:34.604 2355-2820/? W/PhoneInterfaceManager: shouldBlockLocation running ...
2020-02-21 18:12:34.604 2355-2820/? I/PhoneInterfaceManager: shouldBlockLocation  ret:false
2020-02-21 18:12:34.668 914-1814/? D/motion@1.0-service: motion-hal Motion::readEvents motionType: 7
2020-02-21 18:12:34.668 914-1814/? D/motion@1.0-service: motion-hal Motion::readEvents motionType == MOTIONHUB_TYPE_ROTATION
2020-02-21 18:12:34.668 914-1814/? D/motion@1.0-service: motion-hal Motion::ReadMotionData motionResult->motion: 7
2020-02-21 18:12:34.668 914-1814/? D/motion@1.0-service: motion-hal Motion::ReadMotionData motionsData = 0: 1
2020-02-21 18:12:34.668 914-1814/? D/motion@1.0-service: motion-hal Motion::ReadMotionData motionsData = 1: -1
2020-02-21 18:12:34.668 914-931/? D/motion@1.0-service: pollMotionResult g_pollResultReturn = 2
2020-02-21 18:12:34.669 1417-1656/system_process I/HWExtDeviceManager: trigger onDeviceDataChanged : mListener : com.android.server.policy.HWExtMotionRotationProcessorEx$1@82a92f0,type : 700
2020-02-21 18:12:34.669 1417-1656/system_process D/HWEMRP: onDeviceDataChanged  proposedRotation:-1
2020-02-21 18:12:34.669 1417-1656/system_process D/HWEMRP: onDeviceDataChanged  oldProposedRotation:0
2020-02-21 18:12:34.669 914-1814/? D/motion@1.0-service: g_motionPollResultReady::unlock out
2020-02-21 18:12:34.669 914-1814/? D/motion@1.0-service: ActMotionCb motionClientVector.size = 0
2020-02-21 18:12:34.669 914-1814/? D/motion@1.0-service: ActMotionCb out
2020-02-21 18:12:34.889 634-3651/? I/netd: trafficSwapActiveStatsMap() <35.70ms>
2020-02-21 18:12:34.895 1417-1782/system_process D/HwConnectivityServiceEx: set cache by key is 1000 interfaceName iswlan0 value is false
2020-02-21 18:12:34.896 1417-1782/system_process D/ConnectivityService: get Network state from cache, cacheBlock is 0
2020-02-21 18:12:35.080 1417-1844/system_process I/TrafficMonitor: expired arrive. level:-1
2020-02-21 18:12:35.080 1417-1844/system_process I/TrafficMonitor: during_ms:2005,period_ms:2000
2020-02-21 18:12:35.080 1417-1844/system_process I/TrafficMonitor: count:53,rx_sum:4,tx_sum:3,rxBytes:566,during_ms:2005,rx_speed:282.2942643391521,tx_speed:1061.3466334164589,rto:1.3333333333333333
2020-02-21 18:12:35.438 914-1814/? D/motion@1.0-service: motion-hal Motion::readEvents motionType: 7
2020-02-21 18:12:35.438 914-1814/? D/motion@1.0-service: motion-hal Motion::readEvents motionType == MOTIONHUB_TYPE_ROTATION
2020-02-21 18:12:35.439 914-1814/? D/motion@1.0-service: motion-hal Motion::ReadMotionData motionResult->motion: 7
2020-02-21 18:12:35.439 914-1814/? D/motion@1.0-service: motion-hal Motion::ReadMotionData motionsData = 0: 1
2020-02-21 18:12:35.439 914-1814/? D/motion@1.0-service: motion-hal Motion::ReadMotionData motionsData = 1: 0
2020-02-21 18:12:35.439 914-930/? D/motion@1.0-service: pollMotionResult g_pollResultReturn = 2
2020-02-21 18:12:35.439 1417-1656/system_process I/HWExtDeviceManager: trigger onDeviceDataChanged : mListener : com.android.server.policy.HWExtMotionRotationProcessorEx$1@82a92f0,type : 700
2020-02-21 18:12:35.439 914-1814/? D/motion@1.0-service: g_motionPollResultReady::unlock out
2020-02-21 18:12:35.439 1417-1656/system_process D/HWEMRP: onDeviceDataChanged  proposedRotation:0
2020-02-21 18:12:35.439 914-1814/? D/motion@1.0-service: ActMotionCb motionClientVector.size = 0
2020-02-21 18:12:35.440 914-1814/? D/motion@1.0-service: ActMotionCb out
2020-02-21 18:12:35.440 1417-1656/system_process D/HWEMRP: onDeviceDataChanged  oldProposedRotation:-1
2020-02-21 18:12:35.440 1417-1656/system_process D/HWEMRP: notifyProposedRotation: 0
2020-02-21 18:12:35.509 914-1814/? D/motion@1.0-service: motion-hal Motion::readEvents motionType: 7
2020-02-21 18:12:35.509 914-1814/? D/motion@1.0-service: motion-hal Motion::readEvents motionType == MOTIONHUB_TYPE_ROTATION
2020-02-21 18:12:35.509 914-1814/? D/motion@1.0-service: motion-hal Motion::ReadMotionData motionResult->motion: 7
2020-02-21 18:12:35.509 914-1814/? D/motion@1.0-service: motion-hal Motion::ReadMotionData motionsData = 0: 1
2020-02-21 18:12:35.509 914-1814/? D/motion@1.0-service: motion-hal Motion::ReadMotionData motionsData = 1: -1
2020-02-21 18:12:35.509 914-931/? D/motion@1.0-service: pollMotionResult g_pollResultReturn = 2
2020-02-21 18:12:35.509 1417-1656/system_process I/HWExtDeviceManager: trigger onDeviceDataChanged : mListener : com.android.server.policy.HWExtMotionRotationProcessorEx$1@82a92f0,type : 700
2020-02-21 18:12:35.509 1417-1656/system_process D/HWEMRP: onDeviceDataChanged  proposedRotation:-1
2020-02-21 18:12:35.509 1417-1656/system_process D/HWEMRP: onDeviceDataChanged  oldProposedRotation:0
2020-02-21 18:12:35.509 914-1814/? D/motion@1.0-service: g_motionPollResultReady::unlock out
2020-02-21 18:12:35.510 914-1814/? D/motion@1.0-service: ActMotionCb motionClientVector.size = 0
2020-02-21 18:12:35.510 914-1814/? D/motion@1.0-service: ActMotionCb out
2020-02-21 18:12:35.578 914-1814/? D/motion@1.0-service: motion-hal Motion::readEvents motionType: 7
2020-02-21 18:12:35.578 914-1814/? D/motion@1.0-service: motion-hal Motion::readEvents motionType == MOTIONHUB_TYPE_ROTATION
2020-02-21 18:12:35.578 914-1814/? D/motion@1.0-service: motion-hal Motion::ReadMotionData motionResult->motion: 7
2020-02-21 18:12:35.578 914-1814/? D/motion@1.0-service: motion-hal Motion::ReadMotionData motionsData = 0: 1
2020-02-21 18:12:35.578 914-1814/? D/motion@1.0-service: motion-hal Motion::ReadMotionData motionsData = 1: 0
2020-02-21 18:12:35.578 914-931/? D/motion@1.0-service: pollMotionResult g_pollResultReturn = 2
2020-02-21 18:12:35.579 1417-1656/system_process I/HWExtDeviceManager: trigger onDeviceDataChanged : mListener : com.android.server.policy.HWExtMotionRotationProcessorEx$1@82a92f0,type : 700
2020-02-21 18:12:35.579 914-1814/? D/motion@1.0-service: g_motionPollResultReady::unlock out
2020-02-21 18:12:35.579 1417-1656/system_process D/HWEMRP: onDeviceDataChanged  proposedRotation:0
2020-02-21 18:12:35.579 914-1814/? D/motion@1.0-service: ActMotionCb motionClientVector.size = 0
2020-02-21 18:12:35.579 1417-1656/system_process D/HWEMRP: onDeviceDataChanged  oldProposedRotation:-1
2020-02-21 18:12:35.579 914-1814/? D/motion@1.0-service: ActMotionCb out
2020-02-21 18:12:35.579 1417-1656/system_process D/HWEMRP: notifyProposedRotation: 0
2020-02-21 18:12:35.833 1417-24714/system_process W/AwareLog: AwareMem_Reclaim: generateCompressList procsGroups error!
2020-02-21 18:12:35.843 1417-24714/system_process W/AwareLog: AwareMem_Reclaim: getPssForPid error skip! procName=com.hpbr.bosszhipin
2020-02-21 18:12:35.844 1417-24714/system_process W/AwareLog: AwareMem_Reclaim: getPssForPid error skip! procName=com.huawei.hiai.engineservice
2020-02-21 18:12:35.881 2339-6400/? I/PGServer: getTopFrontApp. calling pkg: android
2020-02-21 18:12:35.992 1417-24714/system_process W/AwareLog: AwareMem_Reclaim: getPssForPid error skip! procName=com.huawei.appmarket
2020-02-21 18:12:36.033 2339-6400/? I/PGServer: getTopFrontApp. calling pkg: android
2020-02-21 18:12:36.039 796-796/? I/aptouch_daemon: check_afe_status, idle out.
2020-02-21 18:12:36.041 796-796/? I/aptouch_daemon: print_log, touch:1, down:1 (+0)
2020-02-21 18:12:36.041 1417-1818/system_process D/libfingersense_wrapper: Calling fingersense_classify_touch()
2020-02-21 18:12:36.045 1417-1818/system_process D/libfingersense_wrapper: fingersense_classify_touch() finished
2020-02-21 18:12:36.047 24731-24731/com.docin.zlibrary.ui.android W/Settings: Setting device_provisioned has moved from android.provider.Settings.Secure to android.provider.Settings.Global.
2020-02-21 18:12:36.047 24731-24731/com.docin.zlibrary.ui.android V/HiTouch_HiTouchSensor: User setup is finished.
2020-02-21 18:12:36.091 1417-1844/system_process I/TrafficMonitor: update:rxPkts:9,txPkts:16,rxBytes:503,txBytes:725
2020-02-21 18:12:36.091 1417-1844/system_process I/TrafficMonitor: start expired. level:-1
2020-02-21 18:12:36.091 1417-1844/system_process I/TrafficMonitor: gettimer:interval=2000
2020-02-21 18:12:36.122 796-796/? I/aptouch_daemon: print_log, touch:0, down:0 
2020-02-21 18:12:36.125 24731-24731/com.docin.zlibrary.ui.android V/AudioManager: querySoundEffectsEnabled...
2020-02-21 18:12:36.132 719-855/? E/BufferQueueProducer: [com.docin.zlibrary.ui.android/com.docin.mupdf.MuPDFActivity#1]:1338: disconnect: not connected (req=1)
2020-02-21 18:12:36.132 24731-24912/com.docin.zlibrary.ui.android W/libEGL: EGLNativeWindowType 0xbb3c68c8 disconnect failed
2020-02-21 18:12:36.133 1417-1782/system_process V/WindowManager: removeIfPossible: Window{837ad29 u0 com.docin.zlibrary.ui.android/com.docin.mupdf.MuPDFActivity} callers=com.android.server.wm.WindowState.removeIfPossible:5506492 com.android.server.wm.WindowManagerService.removeWindow:5504480 android.view.IWindowSession$Stub.onTransact:7509052 com.android.server.wm.Session.onTransact:6758608 android.os.Binder.execTransactInternal:8304892 
2020-02-21 18:12:36.135 1417-1782/system_process V/WindowManager: Not removing Window{837ad29 u0 com.docin.zlibrary.ui.android/com.docin.mupdf.MuPDFActivity EXITING} due to exit animation 
2020-02-21 18:12:36.136 1417-1782/system_process D/ZrHung.AppEyeTransparentWindow: TransparentWindow cancelCheckFreezeScreen
2020-02-21 18:12:36.136 1417-1782/system_process D/ZrHung.AppEyeTransparentWindow: TransparentWindow mHungConfigStatus = 0,mHungConfigEnable = 1
2020-02-21 18:12:36.138 1417-10287/system_process E/InputDispatcher: Window handle WindowManager has no registered input channel
2020-02-21 18:12:36.138 1417-10287/system_process E/InputDispatcher: Window handle Window{837ad29 u0 com.docin.zlibrary.ui.android/com.docin.mupdf.MuPDFActivity} has no registered input channel
2020-02-21 18:12:36.140 1417-1656/system_process I/StatusBarDisable: setFlags what=0 which=1 pkg=Window{7d67251 u0 com.docin.zlibrary.ui.android/com.docin.mupdf.MuPDFActivity}
2020-02-21 18:12:36.155 1417-10287/system_process E/InputDispatcher: Window handle WindowManager has no registered input channel
2020-02-21 18:12:36.155 1417-10287/system_process E/InputDispatcher: Window handle Window{837ad29 u0 com.docin.zlibrary.ui.android/com.docin.mupdf.MuPDFActivity} has no registered input channel
2020-02-21 18:12:36.169 634-3651/? I/netd: trafficSwapActiveStatsMap() <18.11ms>
2020-02-21 18:12:36.171 1417-10287/system_process E/InputDispatcher: Window handle WindowManager has no registered input channel
2020-02-21 18:12:36.176 2339-6596/? E/AppInfoMgr: not find pkgs by uid: 0
2020-02-21 18:12:36.176 2339-6596/? I/DownloadState: singleUid: 10221 [com.docin.zlibrary.ui.android] speed: 2459 real speed: 2438 (rxB:11416 txB:883 rxP:12 txP:16) scroff: false
2020-02-21 18:12:36.177 2339-6596/? I/DownloadState: singleUid: 10103 [com.huawei.browser] speed: 517 real speed: 512 (rxB:498 txB:2088 rxP:3 txP:2) scroff: false
2020-02-21 18:12:36.181 2339-6596/? I/DownloadState: shareUid: 1000 com.huawei.lbs transmitting data speed : 73 bytes/s (rxB:0 txB:365 rxP:0 txP:7 iface:1) scroff: false
2020-02-21 18:12:36.181 2339-6596/? I/DownloadState: shareUid: 0 default_socket transmitting data speed : 86 bytes/s (rxB:111 txB:320 rxP:2 txP:8 iface:1) scroff: false
2020-02-21 18:12:36.181 2339-6596/? I/DownloadState: shareUid: 0 /system/bin/init transmitting data speed : 24 bytes/s (rxB:0 txB:120 rxP:0 txP:3 iface:1) scroff: false
2020-02-21 18:12:36.181 2339-6596/? I/DownloadState: shareUid: 0 default_sk transmitting data speed : 113 bytes/s (rxB:568 txB:0 rxP:10 txP:0 iface:1) scroff: false
2020-02-21 18:12:36.188 1417-1782/system_process E/InputDispatcher: Window handle WindowManager has no registered input channel
2020-02-21 18:12:36.371 1417-1659/system_process V/WindowManager: Exit animation finished in Window{837ad29 u0 com.docin.zlibrary.ui.android/com.docin.mupdf.MuPDFActivity EXITING}: remove=true
2020-02-21 18:12:36.371 1417-1659/system_process E/WindowManager: win=Window{837ad29 u0 com.docin.zlibrary.ui.android/com.docin.mupdf.MuPDFActivity EXITING} destroySurfaces: appStopped=false win.mWindowRemovalAllowed=true win.mRemoveOnExit=true
2020-02-21 18:12:36.371 1417-1659/system_process V/WindowManager: postWindowRemoveCleanupLocked: Window{837ad29 u0 com.docin.zlibrary.ui.android/com.docin.mupdf.MuPDFActivity}
2020-02-21 18:12:36.371 1417-1659/system_process V/WindowManager: Removing Window{837ad29 u0 com.docin.zlibrary.ui.android/com.docin.mupdf.MuPDFActivity} from AppWindowToken{809946d token=Token{8a87b03 ActivityRecord{8b5e991 u0 com.docin.zlibrary.ui.android/com.docin.mupdf.MuPDFActivity t8965}}}
2020-02-21 18:12:36.405 1417-1782/system_process I/chatty: uid=1000(system) Binder:1417_3 identical 13 lines
2020-02-21 18:12:36.421 1417-1782/system_process E/InputDispatcher: Window handle WindowManager has no registered input channel
2020-02-21 18:12:36.545 677-1103/? W/hwcomposer: setGpuFreqBoost:155: boostGpuFreq succ !
2020-02-21 18:12:36.558 914-1814/? D/motion@1.0-service: motion-hal Motion::readEvents motionType: 7
2020-02-21 18:12:36.558 914-1814/? D/motion@1.0-service: motion-hal Motion::readEvents motionType == MOTIONHUB_TYPE_ROTATION
2020-02-21 18:12:36.558 914-1814/? D/motion@1.0-service: motion-hal Motion::ReadMotionData motionResult->motion: 7
2020-02-21 18:12:36.558 914-1814/? D/motion@1.0-service: motion-hal Motion::ReadMotionData motionsData = 0: 1
2020-02-21 18:12:36.558 914-1814/? D/motion@1.0-service: motion-hal Motion::ReadMotionData motionsData = 1: -1
2020-02-21 18:12:36.559 914-931/? D/motion@1.0-service: pollMotionResult g_pollResultReturn = 2
2020-02-21 18:12:36.560 1417-1656/system_process I/HWExtDeviceManager: trigger onDeviceDataChanged : mListener : com.android.server.policy.HWExtMotionRotationProcessorEx$1@82a92f0,type : 700
2020-02-21 18:12:36.560 1417-1656/system_process D/HWEMRP: onDeviceDataChanged  proposedRotation:-1
2020-02-21 18:12:36.560 1417-1656/system_process D/HWEMRP: onDeviceDataChanged  oldProposedRotation:0
2020-02-21 18:12:36.561 914-1814/? D/motion@1.0-service: g_motionPollResultReady::unlock out
2020-02-21 18:12:36.561 914-1814/? D/motion@1.0-service: ActMotionCb motionClientVector.size = 0
2020-02-21 18:12:36.561 914-1814/? D/motion@1.0-service: ActMotionCb out
2020-02-21 18:12:36.673 677-1103/? W/hwcomposer: setGpuFreqBoost:160: boostGpuFreq release !
2020-02-21 18:12:36.699 796-796/? E/aptouch_daemon: update_frame, thp_afe_get_frame return nullptr
2020-02-21 18:12:36.722 796-796/? I/aptouch_daemon: check_afe_status, idle in. 300
2020-02-21 18:12:36.792 677-1103/? W/hwcomposer: setGpuFreqBoost:155: boostGpuFreq succ !
2020-02-21 18:12:37.023 1417-1845/system_process E/WificondControl: Noise: 0, Snr: -77, Chload: 127
2020-02-21 18:12:37.026 1417-1844/system_process D/WiFi_PRO: MSG_RETURN_AP_CURRY_RSSI rssi = -39
2020-02-21 18:12:37.026 1417-1953/system_process I/HuaweiWifiWatchdogStateMachine: POta txb txg rxg:0, 49, 0. Lr =0% Totpkt=49
2020-02-21 18:12:37.026 1417-1844/system_process I/QosMonitor: queryRtt: rttType = 3
2020-02-21 18:12:37.026 1417-1844/system_process I/HwWifiProServiceProxy: ctrlHwWifiNetwork pkgName: WIFIPRO_SERVICE interfaceId: 8
2020-02-21 18:12:37.027 1417-26282/system_process I/HwUidTcpMonitor: TcpStatisticsRun run
2020-02-21 18:12:37.028 1417-1844/system_process I/QosMonitor: postEventFromNative: msg=100,arg1=4,arg2=10
2020-02-21 18:12:37.028 1417-1844/system_process I/HwWifiProServiceProxy: ctrlHwWifiNetwork pkgName: WIFIPRO_SERVICE interfaceId: 8
2020-02-21 18:12:37.029 1417-1844/system_process I/QosMonitor: postEventFromNative: msg=100,arg1=0,arg2=10
2020-02-21 18:12:37.029 1417-1844/system_process I/MQoS: rtt=200,tcpTxPkts=39409447,tcpRxPkts=60554779
2020-02-21 18:12:37.029 1417-1844/system_process I/QosMonitor: resetRtt: rttType = 3
2020-02-21 18:12:37.029 1417-26282/system_process I/HwWifiProServiceProxy: ctrlHwWifiNetwork pkgName: WIFIPRO_SERVICE interfaceId: 79
2020-02-21 18:12:37.029 1417-5909/system_process D/HwConnectivityServiceEx: set cache by key is 1000 interfaceName iswlan0 value is false
2020-02-21 18:12:37.030 1417-1844/system_process I/HwWifiProServiceProxy: ctrlHwWifiNetwork pkgName: WIFIPRO_SERVICE interfaceId: 8
2020-02-21 18:12:37.030 1417-26283/system_process I/HwWifiProServiceProxy: TcpStatisticsRun run
2020-02-21 18:12:37.031 1417-1953/system_process I/HuaweiWifiWatchdogStateMachine: PTcp RTT:200, rtt pkt=24, tcp_rx=29, tcp_tx=45, tcp_reTran=0, rtRate=0
2020-02-21 18:12:37.031 1417-1953/system_process D/HuaweiWifiWatchdogStateMachine: rssi bad, mrssi=-39 < TargetRssi=-30
2020-02-21 18:12:37.031 1417-26283/system_process D/HwWifiConnectivityMonitor: ENTER: notifyTopUidTcpInfo, tx = 23, rx = 23, reTx = 0, uid = 10221, tr = 0.0
2020-02-21 18:12:37.031 1417-26283/system_process D/HwWifiConnectivityMonitor: ENTER: notifyTopUidTcpInfo, rtt = 296, rttPkts = 4, aveRtt = 74.0, app = com.docin.zlibrary.ui.android
2020-02-21 18:12:37.031 1417-26283/system_process D/HwUidTcpMonitor: parseWlanUidTcpStatistics lastUidTcpStatInfo = [ mUid = 10221 mPacketName = com.docin.zlibrary.ui.android mSendSegs = 67850 mResendSegs = 38 mRcvSegs = 113137 ]
2020-02-21 18:12:37.031 1417-26283/system_process D/HwUidTcpMonitor: parseWlanUidTcpStatistics lastUidTcpStatInfo = [ mUid = 10103 mPacketName = com.huawei.browser mSendSegs = 44462 mResendSegs = 20 mRcvSegs = 58477 ]
2020-02-21 18:12:37.031 1417-1948/system_process D/HwWifiConnectivityMonitor: handleTopUidInternetStatusChanged, uid = 10221, status = 0
2020-02-21 18:12:37.034 1417-1948/system_process I/HwWifiProServiceProxy: ctrlHwWifiNetwork pkgName: WIFIPRO_SERVICE interfaceId: 9
2020-02-21 18:12:37.035 1417-5909/system_process I/MQoS: QOS_level:3(3),wifi-link;use signalLvl:3;RAT:4G
2020-02-21 18:12:37.173 677-1103/? W/hwcomposer: setGpuFreqBoost:160: boostGpuFreq release !
2020-02-21 18:12:37.295 677-1103/? W/hwcomposer: setGpuFreqBoost:155: boostGpuFreq succ !
2020-02-21 18:12:37.332 851-851/? E/Thermal-daemon: [ap] temp_new :32  temp_old :33
2020-02-21 18:12:37.333 851-851/? E/Thermal-daemon: Report temperature: [ap] temp :32  report_threshold:1
2020-02-21 18:12:37.611 713-713/? E/WifiHAL: enter wifi_get_link_stats
2020-02-21 18:12:37.613 1417-1845/system_process E/WificondControl: Noise: 0, Snr: -77, Chload: 127
2020-02-21 18:12:37.616 1417-1845/system_process V/HwWifiServiceFactory: get AllImpl object = com.android.server.wifi.HwWifiServiceFactoryImpl@8180053
2020-02-21 18:12:37.624 1417-1845/system_process D/TelephonyManager: getAllCellInfo calling app is android
2020-02-21 18:12:37.625 2355-2820/? W/PhoneInterfaceManager: shouldBlockLocation running ...
2020-02-21 18:12:37.625 2355-2820/? I/PhoneInterfaceManager: shouldBlockLocation  ret:false
2020-02-21 18:12:37.673 677-1103/? W/hwcomposer: setGpuFreqBoost:160: boostGpuFreq release !
2020-02-21 18:12:37.794 677-1103/? W/hwcomposer: setGpuFreqBoost:155: boostGpuFreq succ !
2020-02-21 18:12:38.094 1417-1844/system_process I/TrafficMonitor: update:rxPkts:7,txPkts:6,rxBytes:878,txBytes:2247
2020-02-21 18:12:38.094 1417-1844/system_process I/TrafficMonitor: start expired. level:-1
2020-02-21 18:12:38.094 1417-1844/system_process I/TrafficMonitor: gettimer:interval=2000
2020-02-21 18:12:38.172 677-1103/? W/hwcomposer: setGpuFreqBoost:160: boostGpuFreq release !
2020-02-21 18:12:38.294 677-1103/? W/hwcomposer: setGpuFreqBoost:155: boostGpuFreq succ !
2020-02-21 18:12:38.672 677-1103/? W/hwcomposer: setGpuFreqBoost:160: boostGpuFreq release !
2020-02-21 18:12:38.794 677-1103/? W/hwcomposer: setGpuFreqBoost:155: boostGpuFreq succ !
2020-02-21 18:12:38.809 13118-26284/? I/HWBR-O-0111|AdBlockImpl: onUrlRequested ...
